10-24 01:57:52.893   239   239 I         : .(6)[239:battery_thread][fgauge_read_columb_internal] CAR=4 r_fg_value=100 car_tune_value=1000
10-24 01:57:52.896   239   239 I         : .(6)[239:battery_thread][fgauge_read_current] final current=4010 (ratio=1000)
10-24 01:57:52.897   239   239 I         : .(6)[239:battery_thread][fgauge_read_current] final current=4010 (ratio=1000)
10-24 01:57:52.899   239   239 I         : .(6)[239:battery_thread][CH3_DBG] bat_cur = 4010
10-24 01:57:52.900   239   239 I         : .(6)[239:battery_thread][fgauge_read_current] final current=4023 (ratio=1000)
10-24 01:57:52.901   239   239 I         : .(6)[239:battery_thread][BattVoltToTemp] 805 100000 1800 -7
10-24 01:57:52.902   239   239 I         : .(6)[239:battery_thread][force_get_tbat] 812,805,1,402,100,295 r:75 100 0
10-24 01:57:52.903   239   239 I .(6)[239:battery_thread][force_get_tbat] t: 29 precise:295
10-24 01:57:52.904   239   239 I         : .(6)[239:battery_thread][fg_is_battery_exist] PMIC_RGS_BATON_UNDET = 1
10-24 01:57:52.905   239   239 I         : .(6)[239:battery_thread]GM3log1 173 173 3843 4010 -960 39270 -4 29 1 1 170 1 0
10-24 01:57:52.907   239   239 I         : .(6)[239:battery_thread]GM3log2 173 0 0 0 0 37835 0 0 4702
10-24 01:57:52.907   239   239 I         : .(6)[239:battery_thread]GM3log3 173 0 37444 0 0
10-24 01:57:52.908   239   239 I         : .(6)[239:battery_thread]GM3log4 0 40 0 0 31 0 0 1 1 0 34
10-24 01:57:52.909   239   239 I         : .(6)[239:battery_thread]GM3log int 173 173 0 0 0 0
10-24 01:57:52.910   239   239 I         : .(6)[239:battery_thread]GM3log phone_state 0 0
10-24 01:57:52.911   239   239 I .(6)[239:battery_thread]GM3 car: 4 car_diff:-8
10-24 01:57:52.911   239   239 I .(6)[239:battery_thread][fg_bat_nafg][fgauge_get_nafg_dltv] mV: Reg [16169:9812]
10-24 01:57:52.912   239   239 I         : .(6)[239:battery_thread][fg_bat_nafg][fgauge_get_nafg_cnt] 0 [25_16 0 15_0 0]
10-24 01:57:52.914   239   239 I .(6)[239:battery_thread][fg_bat_nafg][fgauge_get_nafg_c_dltv] mV: Reg[0:0][b10:0][26_16(0x0000) 15_00(0x0000)]
10-24 01:57:52.915   239   239 I         : .(6)[239:battery_thread]GM3log-nint-nafg 173 173 0 37830 16169 0 0
10-24 01:57:52.916   239   239 I         : .(6)[239:battery_thread]mtk_battery boot mode =2
10-24 01:57:52.917   239   239 I         : .(6)[239:battery_thread][wakeup_fg_algo_recovery] intr_num=0x2000000
10-24 01:57:53.221   342   342 W HidlServiceManagement: Waited one second for android.hardware.keymaster@4.0::IKeymasterDevice/default
10-24 01:57:53.222   331   331 I hwservicemanager: Since android.hardware.keymaster@4.0::IKeymasterDevice/default is not registered, trying to start it as a lazy HAL.
10-24 01:57:53.223   342   342 I HidlServiceManagement: getService: Trying again for android.hardware.keymaster@4.0::IKeymasterDevice/default...
10-24 01:57:53.224   331   782 W libc    : Unable to set property "ctl.interface_start" to "android.hardware.keymaster@4.0::IKeymasterDevice/default": error code: 0x20
10-24 01:57:54.006     0     0 I -(6)[0:swapper/6]mtk_charger_alarm_timer_func: not suspend, wake up charger
10-24 01:57:54.008   301   301 I         : .(4)[301:charger_thread][fgauge_read_current] final current=4089 (ratio=1000)
10-24 01:57:54.011   301   301 W -(4)[301:charger_thread]mt635x_auxadc_read_raw: 5 callbacks suppressed
10-24 01:57:54.011   301   301 I .(4)[301:charger_thread]mt635x-auxadc mt-pmic: mt635x-auxadc: name:ISENSE, channel=0, adc_out=0x5b18, adc_result=3843
10-24 01:57:54.014   301   301 I .(4)[301:charger_thread]mt635x-auxadc mt-pmic: mt635x-auxadc: name:VCDT, channel=2, adc_out=0x46c, adc_result=497
10-24 01:57:54.015   301   301 I         : .(4)[301:charger_thread][fgauge_read_current] final current=4023 (ratio=1000)
10-24 01:57:54.016   301   301 I         : .(4)[301:charger_thread][CH3_DBG] bat_cur = 4023
10-24 01:57:54.018   301   301 I .(4)[301:charger_thread]mt635x-auxadc mt-pmic: mt635x-auxadc: name:BAT_TEMP, channel=3, adc_out=0x739, adc_result=812
10-24 01:57:54.020   301   301 I         : .(4)[301:charger_thread][fgauge_read_current] final current=4067 (ratio=1000)
10-24 01:57:54.021   301   301 I         : .(4)[301:charger_thread][BattVoltToTemp] 805 100000 1800 -7
10-24 01:57:54.022   301   301 I         : .(4)[301:charger_thread][force_get_tbat] 812,805,1,406,100,295 r:75 100 0
10-24 01:57:54.023   301   301 I .(4)[301:charger_thread][force_get_tbat] t: 29 precise:295
10-24 01:57:54.024   301   301 I .(4)[301:charger_thread]Vbat=3843,Ibat=4089,I=0,VChr=4702,T=29,Soc=34: 40,CT:1:1 hv:1 pd:0:0
10-24 01:57:54.025   515   515 E         : .(4)[515:kworker/4:2][NVT-ts] nvt_ts_usb_plugin_work_func 205: ++
10-24 01:57:54.026   301   301 I .(6)[301:charger_thread]mtk_charger_start_timer: alarm timer start:0, 184 348958009
10-24 01:57:54.026   301   301 I         : -(6)[301:charger_thread]alarmtimer_enqueue, 184348958009
10-24 01:57:54.026   301   301 I         : .(6)[301:charger_thread][fgauge_read_current] final current=4051 (ratio=1000)
10-24 01:57:54.026   301   301 I         : .(6)[301:charger_thread][CH3_DBG] bat_cur = 4051
10-24 01:57:54.026   301   301 I .(6)[301:charger_thread]mt635x-auxadc mt-pmic: mt635x-auxadc: name:BAT_TEMP, channel=3, adc_out=0x73a, adc_result=812
10-24 01:57:54.027   301   301 I         : .(6)[301:charger_thread][fgauge_read_current] final current=4051 (ratio=1000)
10-24 01:57:54.027   301   301 I         : .(6)[301:charger_thread][BattVoltToTemp] 805 100000 1800 -7
10-24 01:57:54.027   301   301 I         : .(6)[301:charger_thread][force_get_tbat] 812,805,1,405,100,295 r:75 100 0
10-24 01:57:54.027   301   301 I .(6)[301:charger_thread][force_get_tbat] t: 29 precise:295
10-24 01:57:54.027   301   301 I         : .(6)[301:charger_thread][fg_is_battery_exist] PMIC_RGS_BATON_UNDET = 1
10-24 01:57:54.027   301   301 I chatty  : uid=1036(auditd) identical 1 line
10-24 01:57:54.027   301   301 I         : .(6)[301:charger_thread][fg_is_battery_exist] PMIC_RGS_BATON_UNDET = 1
10-24 01:57:54.027   301   301 I         : .(6)[301:charger_thread][SW_JEITA] Battery Normal Temperature between 17 and 50 !!
10-24 01:57:54.027   301   301 I .(6)[301:charger_thread][SW_JEITA]preState: 3 newState:3 tmp:29 cv:4420000
10-24 01:57:54.027   301   301 I .(6)[301:charger_thread]mt635x-auxadc mt-pmic: mt635x-auxadc: name:VCDT, channel=2, adc_out=0x46b, adc_result=497
10-24 01:57:54.028   301   301 I .(6)[301:charger_thread]tmp: 29 (jeita:1 sm:3 cv:4420000 en:1) (sm:1) en:1 c:0 s:0 ov:0 1 1
10-24 01:57:54.028   301   301 I         : .(6)[301:charger_thread]mtk_switch_charging_run [1 0], timer=40
10-24 01:57:54.028   301   301 I         : .(6)[301:charger_thread][fgauge_read_current] final current=4061 (ratio=1000)
10-24 01:57:54.028   301   301 I         : .(6)[301:charger_thread][CH3_DBG] bat_cur = 4061
10-24 01:57:54.029   301   301 I         : .(6)[301:charger_thread][fgauge_read_current] final current=4051 (ratio=1000)
10-24 01:57:54.029   301   301 I         : .(6)[301:charger_thread][BattVoltToTemp] 805 100000 1800 -7
10-24 01:57:54.029   301   301 I         : .(6)[301:charger_thread][force_get_tbat] 812,805,1,405,100,295 r:75 100 0
10-24 01:57:54.029   301   301 I .(6)[301:charger_thread][force_get_tbat] t: 29 precise:295
10-24 01:57:54.029   301   301 I .(6)[301:charger_thread]pe40_ready: 0 hv:1 thermal:-1,-1 tmp:29,39,16 pps:0 en:0 ibus:0 80
10-24 01:57:54.029   301   301 I .(6)[301:charger_thread]mtk_pe20_start_algorithm: stop, PE+20 is not connected
10-24 01:57:54.029   301   301 I .(6)[301:charger_thread]mtk_pe_start_algorithm: stop, PE+ is not connected
10-24 01:57:54.029   301   301 I .(6)[301:charger_thread]mtk_pe_start_algorithm: vchr_org = 5000, vchr_after = 4702, delta = -298
10-24 01:57:54.029   301   301 I .(6)[301:charger_thread]force: 0 thermal:-1,-1 pe4:-1,-1,0 setting:500 500 type:1 usb_unlimited:0 usbif:0 usbsm:2 aicl:-1 atm:0
10-24 01:57:54.032   301   301 E .(6)[301:charger_thread][bq2560x]: bq2560x_set_ichg: [bq2560x_set_ichg] current has set!
10-24 01:57:54.032   301   301 I         : .(6)[301:charger_thread]enable_sw_jeita,current=500000
10-24 01:57:54.034   301   301 E .(6)[301:charger_thread][bq2560x]: bq2560x_charging: enable charger successfully
10-24 01:57:54.039   301   301 E .(6)[301:charger_thread][bq2560x]: bq2560x_charging: enable charger successfully
10-24 01:57:54.042   301   301 E .(6)[301:charger_thread][bq2560x]: bq2560x_dump_regs: Reg[00] = 0x64
10-24 01:57:54.043   301   301 E .(6)[301:charger_thread][bq2560x]: bq2560x_dump_regs: Reg[01] = 0x1a
10-24 01:57:54.044   301   301 E .(6)[301:charger_thread][bq2560x]: bq2560x_dump_regs: Reg[02] = 0x88
10-24 01:57:54.044   301   301 E .(6)[301:charger_thread][bq2560x]: bq2560x_dump_regs: Reg[03] = 0x23
10-24 01:57:54.045   301   301 E .(6)[301:charger_thread][bq2560x]: bq2560x_dump_regs: Reg[04] = 0x88
10-24 01:57:54.045   301   301 E .(6)[301:charger_thread][bq2560x]: bq2560x_dump_regs: Reg[05] = 0x87
10-24 01:57:54.046   301   301 E .(7)[301:charger_thread][bq2560x]: bq2560x_dump_regs: Reg[06] = 0x66
10-24 01:57:54.047   301   301 E .(7)[301:charger_thread][bq2560x]: bq2560x_dump_regs: Reg[07] = 0x4d
10-24 01:57:54.048   301   301 E .(7)[301:charger_thread][bq2560x]: bq2560x_dump_regs: Reg[08] = 0x54
10-24 01:57:54.049   301   301 E .(7)[301:charger_thread][bq2560x]: bq2560x_dump_regs: Reg[09] = 0x00
10-24 01:57:54.050   301   301 E .(7)[301:charger_thread][bq2560x]: bq2560x_dump_regs: Reg[0a] = 0xa3
10-24 01:57:54.051   301   301 E .(7)[301:charger_thread][bq2560x]: bq2560x_dump_regs: Reg[0b] = 0x14
10-24 01:57:54.072   515   515 E         : .(4)[515:kworker/4:2][NVT-ts] nvt_ts_usb_plugin_work_func 207: usb_plugged_in = 1
10-24 01:57:54.117   515   515 E         : .(4)[515:kworker/4:2][NVT-ts] nvt_ts_usb_plugin_work_func 232: --
10-24 01:57:54.224   342   342 W HidlServiceManagement: Waited one second for android.hardware.keymaster@4.0::IKeymasterDevice/default
10-24 01:57:54.224   331   331 I hwservicemanager: Since android.hardware.keymaster@4.0::IKeymasterDevice/default is not registered, trying to start it as a lazy HAL.
10-24 01:57:54.225   342   342 I HidlServiceManagement: getService: Trying again for android.hardware.keymaster@4.0::IKeymasterDevice/default...
10-24 01:57:54.226   331   783 W libc    : Unable to set property "ctl.interface_start" to "android.hardware.keymaster@4.0::IKeymasterDevice/default": error code: 0x20
10-24 01:57:54.233   107   107 I         : .(5)[107:dlpt_notify_thr][MDRT_ADC] OLD = 0x3808, NOW = 0x3821, CNT = 0
10-24 01:57:54.234   107   107 I         : .(5)[107:dlpt_notify_thr][PBM] [ma_to_mw] 3880(mV) * 3922(mA) = 15217(mW)
10-24 01:57:54.235   107   107 I         : .(5)[107:dlpt_notify_thr][DLPT_final] 3922,40,40,1,5500
10-24 01:57:54.794     1     1 I .(6)[1:init]: starting service 'teei_daemon'...
10-24 01:57:54.798     1     1 E .(6)[1:init]libprocessgroup: CgroupMap::FindController called for [1] failed, RC file was not initialized properly
10-24 01:57:54.799   784   784 E .(4)[784:init]libprocessgroup: CgroupMap::FindController called for [784] failed, RC file was not initialized properly
10-24 01:57:54.799   784   784 E .(4)[784:init]: cpuset cgroup controller is not mounted!
10-24 01:57:54.802   784   784 F linker  : CANNOT LINK EXECUTABLE "/sbin/teei_daemon": library "libimsg_log.so" not found: needed by main executable
10-24 01:57:54.809     1     1 I .(4)[1:init]: Service 'teei_daemon' (pid 784) exited with status 1
10-24 01:57:54.810     1     1 I .(4)[1:init]: Sending signal 9 to service 'teei_daemon' (pid 784) process group...
10-24 01:57:54.811     1     1 E .(4)[1:init]libprocessgroup: CgroupMap::FindController called for [1] failed, RC file was not initialized properly
10-24 01:57:54.813     1     1 E .(4)[1:init]libprocessgroup: CgroupMap::FindController called for [1] failed, RC file was not initialized properly
10-24 01:57:54.962     0     0 I         : -(0)[0:swapper/0]tick broadcast enter counter cpu: 281, 5, 0, 0, 91, 65, 93, 49, success counter cpu: 18, 0, 0, 0, 27, 9, 29, 15, fail counter cpu: 0, 0, 0, 0, 0, 0, 0, 0, interrupt counter cpu: 56, 5, 0, 0, 50, 22, 46, 17, o: 1-4,6-7, p: , f: , t:  175286065317, 175804000000, 184367156932, 184367167163, 175836000000, 175288000000, 175372000000, 175836000000,
10-24 01:57:55.024     1     1 E .(5)[1:init]libprocessgroup: Failed to kill process cgroup uid 0 pid 784 in 209ms, 1 processes remain
10-24 01:57:55.027     1     1 I .(6)[1:init]: starting service 'gatekeeper-1-0'...
10-24 01:57:55.043   786   786 F linker  : CANNOT LINK EXECUTABLE "/sbin/android.hardware.keymaster@4.0-service.beanpod": library "libkeymaster4.so" not found: needed by main executable
10-24 01:57:55.053   785   785 E cutils-trace: Error opening trace file: No such file or directory (2)
10-24 01:57:55.054   331   331 I hwservicemanager: getFrameworkHalManifest: Reading VINTF information.
10-24 01:57:55.054   331   331 W hwservicemanager: Cannot fetch /system/etc/vintf/manifest.xml: Cannot read /system/etc/vintf/manifest.xml: No such file or directory
10-24 01:57:55.054   331   331 E hwservicemanager: getFrameworkHalManifest: status from fetching VINTF information: -2
10-24 01:57:55.054   331   331 E hwservicemanager: getFrameworkHalManifest: -2 VINTF parse error: Cannot read /system/manifest.xml: No such file or directory
10-24 01:57:55.054   785   785 E HidlServiceManagement: getService: Potential race detected. The VINTF manifest is not being enforced. If a HAL server has a delay in starting and it is not in the manifest, it will not be retrieved. Please make sure all HALs on this device are in the VINTF manifest and enable PRODUCT_ENFORCE_VINTF_MANIFEST on this device (this is also enabled by PRODUCT_FULL_TREBLE). PRODUCT_ENFORCE_VINTF_MANIFEST will ensure that no race condition is possible here.
10-24 01:57:55.226   342   342 W HidlServiceManagement: Waited one second for android.hardware.keymaster@4.0::IKeymasterDevice/default
10-24 01:57:55.226   331   331 I hwservicemanager: Since android.hardware.keymaster@4.0::IKeymasterDevice/default is not registered, trying to start it as a lazy HAL.
10-24 01:57:55.227   342   342 I HidlServiceManagement: getService: Trying again for android.hardware.keymaster@4.0::IKeymasterDevice/default...
10-24 01:57:55.253   331   787 W libc    : Unable to set property "ctl.interface_start" to "android.hardware.keymaster@4.0::IKeymasterDevice/default": error code: 0x20
10-24 01:57:55.513   251   251 I         : .(6)[251:kworker/u16:5][fgauge_read_current] final current=4083 (ratio=1000)
10-24 01:57:55.514   634   634 I         : .(7)[634:kworker/u16:6][Thermal/TZ/BTS]wakeup_ta_algo out of memory
10-24 01:57:55.514   102   102 W -(5)[102:kworker/u16:2]mt635x_auxadc_read_raw: 5 callbacks suppressed
10-24 01:57:55.514   102   102 I .(5)[102:kworker/u16:2]mt635x-auxadc mt-pmic: mt635x-auxadc: name:VCORE_TEMP, channel=4, adc_out=0x5f6, adc_result=670
10-24 01:57:55.514   249   249 I .(4)[249:kworker/u16:3]mt635x-auxadc mt-pmic: mt635x-auxadc: name:VPROC_TEMP, channel=4, adc_out=0x5ee, adc_result=667
10-24 01:57:55.520   251   251 I         : .(6)[251:kworker/u16:5][CH3_DBG] bat_cur = 4083
10-24 01:57:55.521   251   251 I .(6)[251:kworker/u16:5]mt635x-auxadc mt-pmic: mt635x-auxadc: name:BAT_TEMP, channel=3, adc_out=0x73a, adc_result=812
10-24 01:57:55.522   251   251 I         : .(6)[251:kworker/u16:5][fgauge_read_current] final current=4054 (ratio=1000)
10-24 01:57:55.523   251   251 I         : .(6)[251:kworker/u16:5][BattVoltToTemp] 805 100000 1800 -7
10-24 01:57:55.524   251   251 I         : .(6)[251:kworker/u16:5][force_get_tbat] 812,805,1,405,100,295 r:75 100 0
10-24 01:57:55.525   251   251 I .(6)[251:kworker/u16:5][force_get_tbat] t: 29 precise:295
10-24 01:57:56.055   785   785 E android.hardware.gatekeeper@1.0-service: Could not get passthrough implementation for android.hardware.gatekeeper@1.0::IGatekeeper/default.
10-24 01:57:56.228   342   342 W HidlServiceManagement: Waited one second for android.hardware.keymaster@4.0::IKeymasterDevice/default
10-24 01:57:56.229   331   331 I hwservicemanager: Since android.hardware.keymaster@4.0::IKeymasterDevice/default is not registered, trying to start it as a lazy HAL.
10-24 01:57:56.229   342   342 I HidlServiceManagement: getService: Trying again for android.hardware.keymaster@4.0::IKeymasterDevice/default...
10-24 01:57:56.271   331   788 W libc    : Unable to set property "ctl.interface_start" to "android.hardware.keymaster@4.0::IKeymasterDevice/default": error code: 0x20
10-24 01:57:56.668     0     0 I .(0)[0:swapper/0]Power/swap DP: No enter --- SODI3: No enter --- SODI: No enter ---
10-24 01:57:56.670     0     0 I .(0)[0:swapper/0]mcdi cpu: 285, 5, 0, 0, 112, 54, 52, 43, cluster : 289, 69, pause = 330, multi core = 24, latency = 0, residency = 1, last core = 330, avail cpu = 00ff, cluster = 0003, enabled = 1, max_s_state = 5, system_idle_hint = 00000000
10-24 01:57:57.230   342   342 W HidlServiceManagement: Waited one second for android.hardware.keymaster@4.0::IKeymasterDevice/default
10-24 01:57:57.231   331   331 I hwservicemanager: Since android.hardware.keymaster@4.0::IKeymasterDevice/default is not registered, trying to start it as a lazy HAL.
10-24 01:57:57.231   342   342 I HidlServiceManagement: getService: Trying again for android.hardware.keymaster@4.0::IKeymasterDevice/default...
10-24 01:57:57.233   331   790 W libc    : Unable to set property "ctl.interface_start" to "android.hardware.keymaster@4.0::IKeymasterDevice/default": error code: 0x20
10-24 01:57:58.232   342   342 W HidlServiceManagement: Waited one second for android.hardware.keymaster@4.0::IKeymasterDevice/default
10-24 01:57:58.233   331   331 I hwservicemanager: Since android.hardware.keymaster@4.0::IKeymasterDevice/default is not registered, trying to start it as a lazy HAL.
10-24 01:57:58.233   342   342 I HidlServiceManagement: getService: Trying again for android.hardware.keymaster@4.0::IKeymasterDevice/default...
10-24 01:57:58.235   331   791 W libc    : Unable to set property "ctl.interface_start" to "android.hardware.keymaster@4.0::IKeymasterDevice/default": error code: 0x20
10-24 01:57:58.585   249   249 I .(6)[249:kworker/u16:3][SCP] scp_ipi_send: SCP A not ready
10-24 01:57:58.586   249   249 E         : .(6)[249:kworker/u16:3][sensorHub] scp_ipi_send fail
10-24 01:57:58.587   246   246 E         : .(1)[246:kworker/1:2][sensorHub] scp_sensorHub_req_send fail!
10-24 01:57:59.234   342   342 W HidlServiceManagement: Waited one second for android.hardware.keymaster@4.0::IKeymasterDevice/default
10-24 01:57:59.235   331   331 I hwservicemanager: Since android.hardware.keymaster@4.0::IKeymasterDevice/default is not registered, trying to start it as a lazy HAL.
10-24 01:57:59.236   342   342 I HidlServiceManagement: getService: Trying again for android.hardware.keymaster@4.0::IKeymasterDevice/default...
10-24 01:57:59.237   331   792 W libc    : Unable to set property "ctl.interface_start" to "android.hardware.keymaster@4.0::IKeymasterDevice/default": error code: 0x20
10-24 01:57:59.799     1     1 I .(7)[1:init]: starting service 'teei_daemon'...
10-24 01:57:59.804     1     1 E .(7)[1:init]libprocessgroup: CgroupMap::FindController called for [1] failed, RC file was not initialized properly
10-24 01:57:59.804   793   793 E .(4)[793:init]libprocessgroup: CgroupMap::FindController called for [793] failed, RC file was not initialized properly
10-24 01:57:59.804   793   793 E .(4)[793:init]: cpuset cgroup controller is not mounted!
10-24 01:57:59.808   793   793 F linker  : CANNOT LINK EXECUTABLE "/sbin/teei_daemon": library "libimsg_log.so" not found: needed by main executable
10-24 01:57:59.814     1     1 I .(6)[1:init]: Service 'teei_daemon' (pid 793) exited with status 1
10-24 01:57:59.815     1     1 I .(6)[1:init]: Sending signal 9 to service 'teei_daemon' (pid 793) process group...
10-24 01:57:59.816     1     1 E .(6)[1:init]libprocessgroup: CgroupMap::FindController called for [1] failed, RC file was not initialized properly
10-24 01:57:59.818     1     1 E .(6)[1:init]libprocessgroup: CgroupMap::FindController called for [1] failed, RC file was not initialized properly
10-24 01:57:59.965     0     0 I         : -(4)[0:swapper/4]tick broadcast enter counter cpu: 294, 7, 0, 0, 115, 78, 73, 25, success counter cpu: 19, 0, 0, 0, 43, 3, 11, 0, fail counter cpu: 0, 0, 0, 0, 0, 0, 0, 0, interrupt counter cpu: 58, 6, 0, 0, 60, 23, 20, 6, o: 0-3,5,7, p: , f: 4, t:  180296401087, 180828000000, 184367156932, 184367167163, 180288000000, 180415453240, 180289672702, 180956000000,
10-24 01:58:00.029     1     1 E .(6)[1:init]libprocessgroup: Failed to kill process cgroup uid 0 pid 793 in 209ms, 1 processes remain
10-24 01:58:00.032     1     1 I .(4)[1:init]: starting service 'gatekeeper-1-0'...
10-24 01:58:00.048   795   795 F linker  : CANNOT LINK EXECUTABLE "/sbin/android.hardware.keymaster@4.0-service.beanpod": library "libkeymaster4.so" not found: needed by main executable
10-24 01:58:00.065   794   794 E cutils-trace: Error opening trace file: No such file or directory (2)
10-24 01:58:00.067   331   331 I hwservicemanager: getFrameworkHalManifest: Reading VINTF information.
10-24 01:58:00.067   331   331 W hwservicemanager: Cannot fetch /system/etc/vintf/manifest.xml: Cannot read /system/etc/vintf/manifest.xml: No such file or directory
10-24 01:58:00.067   331   331 E hwservicemanager: getFrameworkHalManifest: status from fetching VINTF information: -2
10-24 01:58:00.067   331   331 E hwservicemanager: getFrameworkHalManifest: -2 VINTF parse error: Cannot read /system/manifest.xml: No such file or directory
10-24 01:58:00.068   794   794 E HidlServiceManagement: getService: Potential race detected. The VINTF manifest is not being enforced. If a HAL server has a delay in starting and it is not in the manifest, it will not be retrieved. Please make sure all HALs on this device are in the VINTF manifest and enable PRODUCT_ENFORCE_VINTF_MANIFEST on this device (this is also enabled by PRODUCT_FULL_TREBLE). PRODUCT_ENFORCE_VINTF_MANIFEST will ensure that no race condition is possible here.
10-24 01:58:00.236   342   342 W HidlServiceManagement: Waited one second for android.hardware.keymaster@4.0::IKeymasterDevice/default
10-24 01:58:00.237   331   331 I hwservicemanager: Since android.hardware.keymaster@4.0::IKeymasterDevice/default is not registered, trying to start it as a lazy HAL.
10-24 01:58:00.238   342   342 I HidlServiceManagement: getService: Trying again for android.hardware.keymaster@4.0::IKeymasterDevice/default...
10-24 01:58:00.261   331   796 W libc    : Unable to set property "ctl.interface_start" to "android.hardware.keymaster@4.0::IKeymasterDevice/default": error code: 0x20
10-24 01:58:00.634   249   249 I .(4)[249:kworker/u16:3]mt635x-auxadc mt-pmic: mt635x-auxadc: name:VPROC_TEMP, channel=4, adc_out=0x5ed, adc_result=666
10-24 01:58:00.634   250   250 I         : .(5)[250:kworker/u16:4][Thermal/TZ/BTS]wakeup_ta_algo out of memory
10-24 01:58:00.634   102   102 I         : .(6)[102:kworker/u16:2][fgauge_read_current] final current=4256 (ratio=1000)
10-24 01:58:00.634   102   102 I         : .(6)[102:kworker/u16:2][CH3_DBG] bat_cur = 4256
10-24 01:58:00.639   102   102 I .(6)[102:kworker/u16:2]mt635x-auxadc mt-pmic: mt635x-auxadc: name:BAT_TEMP, channel=3, adc_out=0x73b, adc_result=813
10-24 01:58:00.640   102   102 I         : .(6)[102:kworker/u16:2][fgauge_read_current] final current=4174 (ratio=1000)
10-24 01:58:00.641   251   251 I .(4)[251:kworker/u16:5]mt635x-auxadc mt-pmic: mt635x-auxadc: name:VCORE_TEMP, channel=4, adc_out=0x5f6, adc_result=670
10-24 01:58:00.643   102   102 I         : .(6)[102:kworker/u16:2][BattVoltToTemp] 806 100000 1800 -7
10-24 01:58:00.644   102   102 I         : .(6)[102:kworker/u16:2][force_get_tbat] 813,806,1,417,100,295 r:75 100 0
10-24 01:58:00.645   102   102 I .(6)[102:kworker/u16:2][force_get_tbat] t: 29 precise:295
10-24 01:58:01.069   794   794 E android.hardware.gatekeeper@1.0-service: Could not get passthrough implementation for android.hardware.gatekeeper@1.0::IGatekeeper/default.
10-24 01:58:01.238   342   342 W HidlServiceManagement: Waited one second for android.hardware.keymaster@4.0::IKeymasterDevice/default
10-24 01:58:01.239   331   331 I hwservicemanager: Since android.hardware.keymaster@4.0::IKeymasterDevice/default is not registered, trying to start it as a lazy HAL.
10-24 01:58:01.240   342   342 I HidlServiceManagement: getService: Trying again for android.hardware.keymaster@4.0::IKeymasterDevice/default...
10-24 01:58:01.284   331   797 W libc    : Unable to set property "ctl.interface_start" to "android.hardware.keymaster@4.0::IKeymasterDevice/default": error code: 0x20
10-24 01:58:01.674     0     0 I .(0)[0:swapper/0]Power/swap DP: No enter --- SODI3: No enter --- SODI: No enter ---
10-24 01:58:01.675     0     0 I .(0)[0:swapper/0]mcdi cpu: 293, 7, 0, 0, 86, 90, 67, 46, cluster : 298, 59, pause = 339, multi core = 13, latency = 0, residency = 2, last core = 339, avail cpu = 00ff, cluster = 0003, enabled = 1, max_s_state = 5, system_idle_hint = 00000000
10-24 01:58:02.240   342   342 W HidlServiceManagement: Waited one second for android.hardware.keymaster@4.0::IKeymasterDevice/default
10-24 01:58:02.241   331   331 I hwservicemanager: Since android.hardware.keymaster@4.0::IKeymasterDevice/default is not registered, trying to start it as a lazy HAL.
10-24 01:58:02.242   342   342 I HidlServiceManagement: getService: Trying again for android.hardware.keymaster@4.0::IKeymasterDevice/default...
10-24 01:58:02.243   331   798 W libc    : Unable to set property "ctl.interface_start" to "android.hardware.keymaster@4.0::IKeymasterDevice/default": error code: 0x20
10-24 01:58:02.918   239   239 I         : .(6)[239:battery_thread][fg_drv_update_hw_status]=>
10-24 01:58:02.919   239   239 I         : .(6)[239:battery_thread][fgauge_read_current] final current=4221 (ratio=1000)
10-24 01:58:02.920   239   239 I         : .(6)[239:battery_thread][CH3_DBG] bat_cur = 4221
10-24 01:58:02.922   239   239 I .(6)[239:battery_thread]mt635x-auxadc mt-pmic: mt635x-auxadc: name:BAT_TEMP, channel=3, adc_out=0x73b, adc_result=813
10-24 01:58:02.923   239   239 I         : .(6)[239:battery_thread][fgauge_read_current] final current=4199 (ratio=1000)
10-24 01:58:02.924   239   239 I         : .(6)[239:battery_thread][BattVoltToTemp] 806 100000 1800 -7
10-24 01:58:02.925   239   239 I         : .(6)[239:battery_thread][force_get_tbat] 813,806,1,419,100,295 r:75 100 0
10-24 01:58:02.926   239   239 I .(6)[239:battery_thread][force_get_tbat] t: 29 precise:295
10-24 01:58:02.927   239   239 I         : .(6)[239:battery_thread][fg_bat_temp_int_sw_check] tmp 29 lt 65535 ht 65535
10-24 01:58:02.928   239   239 I         : .(6)[239:battery_thread][fg_bat_sw_temp_int_l_handler]
10-24 01:58:02.929   239   239 I         : .(6)[239:battery_thread][fgauge_read_current] final current=4208 (ratio=1000)
10-24 01:58:02.931   239   239 I         : .(6)[239:battery_thread][CH3_DBG] bat_cur = 4208
10-24 01:58:02.932   239   239 I .(6)[239:battery_thread]mt635x-auxadc mt-pmic: mt635x-auxadc: name:BAT_TEMP, channel=3, adc_out=0x73c, adc_result=813
10-24 01:58:02.934   239   239 I         : .(6)[239:battery_thread][fgauge_read_current] final current=4205 (ratio=1000)
10-24 01:58:02.935   239   239 I         : .(6)[239:battery_thread][BattVoltToTemp] 806 100000 1800 -7
10-24 01:58:02.936   239   239 I         : .(6)[239:battery_thread][force_get_tbat] 813,806,1,420,100,295 r:75 100 0
10-24 01:58:02.937   216   216 I         : .(5)[216:hang_detect][Hang_Detect] hang_detect thread counts down 2147483647:2147483647, status 0.
10-24 01:58:02.938   239   239 I .(6)[239:battery_thread][force_get_tbat] t: 29 precise:295
10-24 01:58:02.939   239   239 I         : .(6)[239:battery_thread]mtk_battery boot mode =2
10-24 01:58:02.940   239   239 I         : .(6)[239:battery_thread][wakeup_fg_algo_recovery] intr_num=0x400
10-24 01:58:02.941   239   239 I         : .(6)[239:battery_thread][TempConverBattThermistor] [79232] 25 100000 30 79232 30
10-24 01:58:02.942   239   239 I         : .(6)[239:battery_thread][fgauge_read_current] final current=4139 (ratio=1000)
10-24 01:58:02.943   239   239 I         : .(6)[239:battery_thread][TempToBattVolt] temp 30 R_NTC 79232 V(7957 8029) I 4139 CHG 1
10-24 01:58:02.944   239   239 I         : .(6)[239:battery_thread][TempConverBattThermistor] [87540] 25 100000 30 79232 28
10-24 01:58:02.946   239   239 I         : .(6)[239:battery_thread][TempToBattVolt] temp 28 R_NTC 87540 V(8402 8474) I 4139 CHG 1
10-24 01:58:02.947   239   239 I         : .(6)[239:battery_thread][fg_bat_temp_int_internal][FG_TEMP_INT] T[29] V[65535 65535] C[30 28] h[8474 8029]
10-24 01:58:02.950   239   239 I .(6)[239:battery_thread]mt635x-auxadc mt-pmic: mt635x-auxadc: name:ISENSE, channel=0, adc_out=0x5b20, adc_result=3844
10-24 01:58:02.952   239   239 I         : .(6)[239:battery_thread][fgauge_read_current] final current=4180 (ratio=1000)
10-24 01:58:02.953   239   239 I         : .(6)[239:battery_thread][CH3_DBG] bat_cur = 4180
10-24 01:58:02.954   239   239 I .(6)[239:battery_thread]mt635x-auxadc mt-pmic: mt635x-auxadc: name:BAT_TEMP, channel=3, adc_out=0x73c, adc_result=813
10-24 01:58:02.956   239   239 I         : .(6)[239:battery_thread][fgauge_read_current] final current=4193 (ratio=1000)
10-24 01:58:02.957   239   239 I         : .(6)[239:battery_thread][BattVoltToTemp] 806 100000 1800 -7
10-24 01:58:02.958   239   239 I         : .(6)[239:battery_thread][force_get_tbat] 813,806,1,419,100,295 r:75 100 0
10-24 01:58:02.959   239   239 I .(6)[239:battery_thread][force_get_tbat] t: 29 precise:295
10-24 01:58:02.960   239   239 I .(6)[239:battery_thread][fg_update_sw_iavg]diff time: 60 iavg:-960
10-24 01:58:02.960   274   274 I         : .(6)[274:kworker/6:1][fgauge_read_current] final current=4205 (ratio=1000)
10-24 01:58:02.961     0     0 I         : .(7)[350:health@2.1-serv][fgauge_read_current] final current=4221 (ratio=1000)
10-24 01:58:02.961     0     0 I         : .(4)[344:health@2.0-serv][fgauge_read_current] final current=4221 (ratio=1000)
10-24 01:58:02.963     0     0 W .(7)[350:health@2.1-serv]healthd: battery l=40 v=3844 t=29.5 h=2 st=2 c=422100 fc=5071000 cc=0 chg=u
10-24 01:58:02.963     0     0 W .(4)[344:health@2.0-serv]healthd: battery l=40 v=3844 t=29.5 h=2 st=2 c=422100 fc=5071000 cc=0 chg=u
10-24 01:58:02.963     0     0 I         : .(7)[350:health@2.1-serv][fgauge_read_current] final current=4208 (ratio=1000)
10-24 01:58:02.969   239   239 I         : .(6)[239:battery_thread][fgauge_read_columb_internal] CAR=15 r_fg_value=100 car_tune_value=1000
10-24 01:58:02.970   239   239 I         : .(6)[239:battery_thread]mtk_battery boot mode =2
10-24 01:58:02.971   239   239 I         : .(6)[239:battery_thread][wakeup_fg_algo_recovery] intr_num=0x20000
10-24 01:58:02.972   239   239 I .(6)[239:battery_thread][fg_update_sw_iavg]time: 60 car:15 15 iavg:4020 ht:7020 lt:1020 gap:3000
10-24 01:58:02.973   239   239 I         : .(6)[239:battery_thread][read_boot_battery_plug_out_status] rtc_invalid 0 plugout 0 bat_plug_out_time 31 sp3:0xa8 pl:0 0
10-24 01:58:02.975   239   239 I         : .(6)[239:battery_thread][fgauge_read_current] final current=4205 (ratio=1000)
10-24 01:58:02.976   239   239 I         : .(6)[239:battery_thread][fgauge_read_columb_internal] CAR=15 r_fg_value=100 car_tune_value=1000
10-24 01:58:02.979   239   239 I .(6)[239:battery_thread]mt635x-auxadc mt-pmic: mt635x-auxadc: name:ISENSE, channel=0, adc_out=0x5b1e, adc_result=3844
10-24 01:58:02.981   239   239 I         : .(6)[239:battery_thread][fgauge_read_current] final current=4196 (ratio=1000)
10-24 01:58:02.982   239   239 I         : .(6)[239:battery_thread][CH3_DBG] bat_cur = 4196
10-24 01:58:02.984   239   239 I         : .(4)[239:battery_thread][fgauge_read_current] final current=4186 (ratio=1000)
10-24 01:58:02.985   239   239 I         : .(4)[239:battery_thread][BattVoltToTemp] 807 100000 1800 -7
10-24 01:58:02.986   239   239 I         : .(4)[239:battery_thread][force_get_tbat] 814,807,1,418,100,295 r:75 100 0
10-24 01:58:02.987   239   239 I .(4)[239:battery_thread][force_get_tbat] t: 29 precise:295
10-24 01:58:02.988   239   239 I         : .(4)[239:battery_thread]lbat 0 0 1 34500
10-24 01:58:02.989   239   239 I .(4)[239:battery_thread]car[15,244,-244,488,-207, cycle_car:-52,ncar:60] c: 1 4205 vbat:3844 vbus:4692 soc:34 40 gm3:0 0 0 0
10-24 01:58:02.991   239   239 I         : .(4)[239:battery_thread][fgauge_read_columb_internal] CAR=15 r_fg_value=100 car_tune_value=1000
10-24 01:58:02.992   239   239 I         : .(4)[239:battery_thread][fg_bat_nafg][fgauge_get_nafg_cnt] 0 [25_16 0 15_0 0]
10-24 01:58:02.993   239   239 I .(4)[239:battery_thread][fg_nafg_monitor]time: 183 nafg_cnt:0, now:183, last_t:0
10-24 01:58:02.994   239   239 I .(4)[239:battery_thread]tmp: 29 65535 65535 hcar2:488 lcar2:207 time:183 sw_iavg:4020 4020 0 nafg_m:0 0 0
10-24 01:58:02.996   239   239 I         : .(4)[239:battery_thread][fgauge_read_columb_internal] CAR=15 r_fg_value=100 car_tune_value=1000
10-24 01:58:02.999   239   239 I         : .(4)[239:battery_thread][fgauge_read_current] final current=4164 (ratio=1000)
10-24 01:58:03.000   239   239 I         : .(4)[239:battery_thread][fgauge_read_current] final current=4177 (ratio=1000)
10-24 01:58:03.001   239   239 I         : .(4)[239:battery_thread][CH3_DBG] bat_cur = 4177
10-24 01:58:03.003   239   239 I         : .(4)[239:battery_thread][fgauge_read_current] final current=4190 (ratio=1000)
10-24 01:58:03.004   239   239 I         : .(4)[239:battery_thread][BattVoltToTemp] 806 100000 1800 -7
10-24 01:58:03.005   239   239 I         : .(4)[239:battery_thread][force_get_tbat] 813,806,1,419,100,295 r:75 100 0
10-24 01:58:03.006   239   239 I .(4)[239:battery_thread][force_get_tbat] t: 29 precise:295
10-24 01:58:03.007   239   239 I         : .(4)[239:battery_thread][fg_is_battery_exist] PMIC_RGS_BATON_UNDET = 1
10-24 01:58:03.008   239   239 I         : .(4)[239:battery_thread]GM3log1 183 183 3844 4164 4020 39220 7 29 1 1 170 1 0
10-24 01:58:03.009   239   239 I         : .(4)[239:battery_thread]GM3log2 183 0 0 0 0 37835 0 0 4702
10-24 01:58:03.010   239   239 I         : .(4)[239:battery_thread]GM3log3 183 0 37444 0 0
10-24 01:58:03.011   239   239 I         : .(4)[239:battery_thread]GM3log4 0 40 0 0 31 0 0 1 1 0 34
10-24 01:58:03.012   239   239 I         : .(4)[239:battery_thread]GM3log int 183 183 0 0 0 0
10-24 01:58:03.013   239   239 I         : .(4)[239:battery_thread]GM3log phone_state 0 0
10-24 01:58:03.013   239   239 I .(4)[239:battery_thread]GM3 car: 15 car_diff:-8
10-24 01:58:03.014   239   239 I .(4)[239:battery_thread][fg_bat_nafg][fgauge_get_nafg_dltv] mV: Reg [16169:9812]
10-24 01:58:03.015   239   239 I         : .(4)[239:battery_thread][fg_bat_nafg][fgauge_get_nafg_cnt] 0 [25_16 0 15_0 0]
10-24 01:58:03.016   239   239 I .(4)[239:battery_thread][fg_bat_nafg][fgauge_get_nafg_c_dltv] mV: Reg[0:0][b10:0][26_16(0x0000) 15_00(0x0000)]
10-24 01:58:03.018   239   239 I         : .(4)[239:battery_thread]GM3log-nint-nafg 183 183 0 37830 16169 0 0
10-24 01:58:03.019   239   239 I         : .(4)[239:battery_thread]mtk_battery boot mode =2
10-24 01:58:03.019   239   239 I         : .(4)[239:battery_thread][wakeup_fg_algo_recovery] intr_num=0x2000000
10-24 01:58:03.242   342   342 W HidlServiceManagement: Waited one second for android.hardware.keymaster@4.0::IKeymasterDevice/default
10-24 01:58:03.243   331   331 I hwservicemanager: Since android.hardware.keymaster@4.0::IKeymasterDevice/default is not registered, trying to start it as a lazy HAL.
10-24 01:58:03.244   342   342 I HidlServiceManagement: getService: Trying again for android.hardware.keymaster@4.0::IKeymasterDevice/default...
10-24 01:58:03.245   331   799 W libc    : Unable to set property "ctl.interface_start" to "android.hardware.keymaster@4.0::IKeymasterDevice/default": error code: 0x20
10-24 01:58:03.915     0     0 I         : -(4)[344:health@2.0-serv]alarmtimer_enqueue, 244238260006
10-24 01:58:03.916     0     0 I         : -(7)[350:health@2.1-serv]alarmtimer_enqueue, 244238743006
10-24 01:58:03.917     0     0 I         : .(4)[344:health@2.0-serv][fgauge_read_current] final current=4139 (ratio=1000)
10-24 01:58:03.919     0     0 I         : .(7)[350:health@2.1-serv][fgauge_read_current] final current=4164 (ratio=1000)
10-24 01:58:03.921     0     0 W .(4)[344:health@2.0-serv]healthd: battery l=40 v=3844 t=29.5 h=2 st=2 c=413900 fc=5071000 cc=0 chg=u
10-24 01:58:03.922     0     0 W .(7)[350:health@2.1-serv]healthd: battery l=40 v=3844 t=29.5 h=2 st=2 c=416400 fc=5071000 cc=0 chg=u
10-24 01:58:03.922     0     0 I         : .(7)[350:health@2.1-serv][fgauge_read_current] final current=4042 (ratio=1000)
10-24 01:58:03.961     0     0 I         : .(4)[307:wdtk-4][wdk-c] cpu=4,lbit=0x10,cbit=0xff,0,1,3874168624,[184289916208,20000000,204284414]
10-24 01:58:03.962     0     0 I         : .(4)[307:wdtk-4][thread:307][RT:184291270746] 2021-10-24 01:58:03.957347 UTC;android time 2021-10-24 01:58:03.957347
10-24 01:58:03.977     0     0 I         : .(6)[309:wdtk-6][wdk-c] cpu=6,lbit=0x50,cbit=0xff,0,1,3874168624,[184305819592,19984097,204284414]
10-24 01:58:03.982     0     0 I         : .(0)[303:wdtk-0][wdk-c] cpu=0,lbit=0x51,cbit=0xff,0,1,3874168624,[184311338439,19978578,204284414]
10-24 01:58:04.026     0     0 I -(6)[0:swapper/6]mtk_charger_alarm_timer_func: not suspend, wake up charger
10-24 01:58:04.027   301   301 I         : .(7)[301:charger_thread][fgauge_read_current] final current=4168 (ratio=1000)
10-24 01:58:04.030     0     0 I         : .(7)[310:wdtk-7][wdk-c] cpu=7,lbit=0xd1,cbit=0xff,0,1,3874168624,[184358853285,19931063,204284414]
10-24 01:58:04.031   301   301 W -(7)[301:charger_thread]mt635x_auxadc_read_raw: 5 callbacks suppressed
10-24 01:58:04.031   301   301 I .(7)[301:charger_thread]mt635x-auxadc mt-pmic: mt635x-auxadc: name:ISENSE, channel=0, adc_out=0x5b1d, adc_result=3843
10-24 01:58:04.034   301   301 I .(7)[301:charger_thread]mt635x-auxadc mt-pmic: mt635x-auxadc: name:VCDT, channel=2, adc_out=0x46d, adc_result=497
10-24 01:58:04.036   301   301 I         : .(7)[301:charger_thread][fgauge_read_current] final current=4111 (ratio=1000)
10-24 01:58:04.037   301   301 I         : .(7)[301:charger_thread][CH3_DBG] bat_cur = 4111
10-24 01:58:04.039   301   301 I .(7)[301:charger_thread]mt635x-auxadc mt-pmic: mt635x-auxadc: name:BAT_TEMP, channel=3, adc_out=0x73c, adc_result=813
10-24 01:58:04.041   301   301 I         : .(7)[301:charger_thread][fgauge_read_current] final current=4111 (ratio=1000)
10-24 01:58:04.042   301   301 I         : .(7)[301:charger_thread][BattVoltToTemp] 806 100000 1800 -7
10-24 01:58:04.043   301   301 I         : .(7)[301:charger_thread][force_get_tbat] 813,806,1,411,100,295 r:75 100 0
10-24 01:58:04.044   301   301 I .(7)[301:charger_thread][force_get_tbat] t: 29 precise:295
10-24 01:58:04.044     0     0 I         : .(2)[305:wdtk-2][wdk-c] cpu=2,lbit=0xd5,cbit=0xff,0,1,3874168624,[184372894977,19917021,204284414]
10-24 01:58:04.044     0     0 I         : .(1)[304:wdtk-1][wdk-c] cpu=1,lbit=0xd7,cbit=0xff,0,1,3874168624,[184372973054,19916943,204284414]
10-24 01:58:04.044     0     0 I         : .(3)[306:wdtk-3][wdk-c] cpu=3,lbit=0xdf,cbit=0xff,0,1,3874168624,[184373007439,19916909,204284414]
10-24 01:58:04.048   301   301 I .(7)[301:charger_thread]Vbat=3843,Ibat=4168,I=0,VChr=4702,T=29,Soc=34: 40,CT:1:1 hv:1 pd:0:0
10-24 01:58:04.049     0     0 W         : .(5)[308:wdtk-5][wdk-k] cpu=5,lbit=0xff,cbit=0xff,0,1,3874168624,[184377805516,19912111,204284414]
10-24 01:58:04.051   275   275 E         : .(7)[275:kworker/7:1][NVT-ts] nvt_ts_usb_plugin_work_func 205: ++
10-24 01:58:04.052   275   275 E         : .(7)[275:kworker/7:1][NVT-ts] nvt_ts_usb_plugin_work_func 207: usb_plugged_in = 1
10-24 01:58:04.053   301   301 I .(7)[301:charger_thread]mtk_charger_start_timer: alarm timer start:0, 194 376767087
10-24 01:58:04.054   301   301 I         : -(7)[301:charger_thread]alarmtimer_enqueue, 194376767087
10-24 01:58:04.056   301   301 I         : .(7)[301:charger_thread][fgauge_read_current] final current=4064 (ratio=1000)
10-24 01:58:04.057   301   301 I         : .(7)[301:charger_thread][CH3_DBG] bat_cur = 4064
10-24 01:58:04.058   301   301 I .(7)[301:charger_thread]mt635x-auxadc mt-pmic: mt635x-auxadc: name:BAT_TEMP, channel=3, adc_out=0x73c, adc_result=813
10-24 01:58:04.060   301   301 I         : .(7)[301:charger_thread][fgauge_read_current] final current=4117 (ratio=1000)
10-24 01:58:04.061   301   301 I         : .(7)[301:charger_thread][BattVoltToTemp] 806 100000 1800 -7
10-24 01:58:04.062   301   301 I         : .(7)[301:charger_thread][force_get_tbat] 813,806,1,411,100,295 r:75 100 0
10-24 01:58:04.063   301   301 I .(7)[301:charger_thread][force_get_tbat] t: 29 precise:295
10-24 01:58:04.064   301   301 I         : .(7)[301:charger_thread][fg_is_battery_exist] PMIC_RGS_BATON_UNDET = 1
10-24 01:58:04.065   301   301 I chatty  : uid=1036(auditd) identical 1 line
10-24 01:58:04.066   301   301 I         : .(7)[301:charger_thread][fg_is_battery_exist] PMIC_RGS_BATON_UNDET = 1
10-24 01:58:04.067   301   301 I         : .(7)[301:charger_thread][SW_JEITA] Battery Normal Temperature between 17 and 50 !!
10-24 01:58:04.068   301   301 I .(7)[301:charger_thread][SW_JEITA]preState: 3 newState:3 tmp:29 cv:4420000
10-24 01:58:04.069   301   301 I .(7)[301:charger_thread]mt635x-auxadc mt-pmic: mt635x-auxadc: name:VCDT, channel=2, adc_out=0x46d, adc_result=497
10-24 01:58:04.071   301   301 I .(4)[301:charger_thread]tmp: 29 (jeita:1 sm:3 cv:4420000 en:1) (sm:1) en:1 c:0 s:0 ov:0 1 1
10-24 01:58:04.073   301   301 I         : .(4)[301:charger_thread]mtk_switch_charging_run [1 0], timer=50
10-24 01:58:04.074   301   301 I         : .(4)[301:charger_thread][fgauge_read_current] final current=4089 (ratio=1000)
10-24 01:58:04.075   301   301 I         : .(4)[301:charger_thread][CH3_DBG] bat_cur = 4089
10-24 01:58:04.077   301   301 I         : .(4)[301:charger_thread][fgauge_read_current] final current=4089 (ratio=1000)
10-24 01:58:04.078   301   301 I         : .(4)[301:charger_thread][BattVoltToTemp] 807 100000 1800 -7
10-24 01:58:04.079   301   301 I         : .(4)[301:charger_thread][force_get_tbat] 814,807,1,408,100,295 r:75 100 0
10-24 01:58:04.080   301   301 I .(4)[301:charger_thread][force_get_tbat] t: 29 precise:295
10-24 01:58:04.081   301   301 I .(4)[301:charger_thread]pe40_ready: 0 hv:1 thermal:-1,-1 tmp:29,39,16 pps:0 en:0 ibus:0 80
10-24 01:58:04.082   301   301 I .(4)[301:charger_thread]mtk_pe20_start_algorithm: stop, PE+20 is not connected
10-24 01:58:04.083   301   301 I .(4)[301:charger_thread]mtk_pe_start_algorithm: stop, PE+ is not connected
10-24 01:58:04.086   301   301 I .(4)[301:charger_thread]mtk_pe_start_algorithm: vchr_org = 5000, vchr_after = 4711, delta = -289
10-24 01:58:04.087   301   301 I .(4)[301:charger_thread]force: 0 thermal:-1,-1 pe4:-1,-1,0 setting:500 500 type:1 usb_unlimited:0 usbif:0 usbsm:2 aicl:-1 atm:0
10-24 01:58:04.090   301   301 E .(4)[301:charger_thread][bq2560x]: bq2560x_set_ichg: [bq2560x_set_ichg] current has set!
10-24 01:58:04.091   301   301 I         : .(4)[301:charger_thread]enable_sw_jeita,current=500000
10-24 01:58:04.093   301   301 E .(4)[301:charger_thread][bq2560x]: bq2560x_charging: enable charger successfully
10-24 01:58:04.095   301   301 E .(4)[301:charger_thread][bq2560x]: bq2560x_charging: enable charger successfully
10-24 01:58:04.096   301   301 E .(4)[301:charger_thread][bq2560x]: bq2560x_dump_regs: Reg[00] = 0x64
10-24 01:58:04.098   275   275 E         : .(7)[275:kworker/7:1][NVT-ts] nvt_ts_usb_plugin_work_func 232: --
10-24 01:58:04.098   301   301 E .(4)[301:charger_thread][bq2560x]: bq2560x_dump_regs: Reg[01] = 0x1a
10-24 01:58:04.098   301   301 E .(4)[301:charger_thread][bq2560x]: bq2560x_dump_regs: Reg[02] = 0x88
10-24 01:58:04.099   301   301 E .(5)[301:charger_thread][bq2560x]: bq2560x_dump_regs: Reg[03] = 0x23
10-24 01:58:04.099   301   301 E .(5)[301:charger_thread][bq2560x]: bq2560x_dump_regs: Reg[04] = 0x88
10-24 01:58:04.099   301   301 E .(5)[301:charger_thread][bq2560x]: bq2560x_dump_regs: Reg[05] = 0x87
10-24 01:58:04.100   301   301 E .(5)[301:charger_thread][bq2560x]: bq2560x_dump_regs: Reg[06] = 0x66
10-24 01:58:04.100   301   301 E .(5)[301:charger_thread][bq2560x]: bq2560x_dump_regs: Reg[07] = 0x4d
10-24 01:58:04.100   301   301 E .(5)[301:charger_thread][bq2560x]: bq2560x_dump_regs: Reg[08] = 0x54
10-24 01:58:04.101   301   301 E .(5)[301:charger_thread][bq2560x]: bq2560x_dump_regs: Reg[09] = 0x00
10-24 01:58:04.101   301   301 E .(5)[301:charger_thread][bq2560x]: bq2560x_dump_regs: Reg[0a] = 0xa3
10-24 01:58:04.101   301   301 E .(5)[301:charger_thread][bq2560x]: bq2560x_dump_regs: Reg[0b] = 0x14
10-24 01:58:04.244   342   342 W HidlServiceManagement: Waited one second for android.hardware.keymaster@4.0::IKeymasterDevice/default
10-24 01:58:04.245   331   331 I hwservicemanager: Since android.hardware.keymaster@4.0::IKeymasterDevice/default is not registered, trying to start it as a lazy HAL.
10-24 01:58:04.246   342   342 I HidlServiceManagement: getService: Trying again for android.hardware.keymaster@4.0::IKeymasterDevice/default...
10-24 01:58:04.247   331   800 W libc    : Unable to set property "ctl.interface_start" to "android.hardware.keymaster@4.0::IKeymasterDevice/default": error code: 0x20
10-24 01:58:04.605   107   107 I         : .(6)[107:dlpt_notify_thr][MDRT_ADC] OLD = 0x3821, NOW = 0x3837, CNT = 0
10-24 01:58:04.606   107   107 I         : .(6)[107:dlpt_notify_thr][PBM] [ma_to_mw] 3882(mV) * 3938(mA) = 15287(mW)
10-24 01:58:04.607   107   107 I         : .(6)[107:dlpt_notify_thr][DLPT_final] 3938,40,40,1,5500
10-24 01:58:04.805     1     1 I .(6)[1:init]: starting service 'teei_daemon'...
10-24 01:58:04.810     1     1 E .(6)[1:init]libprocessgroup: CgroupMap::FindController called for [1] failed, RC file was not initialized properly
10-24 01:58:04.811   801   801 E .(4)[801:init]libprocessgroup: CgroupMap::FindController called for [801] failed, RC file was not initialized properly
10-24 01:58:04.811   801   801 E .(4)[801:init]: cpuset cgroup controller is not mounted!
10-24 01:58:04.814   801   801 F linker  : CANNOT LINK EXECUTABLE "/sbin/teei_daemon": library "libimsg_log.so" not found: needed by main executable
10-24 01:58:04.820     1     1 I .(6)[1:init]: Service 'teei_daemon' (pid 801) exited with status 1
10-24 01:58:04.821     1     1 I .(6)[1:init]: Sending signal 9 to service 'teei_daemon' (pid 801) process group...
10-24 01:58:04.823     1     1 E .(6)[1:init]libprocessgroup: CgroupMap::FindController called for [1] failed, RC file was not initialized properly
10-24 01:58:04.824     1     1 E .(6)[1:init]libprocessgroup: CgroupMap::FindController called for [1] failed, RC file was not initialized properly
10-24 01:58:04.969     0     0 I         : -(5)[0:swapper/5]tick broadcast enter counter cpu: 289, 6, 1, 1, 83, 108, 47, 50, success counter cpu: 30, 0, 0, 0, 22, 42, 2, 21, fail counter cpu: 0, 0, 0, 0, 0, 0, 0, 0, interrupt counter cpu: 63, 5, 1, 0, 40, 58, 14, 28, o: 0-4,6, p: , f: , t:  185307562241, 185820000000, 204384437395, 204384426933, 185372000000, 185292000000, 185300203780, 185296000000,
10-24 01:58:05.036     1     1 E .(7)[1:init]libprocessgroup: Failed to kill process cgroup uid 0 pid 801 in 209ms, 1 processes remain
10-24 01:58:05.039     1     1 I .(6)[1:init]: starting service 'gatekeeper-1-0'...
10-24 01:58:05.055   803   803 F linker  : CANNOT LINK EXECUTABLE "/sbin/android.hardware.keymaster@4.0-service.beanpod": library "libkeymaster4.so" not found: needed by main executable
10-24 01:58:05.074   802   802 E cutils-trace: Error opening trace file: No such file or directory (2)
10-24 01:58:05.076   331   331 I hwservicemanager: getFrameworkHalManifest: Reading VINTF information.
10-24 01:58:05.076   331   331 W hwservicemanager: Cannot fetch /system/etc/vintf/manifest.xml: Cannot read /system/etc/vintf/manifest.xml: No such file or directory
10-24 01:58:05.076   331   331 E hwservicemanager: getFrameworkHalManifest: status from fetching VINTF information: -2
10-24 01:58:05.076   331   331 E hwservicemanager: getFrameworkHalManifest: -2 VINTF parse error: Cannot read /system/manifest.xml: No such file or directory
10-24 01:58:05.076   802   802 E HidlServiceManagement: getService: Potential race detected. The VINTF manifest is not being enforced. If a HAL server has a delay in starting and it is not in the manifest, it will not be retrieved. Please make sure all HALs on this device are in the VINTF manifest and enable PRODUCT_ENFORCE_VINTF_MANIFEST on this device (this is also enabled by PRODUCT_FULL_TREBLE). PRODUCT_ENFORCE_VINTF_MANIFEST will ensure that no race condition is possible here.
10-24 01:58:05.246   342   342 W HidlServiceManagement: Waited one second for android.hardware.keymaster@4.0::IKeymasterDevice/default
10-24 01:58:05.247   331   331 I hwservicemanager: Since android.hardware.keymaster@4.0::IKeymasterDevice/default is not registered, trying to start it as a lazy HAL.
10-24 01:58:05.247   342   342 I HidlServiceManagement: getService: Trying again for android.hardware.keymaster@4.0::IKeymasterDevice/default...
10-24 01:58:05.264   331   804 W libc    : Unable to set property "ctl.interface_start" to "android.hardware.keymaster@4.0::IKeymasterDevice/default": error code: 0x20
10-24 01:58:05.753   102   102 I         : .(6)[102:kworker/u16:2][Thermal/TZ/BTS]wakeup_ta_algo out of memory
10-24 01:58:05.753   251   251 W -(5)[251:kworker/u16:5]mt635x_auxadc_read_raw: 5 callbacks suppressed
10-24 01:58:05.753   251   251 I .(5)[251:kworker/u16:5]mt635x-auxadc mt-pmic: mt635x-auxadc: name:VCORE_TEMP, channel=4, adc_out=0x5f6, adc_result=670
