10-24 01:55:24.871   360   360 I adbd    : UsbFfsConnection being destroyed
10-24 01:55:24.871   331   331 I hwservicemanager: getFrameworkHalManifest: Reading VINTF information.
10-24 01:55:24.871   331   331 W hwservicemanager: Cannot fetch /system/etc/vintf/manifest.xml: Cannot read /system/etc/vintf/manifest.xml: No such file or directory
10-24 01:55:24.872   331   331 E hwservicemanager: getFrameworkHalManifest: status from fetching VINTF information: -2
10-24 01:55:24.872   331   331 E hwservicemanager: getFrameworkHalManifest: -2 VINTF parse error: Cannot read /system/manifest.xml: No such file or directory
10-24 01:55:24.872   450   450 E HidlServiceManagement: getService: Potential race detected. The VINTF manifest is not being enforced. If a HAL server has a delay in starting and it is not in the manifest, it will not be retrieved. Please make sure all HALs on this device are in the VINTF manifest and enable PRODUCT_ENFORCE_VINTF_MANIFEST on this device (this is also enabled by PRODUCT_FULL_TREBLE). PRODUCT_ENFORCE_VINTF_MANIFEST will ensure that no race condition is possible here.
10-24 01:55:24.903   360   365 I adbd    : opening control endpoint /dev/usb-ffs/adb/ep0
10-24 01:55:24.906   360   365 I adbd    : UsbFfsConnection constructed
10-24 01:55:24.907   360   452 I adbd    : UsbFfs-monitor thread spawned
10-24 01:55:25.094   360   452 I adbd    : USB event: FUNCTIONFS_BIND
10-24 01:55:25.115   360   452 I adbd    : USB event: FUNCTIONFS_UNBIND
10-24 01:55:25.115   360   452 I adbd    : UsbFfs: connection terminated: monitor thread finished
10-24 01:55:25.115   360   360 I adbd    : UsbFfs: already offline
10-24 01:55:25.115   360   360 I adbd    : destroying transport UsbFfs
10-24 01:55:25.116   360   360 I adbd    : UsbFfsConnection being destroyed
10-24 01:55:25.173   360   365 I adbd    : opening control endpoint /dev/usb-ffs/adb/ep0
10-24 01:55:25.176   360   365 I adbd    : UsbFfsConnection constructed
10-24 01:55:25.177   360   453 I adbd    : UsbFfs-monitor thread spawned
10-24 01:55:25.183   360   453 I adbd    : USB event: FUNCTIONFS_BIND
10-24 01:55:25.198   360   453 I adbd    : USB event: FUNCTIONFS_UNBIND
10-24 01:55:25.198   360   453 I adbd    : UsbFfs: connection terminated: monitor thread finished
10-24 01:55:25.198   360   360 I adbd    : UsbFfs: already offline
10-24 01:55:25.198   360   360 I adbd    : destroying transport UsbFfs
10-24 01:55:25.198   360   360 I adbd    : UsbFfsConnection being destroyed
10-24 01:55:25.242   360   365 I adbd    : opening control endpoint /dev/usb-ffs/adb/ep0
10-24 01:55:25.245   360   365 I adbd    : UsbFfsConnection constructed
10-24 01:55:25.246   360   454 I adbd    : UsbFfs-monitor thread spawned
10-24 01:55:25.248   360   454 I adbd    : USB event: FUNCTIONFS_BIND
10-24 01:55:25.267   360   454 I adbd    : USB event: FUNCTIONFS_UNBIND
10-24 01:55:25.267   360   454 I adbd    : UsbFfs: connection terminated: monitor thread finished
10-24 01:55:25.267   360   360 I adbd    : UsbFfs: already offline
10-24 01:55:25.267   360   360 I adbd    : destroying transport UsbFfs
10-24 01:55:25.267   360   360 I adbd    : UsbFfsConnection being destroyed
10-24 01:55:25.310   360   365 I adbd    : opening control endpoint /dev/usb-ffs/adb/ep0
10-24 01:55:25.313   360   365 I adbd    : UsbFfsConnection constructed
10-24 01:55:25.314   360   455 I adbd    : UsbFfs-monitor thread spawned
10-24 01:55:25.320   360   455 I adbd    : USB event: FUNCTIONFS_BIND
10-24 01:55:25.336   360   455 I adbd    : USB event: FUNCTIONFS_UNBIND
10-24 01:55:25.336   360   455 I adbd    : UsbFfs: connection terminated: monitor thread finished
10-24 01:55:25.336   360   360 I adbd    : UsbFfs: already offline
10-24 01:55:25.336   360   360 I adbd    : destroying transport UsbFfs
10-24 01:55:25.336   360   360 I adbd    : UsbFfsConnection being destroyed
10-24 01:55:25.381   360   365 I adbd    : opening control endpoint /dev/usb-ffs/adb/ep0
10-24 01:55:25.384   360   365 I adbd    : UsbFfsConnection constructed
10-24 01:55:25.385   360   456 I adbd    : UsbFfs-monitor thread spawned
10-24 01:55:25.391   360   456 I adbd    : USB event: FUNCTIONFS_BIND
10-24 01:55:25.406   360   456 I adbd    : USB event: FUNCTIONFS_UNBIND
10-24 01:55:25.406   360   456 I adbd    : UsbFfs: connection terminated: monitor thread finished
10-24 01:55:25.406   360   360 I adbd    : UsbFfs: already offline
10-24 01:55:25.406   360   360 I adbd    : destroying transport UsbFfs
10-24 01:55:25.406   360   360 I adbd    : UsbFfsConnection being destroyed
10-24 01:55:25.445   360   365 I adbd    : opening control endpoint /dev/usb-ffs/adb/ep0
10-24 01:55:25.448   360   365 I adbd    : UsbFfsConnection constructed
10-24 01:55:25.449   360   457 I adbd    : UsbFfs-monitor thread spawned
10-24 01:55:25.456   360   457 I adbd    : USB event: FUNCTIONFS_BIND
10-24 01:55:25.470   360   457 I adbd    : USB event: FUNCTIONFS_UNBIND
10-24 01:55:25.470   360   457 I adbd    : UsbFfs: connection terminated: monitor thread finished
10-24 01:55:25.470   360   360 I adbd    : UsbFfs: already offline
10-24 01:55:25.470   360   360 I adbd    : destroying transport UsbFfs
10-24 01:55:25.471   360   360 I adbd    : UsbFfsConnection being destroyed
10-24 01:55:25.522   360   365 I adbd    : opening control endpoint /dev/usb-ffs/adb/ep0
10-24 01:55:25.526   360   365 I adbd    : UsbFfsConnection constructed
10-24 01:55:25.527   360   458 I adbd    : UsbFfs-monitor thread spawned
10-24 01:55:25.528   360   458 I adbd    : USB event: FUNCTIONFS_BIND
10-24 01:55:25.549   360   458 I adbd    : USB event: FUNCTIONFS_UNBIND
10-24 01:55:25.549   360   458 I adbd    : UsbFfs: connection terminated: monitor thread finished
10-24 01:55:25.549   360   360 I adbd    : UsbFfs: already offline
10-24 01:55:25.549   360   360 I adbd    : destroying transport UsbFfs
10-24 01:55:25.550   360   360 I adbd    : UsbFfsConnection being destroyed
10-24 01:55:25.605   360   365 I adbd    : opening control endpoint /dev/usb-ffs/adb/ep0
10-24 01:55:25.608   360   365 I adbd    : UsbFfsConnection constructed
10-24 01:55:25.609   360   459 I adbd    : UsbFfs-monitor thread spawned
10-24 01:55:25.615   360   459 I adbd    : USB event: FUNCTIONFS_BIND
10-24 01:55:25.630   360   459 I adbd    : USB event: FUNCTIONFS_UNBIND
10-24 01:55:25.630   360   459 I adbd    : UsbFfs: connection terminated: monitor thread finished
10-24 01:55:25.630   360   360 I adbd    : UsbFfs: already offline
10-24 01:55:25.630   360   360 I adbd    : destroying transport UsbFfs
10-24 01:55:25.630   360   360 I adbd    : UsbFfsConnection being destroyed
10-24 01:55:25.677   360   365 I adbd    : opening control endpoint /dev/usb-ffs/adb/ep0
10-24 01:55:25.677   360   365 I adbd    : UsbFfsConnection constructed
10-24 01:55:25.678   360   460 I adbd    : UsbFfs-monitor thread spawned
10-24 01:55:25.680   360   460 I adbd    : USB event: FUNCTIONFS_BIND
10-24 01:55:25.682   360   460 I adbd    : USB event: FUNCTIONFS_UNBIND
10-24 01:55:25.683   360   460 I adbd    : UsbFfs: connection terminated: monitor thread finished
10-24 01:55:25.686   360   360 I adbd    : UsbFfs: already offline
10-24 01:55:25.686   360   360 I adbd    : destroying transport UsbFfs
10-24 01:55:25.686   360   360 I adbd    : UsbFfsConnection being destroyed
10-24 01:55:25.741   360   365 I adbd    : opening control endpoint /dev/usb-ffs/adb/ep0
10-24 01:55:25.745   360   365 I adbd    : UsbFfsConnection constructed
10-24 01:55:25.746   360   461 I adbd    : UsbFfs-monitor thread spawned
10-24 01:55:25.752   360   461 I adbd    : USB event: FUNCTIONFS_BIND
10-24 01:55:25.767   360   461 I adbd    : USB event: FUNCTIONFS_UNBIND
10-24 01:55:25.768   360   461 I adbd    : UsbFfs: connection terminated: monitor thread finished
10-24 01:55:25.768   360   360 I adbd    : UsbFfs: already offline
10-24 01:55:25.768   360   360 I adbd    : destroying transport UsbFfs
10-24 01:55:25.768   360   360 I adbd    : UsbFfsConnection being destroyed
10-24 01:55:25.821   360   365 I adbd    : opening control endpoint /dev/usb-ffs/adb/ep0
10-24 01:55:25.824   360   365 I adbd    : UsbFfsConnection constructed
10-24 01:55:25.825   360   462 I adbd    : UsbFfs-monitor thread spawned
10-24 01:55:25.831   360   462 I adbd    : USB event: FUNCTIONFS_BIND
10-24 01:55:25.846   360   462 I adbd    : USB event: FUNCTIONFS_UNBIND
10-24 01:55:25.846   360   462 I adbd    : UsbFfs: connection terminated: monitor thread finished
10-24 01:55:25.846   360   360 I adbd    : UsbFfs: already offline
10-24 01:55:25.846   360   360 I adbd    : destroying transport UsbFfs
10-24 01:55:25.846   360   360 I adbd    : UsbFfsConnection being destroyed
10-24 01:55:25.872   450   450 E android.hardware.gatekeeper@1.0-service: Could not get passthrough implementation for android.hardware.gatekeeper@1.0::IGatekeeper/default.
10-24 01:55:25.886   360   365 I adbd    : opening control endpoint /dev/usb-ffs/adb/ep0
10-24 01:55:25.890   360   365 I adbd    : UsbFfsConnection constructed
10-24 01:55:25.890   360   463 I adbd    : UsbFfs-monitor thread spawned
10-24 01:55:26.097   360   463 I adbd    : USB event: FUNCTIONFS_BIND
10-24 01:55:26.114   360   463 I adbd    : USB event: FUNCTIONFS_UNBIND
10-24 01:55:26.114   360   463 I adbd    : UsbFfs: connection terminated: monitor thread finished
10-24 01:55:26.114   360   360 I adbd    : UsbFfs: already offline
10-24 01:55:26.114   360   360 I adbd    : destroying transport UsbFfs
10-24 01:55:26.115   360   360 I adbd    : UsbFfsConnection being destroyed
10-24 01:55:26.150   360   365 I adbd    : opening control endpoint /dev/usb-ffs/adb/ep0
10-24 01:55:26.152   360   365 I adbd    : UsbFfsConnection constructed
10-24 01:55:26.153   360   464 I adbd    : UsbFfs-monitor thread spawned
10-24 01:55:26.157   360   464 I adbd    : USB event: FUNCTIONFS_BIND
10-24 01:55:26.160   360   464 I adbd    : USB event: FUNCTIONFS_UNBIND
10-24 01:55:26.160   360   464 I adbd    : UsbFfs: connection terminated: monitor thread finished
10-24 01:55:26.165   360   360 I adbd    : UsbFfs: already offline
10-24 01:55:26.165   360   360 I adbd    : destroying transport UsbFfs
10-24 01:55:26.165   360   360 I adbd    : UsbFfsConnection being destroyed
10-24 01:55:26.220   360   365 I adbd    : opening control endpoint /dev/usb-ffs/adb/ep0
10-24 01:55:26.221   360   365 I adbd    : UsbFfsConnection constructed
10-24 01:55:26.222   360   465 I adbd    : UsbFfs-monitor thread spawned
10-24 01:55:26.223   360   465 I adbd    : USB event: FUNCTIONFS_BIND
10-24 01:55:26.225   360   465 I adbd    : USB event: FUNCTIONFS_UNBIND
10-24 01:55:26.225   360   465 I adbd    : UsbFfs: connection terminated: monitor thread finished
10-24 01:55:26.225   360   360 I adbd    : UsbFfs: already offline
10-24 01:55:26.225   360   360 I adbd    : destroying transport UsbFfs
10-24 01:55:26.225   360   360 I adbd    : UsbFfsConnection being destroyed
10-24 01:55:26.285   360   365 I adbd    : opening control endpoint /dev/usb-ffs/adb/ep0
10-24 01:55:26.289   360   365 I adbd    : UsbFfsConnection constructed
10-24 01:55:26.289   360   466 I adbd    : UsbFfs-monitor thread spawned
10-24 01:55:26.296   360   466 I adbd    : USB event: FUNCTIONFS_BIND
10-24 01:55:26.310   360   466 I adbd    : USB event: FUNCTIONFS_UNBIND
10-24 01:55:26.310   360   466 I adbd    : UsbFfs: connection terminated: monitor thread finished
10-24 01:55:26.311   360   360 I adbd    : UsbFfs: already offline
10-24 01:55:26.311   360   360 I adbd    : destroying transport UsbFfs
10-24 01:55:26.311   360   360 I adbd    : UsbFfsConnection being destroyed
10-24 01:55:26.358   360   365 I adbd    : opening control endpoint /dev/usb-ffs/adb/ep0
10-24 01:55:26.361   360   365 I adbd    : UsbFfsConnection constructed
10-24 01:55:26.361   360   467 I adbd    : UsbFfs-monitor thread spawned
10-24 01:55:26.368   360   467 I adbd    : USB event: FUNCTIONFS_BIND
10-24 01:55:26.382   360   467 I adbd    : USB event: FUNCTIONFS_UNBIND
10-24 01:55:26.382   360   467 I adbd    : UsbFfs: connection terminated: monitor thread finished
10-24 01:55:26.383   360   360 I adbd    : UsbFfs: already offline
10-24 01:55:26.383   360   360 I adbd    : destroying transport UsbFfs
10-24 01:55:26.383   360   360 I adbd    : UsbFfsConnection being destroyed
10-24 01:55:26.418   360   365 I adbd    : opening control endpoint /dev/usb-ffs/adb/ep0
10-24 01:55:26.418   360   365 I adbd    : UsbFfsConnection constructed
10-24 01:55:26.419   360   468 I adbd    : UsbFfs-monitor thread spawned
10-24 01:55:26.421   360   468 I adbd    : USB event: FUNCTIONFS_BIND
10-24 01:55:26.423   360   468 I adbd    : USB event: FUNCTIONFS_UNBIND
10-24 01:55:26.423   360   468 I adbd    : UsbFfs: connection terminated: monitor thread finished
10-24 01:55:26.423   360   360 I adbd    : UsbFfs: already offline
10-24 01:55:26.423   360   360 I adbd    : destroying transport UsbFfs
10-24 01:55:26.423   360   360 I adbd    : UsbFfsConnection being destroyed
10-24 01:55:26.489   360   365 I adbd    : opening control endpoint /dev/usb-ffs/adb/ep0
10-24 01:55:26.492   360   365 I adbd    : UsbFfsConnection constructed
10-24 01:55:26.493   360   469 I adbd    : UsbFfs-monitor thread spawned
10-24 01:55:26.499   360   469 I adbd    : USB event: FUNCTIONFS_BIND
10-24 01:55:26.515   360   469 I adbd    : USB event: FUNCTIONFS_UNBIND
10-24 01:55:26.515   360   469 I adbd    : UsbFfs: connection terminated: monitor thread finished
10-24 01:55:26.515   360   360 I adbd    : UsbFfs: already offline
10-24 01:55:26.515   360   360 I adbd    : destroying transport UsbFfs
10-24 01:55:26.515   360   360 I adbd    : UsbFfsConnection being destroyed
10-24 01:55:26.561   360   365 I adbd    : opening control endpoint /dev/usb-ffs/adb/ep0
10-24 01:55:26.565   360   365 I adbd    : UsbFfsConnection constructed
10-24 01:55:26.565   360   470 I adbd    : UsbFfs-monitor thread spawned
10-24 01:55:26.571   360   470 I adbd    : USB event: FUNCTIONFS_BIND
10-24 01:55:26.586   360   470 I adbd    : USB event: FUNCTIONFS_UNBIND
10-24 01:55:26.586   360   470 I adbd    : UsbFfs: connection terminated: monitor thread finished
10-24 01:55:26.587   360   360 I adbd    : UsbFfs: already offline
10-24 01:55:26.587   360   360 I adbd    : destroying transport UsbFfs
10-24 01:55:26.587   360   360 I adbd    : UsbFfsConnection being destroyed
10-24 01:55:26.642   360   365 I adbd    : opening control endpoint /dev/usb-ffs/adb/ep0
10-24 01:55:26.646   360   365 I adbd    : UsbFfsConnection constructed
10-24 01:55:26.648   360   471 I adbd    : UsbFfs-monitor thread spawned
10-24 01:55:26.651   360   471 I adbd    : USB event: FUNCTIONFS_BIND
10-24 01:55:26.668   360   471 I adbd    : USB event: FUNCTIONFS_UNBIND
10-24 01:55:26.669   360   471 I adbd    : UsbFfs: connection terminated: monitor thread finished
10-24 01:55:26.669   360   360 I adbd    : UsbFfs: already offline
10-24 01:55:26.669   360   360 I adbd    : destroying transport UsbFfs
10-24 01:55:26.669   360   360 I adbd    : UsbFfsConnection being destroyed
10-24 01:55:26.725   360   365 I adbd    : opening control endpoint /dev/usb-ffs/adb/ep0
10-24 01:55:26.728   360   365 I adbd    : UsbFfsConnection constructed
10-24 01:55:26.729   360   472 I adbd    : UsbFfs-monitor thread spawned
10-24 01:55:26.735   360   472 I adbd    : USB event: FUNCTIONFS_BIND
10-24 01:55:26.749   360   472 I adbd    : USB event: FUNCTIONFS_UNBIND
10-24 01:55:26.749   360   472 I adbd    : UsbFfs: connection terminated: monitor thread finished
10-24 01:55:26.749   360   360 I adbd    : UsbFfs: already offline
10-24 01:55:26.749   360   360 I adbd    : destroying transport UsbFfs
10-24 01:55:26.749   360   360 I adbd    : UsbFfsConnection being destroyed
10-24 01:55:26.797   360   365 I adbd    : opening control endpoint /dev/usb-ffs/adb/ep0
10-24 01:55:26.801   360   365 I adbd    : UsbFfsConnection constructed
10-24 01:55:26.802   360   473 I adbd    : UsbFfs-monitor thread spawned
10-24 01:55:26.806   360   473 I adbd    : USB event: FUNCTIONFS_BIND
10-24 01:55:26.822   360   473 I adbd    : USB event: FUNCTIONFS_UNBIND
10-24 01:55:26.822   360   473 I adbd    : UsbFfs: connection terminated: monitor thread finished
10-24 01:55:26.822   360   360 I adbd    : UsbFfs: already offline
10-24 01:55:26.822   360   360 I adbd    : destroying transport UsbFfs
10-24 01:55:26.822   360   360 I adbd    : UsbFfsConnection being destroyed
10-24 01:55:26.862   360   365 I adbd    : opening control endpoint /dev/usb-ffs/adb/ep0
10-24 01:55:26.865   360   365 I adbd    : UsbFfsConnection constructed
10-24 01:55:26.865   360   474 I adbd    : UsbFfs-monitor thread spawned
10-24 01:55:26.870   360   474 I adbd    : USB event: FUNCTIONFS_BIND
10-24 01:55:26.885   360   474 I adbd    : USB event: FUNCTIONFS_UNBIND
10-24 01:55:26.885   360   474 I adbd    : UsbFfs: connection terminated: monitor thread finished
10-24 01:55:26.886   360   360 I adbd    : UsbFfs: already offline
10-24 01:55:26.886   360   360 I adbd    : destroying transport UsbFfs
10-24 01:55:26.886   360   360 I adbd    : UsbFfsConnection being destroyed
10-24 01:55:26.926   360   365 I adbd    : opening control endpoint /dev/usb-ffs/adb/ep0
10-24 01:55:26.929   360   365 I adbd    : UsbFfsConnection constructed
10-24 01:55:26.929   360   475 I adbd    : UsbFfs-monitor thread spawned
10-24 01:55:26.935   360   475 I adbd    : USB event: FUNCTIONFS_BIND
10-24 01:55:26.953   360   475 I adbd    : USB event: FUNCTIONFS_UNBIND
10-24 01:55:26.953   360   475 I adbd    : UsbFfs: connection terminated: monitor thread finished
10-24 01:55:26.953   360   360 I adbd    : UsbFfs: already offline
10-24 01:55:26.953   360   360 I adbd    : destroying transport UsbFfs
10-24 01:55:26.953   360   360 I adbd    : UsbFfsConnection being destroyed
10-24 01:55:27.001   360   365 I adbd    : opening control endpoint /dev/usb-ffs/adb/ep0
10-24 01:55:27.004   360   365 I adbd    : UsbFfsConnection constructed
10-24 01:55:27.005   360   476 I adbd    : UsbFfs-monitor thread spawned
10-24 01:55:27.012   360   476 I adbd    : USB event: FUNCTIONFS_BIND
10-24 01:55:27.026   360   476 I adbd    : USB event: FUNCTIONFS_UNBIND
10-24 01:55:27.026   360   476 I adbd    : UsbFfs: connection terminated: monitor thread finished
10-24 01:55:27.026   360   360 I adbd    : UsbFfs: already offline
10-24 01:55:27.026   360   360 I adbd    : destroying transport UsbFfs
10-24 01:55:27.027   360   360 I adbd    : UsbFfsConnection being destroyed
10-24 01:55:27.065   360   365 I adbd    : opening control endpoint /dev/usb-ffs/adb/ep0
10-24 01:55:27.068   360   365 I adbd    : UsbFfsConnection constructed
10-24 01:55:27.069   360   477 I adbd    : UsbFfs-monitor thread spawned
10-24 01:55:27.076   360   477 I adbd    : USB event: FUNCTIONFS_BIND
10-24 01:55:27.092   360   477 I adbd    : USB event: FUNCTIONFS_UNBIND
10-24 01:55:27.092   360   477 I adbd    : UsbFfs: connection terminated: monitor thread finished
10-24 01:55:27.092   360   360 I adbd    : UsbFfs: already offline
10-24 01:55:27.092   360   360 I adbd    : destroying transport UsbFfs
10-24 01:55:27.092   360   360 I adbd    : UsbFfsConnection being destroyed
10-24 01:55:27.138   360   365 I adbd    : opening control endpoint /dev/usb-ffs/adb/ep0
10-24 01:55:27.141   360   365 I adbd    : UsbFfsConnection constructed
10-24 01:55:27.142   360   478 I adbd    : UsbFfs-monitor thread spawned
10-24 01:55:27.148   360   478 I adbd    : USB event: FUNCTIONFS_BIND
10-24 01:55:27.163   360   478 I adbd    : USB event: FUNCTIONFS_UNBIND
10-24 01:55:27.163   360   478 I adbd    : UsbFfs: connection terminated: monitor thread finished
10-24 01:55:27.163   360   360 I adbd    : UsbFfs: already offline
10-24 01:55:27.164   360   360 I adbd    : destroying transport UsbFfs
10-24 01:55:27.164   360   360 I adbd    : UsbFfsConnection being destroyed
10-24 01:55:27.214   360   365 I adbd    : opening control endpoint /dev/usb-ffs/adb/ep0
10-24 01:55:27.217   360   365 I adbd    : UsbFfsConnection constructed
10-24 01:55:27.217   360   479 I adbd    : UsbFfs-monitor thread spawned
10-24 01:55:27.224   360   479 I adbd    : USB event: FUNCTIONFS_BIND
10-24 01:55:27.238   360   479 I adbd    : USB event: FUNCTIONFS_UNBIND
10-24 01:55:27.239   360   479 I adbd    : UsbFfs: connection terminated: monitor thread finished
10-24 01:55:27.239   360   360 I adbd    : UsbFfs: already offline
10-24 01:55:27.239   360   360 I adbd    : destroying transport UsbFfs
10-24 01:55:27.239   360   360 I adbd    : UsbFfsConnection being destroyed
10-24 01:55:27.282   360   365 I adbd    : opening control endpoint /dev/usb-ffs/adb/ep0
10-24 01:55:27.284   360   365 I adbd    : UsbFfsConnection constructed
10-24 01:55:27.285   360   480 I adbd    : UsbFfs-monitor thread spawned
10-24 01:55:27.292   360   480 I adbd    : USB event: FUNCTIONFS_BIND
10-24 01:55:27.306   360   480 I adbd    : USB event: FUNCTIONFS_UNBIND
10-24 01:55:27.307   360   480 I adbd    : UsbFfs: connection terminated: monitor thread finished
10-24 01:55:27.307   360   360 I adbd    : UsbFfs: already offline
10-24 01:55:27.307   360   360 I adbd    : destroying transport UsbFfs
10-24 01:55:27.307   360   360 I adbd    : UsbFfsConnection being destroyed
10-24 01:55:27.350   360   365 I adbd    : opening control endpoint /dev/usb-ffs/adb/ep0
10-24 01:55:27.353   360   365 I adbd    : UsbFfsConnection constructed
10-24 01:55:27.353   360   481 I adbd    : UsbFfs-monitor thread spawned
10-24 01:55:27.359   360   481 I adbd    : USB event: FUNCTIONFS_BIND
10-24 01:55:27.374   360   481 I adbd    : USB event: FUNCTIONFS_UNBIND
10-24 01:55:27.374   360   481 I adbd    : UsbFfs: connection terminated: monitor thread finished
10-24 01:55:27.375   360   360 I adbd    : UsbFfs: already offline
10-24 01:55:27.375   360   360 I adbd    : destroying transport UsbFfs
10-24 01:55:27.375   360   360 I adbd    : UsbFfsConnection being destroyed
10-24 01:55:27.421   360   365 I adbd    : opening control endpoint /dev/usb-ffs/adb/ep0
10-24 01:55:27.424   360   365 I adbd    : UsbFfsConnection constructed
10-24 01:55:27.425   360   482 I adbd    : UsbFfs-monitor thread spawned
10-24 01:55:27.432   360   482 I adbd    : USB event: FUNCTIONFS_BIND
10-24 01:55:27.448   360   482 I adbd    : USB event: FUNCTIONFS_UNBIND
10-24 01:55:27.448   360   482 I adbd    : UsbFfs: connection terminated: monitor thread finished
10-24 01:55:27.448   360   360 I adbd    : UsbFfs: already offline
10-24 01:55:27.448   360   360 I adbd    : destroying transport UsbFfs
10-24 01:55:27.448   360   360 I adbd    : UsbFfsConnection being destroyed
10-24 01:55:27.494   360   365 I adbd    : opening control endpoint /dev/usb-ffs/adb/ep0
10-24 01:55:27.497   360   365 I adbd    : UsbFfsConnection constructed
10-24 01:55:27.498   360   483 I adbd    : UsbFfs-monitor thread spawned
10-24 01:55:27.504   360   483 I adbd    : USB event: FUNCTIONFS_BIND
10-24 01:55:27.519   360   483 I adbd    : USB event: FUNCTIONFS_UNBIND
10-24 01:55:27.519   360   483 I adbd    : UsbFfs: connection terminated: monitor thread finished
10-24 01:55:27.519   360   360 I adbd    : UsbFfs: already offline
10-24 01:55:27.519   360   360 I adbd    : destroying transport UsbFfs
10-24 01:55:27.519   360   360 I adbd    : UsbFfsConnection being destroyed
10-24 01:55:27.566   360   365 I adbd    : opening control endpoint /dev/usb-ffs/adb/ep0
10-24 01:55:27.569   360   365 I adbd    : UsbFfsConnection constructed
10-24 01:55:27.569   360   484 I adbd    : UsbFfs-monitor thread spawned
10-24 01:55:27.576   360   484 I adbd    : USB event: FUNCTIONFS_BIND
10-24 01:55:27.590   360   484 I adbd    : USB event: FUNCTIONFS_UNBIND
10-24 01:55:27.590   360   484 I adbd    : UsbFfs: connection terminated: monitor thread finished
10-24 01:55:27.591   360   360 I adbd    : UsbFfs: already offline
10-24 01:55:27.591   360   360 I adbd    : destroying transport UsbFfs
10-24 01:55:27.591   360   360 I adbd    : UsbFfsConnection being destroyed
10-24 01:55:27.625   360   365 I adbd    : opening control endpoint /dev/usb-ffs/adb/ep0
10-24 01:55:27.628   360   365 I adbd    : UsbFfsConnection constructed
10-24 01:55:27.629   360   485 I adbd    : UsbFfs-monitor thread spawned
10-24 01:55:27.636   360   485 I adbd    : USB event: FUNCTIONFS_BIND
10-24 01:55:27.650   360   485 I adbd    : USB event: FUNCTIONFS_UNBIND
10-24 01:55:27.650   360   485 I adbd    : UsbFfs: connection terminated: monitor thread finished
10-24 01:55:27.651   360   360 I adbd    : UsbFfs: already offline
10-24 01:55:27.651   360   360 I adbd    : destroying transport UsbFfs
10-24 01:55:27.651   360   360 I adbd    : UsbFfsConnection being destroyed
10-24 01:55:27.693   360   365 I adbd    : opening control endpoint /dev/usb-ffs/adb/ep0
10-24 01:55:27.696   360   365 I adbd    : UsbFfsConnection constructed
10-24 01:55:27.697   360   486 I adbd    : UsbFfs-monitor thread spawned
10-24 01:55:27.704   360   486 I adbd    : USB event: FUNCTIONFS_BIND
10-24 01:55:27.718   360   486 I adbd    : USB event: FUNCTIONFS_UNBIND
10-24 01:55:27.718   360   486 I adbd    : UsbFfs: connection terminated: monitor thread finished
10-24 01:55:27.719   360   360 I adbd    : UsbFfs: already offline
10-24 01:55:27.719   360   360 I adbd    : destroying transport UsbFfs
10-24 01:55:27.719   360   360 I adbd    : UsbFfsConnection being destroyed
10-24 01:55:27.762   360   365 I adbd    : opening control endpoint /dev/usb-ffs/adb/ep0
10-24 01:55:27.765   360   365 I adbd    : UsbFfsConnection constructed
10-24 01:55:27.765   360   487 I adbd    : UsbFfs-monitor thread spawned
10-24 01:55:27.772   360   487 I adbd    : USB event: FUNCTIONFS_BIND
10-24 01:55:27.787   360   487 I adbd    : USB event: FUNCTIONFS_UNBIND
10-24 01:55:27.787   360   487 I adbd    : UsbFfs: connection terminated: monitor thread finished
10-24 01:55:27.787   360   360 I adbd    : UsbFfs: already offline
10-24 01:55:27.787   360   360 I adbd    : destroying transport UsbFfs
10-24 01:55:27.787   360   360 I adbd    : UsbFfsConnection being destroyed
10-24 01:55:27.837   360   365 I adbd    : opening control endpoint /dev/usb-ffs/adb/ep0
10-24 01:55:27.841   360   365 I adbd    : UsbFfsConnection constructed
10-24 01:55:27.842   360   488 I adbd    : UsbFfs-monitor thread spawned
10-24 01:55:27.844   360   488 I adbd    : USB event: FUNCTIONFS_BIND
10-24 01:55:27.863   360   488 I adbd    : USB event: FUNCTIONFS_UNBIND
10-24 01:55:27.863   360   488 I adbd    : UsbFfs: connection terminated: monitor thread finished
10-24 01:55:27.864   360   360 I adbd    : UsbFfs: already offline
10-24 01:55:27.864   360   360 I adbd    : destroying transport UsbFfs
10-24 01:55:27.864   360   360 I adbd    : UsbFfsConnection being destroyed
10-24 01:55:27.910   360   365 I adbd    : opening control endpoint /dev/usb-ffs/adb/ep0
10-24 01:55:27.913   360   365 I adbd    : UsbFfsConnection constructed
10-24 01:55:27.914   360   489 I adbd    : UsbFfs-monitor thread spawned
10-24 01:55:27.916   360   489 I adbd    : USB event: FUNCTIONFS_BIND
10-24 01:55:27.935   360   489 I adbd    : USB event: FUNCTIONFS_UNBIND
10-24 01:55:27.935   360   489 I adbd    : UsbFfs: connection terminated: monitor thread finished
10-24 01:55:27.936   360   360 I adbd    : UsbFfs: already offline
10-24 01:55:27.936   360   360 I adbd    : destroying transport UsbFfs
10-24 01:55:27.936   360   360 I adbd    : UsbFfsConnection being destroyed
10-24 01:55:27.981   360   365 I adbd    : opening control endpoint /dev/usb-ffs/adb/ep0
10-24 01:55:27.984   360   365 I adbd    : UsbFfsConnection constructed
10-24 01:55:27.985   360   490 I adbd    : UsbFfs-monitor thread spawned
10-24 01:55:27.992   360   490 I adbd    : USB event: FUNCTIONFS_BIND
10-24 01:55:28.006   360   490 I adbd    : USB event: FUNCTIONFS_UNBIND
10-24 01:55:28.006   360   490 I adbd    : UsbFfs: connection terminated: monitor thread finished
10-24 01:55:28.006   360   360 I adbd    : UsbFfs: already offline
10-24 01:55:28.006   360   360 I adbd    : destroying transport UsbFfs
10-24 01:55:28.007   360   360 I adbd    : UsbFfsConnection being destroyed
10-24 01:55:28.054   360   365 I adbd    : opening control endpoint /dev/usb-ffs/adb/ep0
10-24 01:55:28.058   360   365 I adbd    : UsbFfsConnection constructed
10-24 01:55:28.059   360   491 I adbd    : UsbFfs-monitor thread spawned
10-24 01:55:28.065   360   491 I adbd    : USB event: FUNCTIONFS_BIND
10-24 01:55:28.079   360   491 I adbd    : USB event: FUNCTIONFS_UNBIND
10-24 01:55:28.079   360   491 I adbd    : UsbFfs: connection terminated: monitor thread finished
10-24 01:55:28.079   360   360 I adbd    : UsbFfs: already offline
10-24 01:55:28.079   360   360 I adbd    : destroying transport UsbFfs
10-24 01:55:28.079   360   360 I adbd    : UsbFfsConnection being destroyed
10-24 01:55:28.117   360   365 I adbd    : opening control endpoint /dev/usb-ffs/adb/ep0
10-24 01:55:28.120   360   365 I adbd    : UsbFfsConnection constructed
10-24 01:55:28.120   360   492 I adbd    : UsbFfs-monitor thread spawned
10-24 01:55:28.127   360   492 I adbd    : USB event: FUNCTIONFS_BIND
10-24 01:55:28.142   360   492 I adbd    : USB event: FUNCTIONFS_UNBIND
10-24 01:55:28.142   360   492 I adbd    : UsbFfs: connection terminated: monitor thread finished
10-24 01:55:28.142   360   360 I adbd    : UsbFfs: already offline
10-24 01:55:28.142   360   360 I adbd    : destroying transport UsbFfs
10-24 01:55:28.142   360   360 I adbd    : UsbFfsConnection being destroyed
10-24 01:55:28.177   360   365 I adbd    : opening control endpoint /dev/usb-ffs/adb/ep0
10-24 01:55:28.178   360   365 I adbd    : UsbFfsConnection constructed
10-24 01:55:28.179   360   493 I adbd    : UsbFfs-monitor thread spawned
10-24 01:55:28.181   360   493 I adbd    : USB event: FUNCTIONFS_BIND
10-24 01:55:28.182   360   493 I adbd    : USB event: FUNCTIONFS_UNBIND
10-24 01:55:28.183   360   493 I adbd    : UsbFfs: connection terminated: monitor thread finished
10-24 01:55:28.183   360   360 I adbd    : UsbFfs: already offline
10-24 01:55:28.183   360   360 I adbd    : destroying transport UsbFfs
10-24 01:55:28.183   360   360 I adbd    : UsbFfsConnection being destroyed
10-24 01:55:28.242   360   365 I adbd    : opening control endpoint /dev/usb-ffs/adb/ep0
10-24 01:55:28.245   360   365 I adbd    : UsbFfsConnection constructed
10-24 01:55:28.245   360   494 I adbd    : UsbFfs-monitor thread spawned
10-24 01:55:28.248   360   494 I adbd    : USB event: FUNCTIONFS_BIND
10-24 01:55:28.266   360   494 I adbd    : USB event: FUNCTIONFS_UNBIND
10-24 01:55:28.266   360   494 I adbd    : UsbFfs: connection terminated: monitor thread finished
10-24 01:55:28.267   360   360 I adbd    : UsbFfs: already offline
10-24 01:55:28.267   360   360 I adbd    : destroying transport UsbFfs
10-24 01:55:28.267   360   360 I adbd    : UsbFfsConnection being destroyed
10-24 01:55:28.305   360   365 I adbd    : opening control endpoint /dev/usb-ffs/adb/ep0
10-24 01:55:28.308   360   365 I adbd    : UsbFfsConnection constructed
10-24 01:55:28.309   360   495 I adbd    : UsbFfs-monitor thread spawned
10-24 01:55:28.316   360   495 I adbd    : USB event: FUNCTIONFS_BIND
10-24 01:55:28.330   360   495 I adbd    : USB event: FUNCTIONFS_UNBIND
10-24 01:55:28.330   360   495 I adbd    : UsbFfs: connection terminated: monitor thread finished
10-24 01:55:28.330   360   360 I adbd    : UsbFfs: already offline
10-24 01:55:28.330   360   360 I adbd    : destroying transport UsbFfs
10-24 01:55:28.331   360   360 I adbd    : UsbFfsConnection being destroyed
10-24 01:55:28.386   360   365 I adbd    : opening control endpoint /dev/usb-ffs/adb/ep0
10-24 01:55:28.390   360   365 I adbd    : UsbFfsConnection constructed
10-24 01:55:28.391   360   496 I adbd    : UsbFfs-monitor thread spawned
10-24 01:55:28.393   360   496 I adbd    : USB event: FUNCTIONFS_BIND
10-24 01:55:28.413   360   496 I adbd    : USB event: FUNCTIONFS_UNBIND
10-24 01:55:28.413   360   496 I adbd    : UsbFfs: connection terminated: monitor thread finished
10-24 01:55:28.413   360   360 I adbd    : UsbFfs: already offline
10-24 01:55:28.414   360   360 I adbd    : destroying transport UsbFfs
10-24 01:55:28.414   360   360 I adbd    : UsbFfsConnection being destroyed
10-24 01:55:28.466   360   365 I adbd    : opening control endpoint /dev/usb-ffs/adb/ep0
10-24 01:55:28.469   360   365 I adbd    : UsbFfsConnection constructed
10-24 01:55:28.470   360   497 I adbd    : UsbFfs-monitor thread spawned
10-24 01:55:28.477   360   497 I adbd    : USB event: FUNCTIONFS_BIND
10-24 01:55:28.493   360   497 I adbd    : USB event: FUNCTIONFS_UNBIND
10-24 01:55:28.493   360   497 I adbd    : UsbFfs: connection terminated: monitor thread finished
10-24 01:55:28.493   360   360 I adbd    : UsbFfs: already offline
10-24 01:55:28.494   360   360 I adbd    : destroying transport UsbFfs
10-24 01:55:28.494   360   360 I adbd    : UsbFfsConnection being destroyed
10-24 01:55:28.542   360   365 I adbd    : opening control endpoint /dev/usb-ffs/adb/ep0
10-24 01:55:28.545   360   365 I adbd    : UsbFfsConnection constructed
10-24 01:55:28.546   360   498 I adbd    : UsbFfs-monitor thread spawned
10-24 01:55:28.553   360   498 I adbd    : USB event: FUNCTIONFS_BIND
10-24 01:55:28.569   360   498 I adbd    : USB event: FUNCTIONFS_UNBIND
10-24 01:55:28.569   360   498 I adbd    : UsbFfs: connection terminated: monitor thread finished
10-24 01:55:28.570   360   360 I adbd    : UsbFfs: already offline
10-24 01:55:28.570   360   360 I adbd    : destroying transport UsbFfs
10-24 01:55:28.570   360   360 I adbd    : UsbFfsConnection being destroyed
10-24 01:55:28.622   360   365 I adbd    : opening control endpoint /dev/usb-ffs/adb/ep0
10-24 01:55:28.625   360   365 I adbd    : UsbFfsConnection constructed
10-24 01:55:28.626   360   499 I adbd    : UsbFfs-monitor thread spawned
10-24 01:55:28.633   360   499 I adbd    : USB event: FUNCTIONFS_BIND
10-24 01:55:28.649   360   499 I adbd    : USB event: FUNCTIONFS_UNBIND
10-24 01:55:28.649   360   499 I adbd    : UsbFfs: connection terminated: monitor thread finished
10-24 01:55:28.649   360   360 I adbd    : UsbFfs: already offline
10-24 01:55:28.650   360   360 I adbd    : destroying transport UsbFfs
10-24 01:55:28.650   360   360 I adbd    : UsbFfsConnection being destroyed
10-24 01:55:28.697   360   365 I adbd    : opening control endpoint /dev/usb-ffs/adb/ep0
10-24 01:55:28.700   360   365 I adbd    : UsbFfsConnection constructed
10-24 01:55:28.701   360   500 I adbd    : UsbFfs-monitor thread spawned
10-24 01:55:28.707   360   500 I adbd    : USB event: FUNCTIONFS_BIND
10-24 01:55:28.722   360   500 I adbd    : USB event: FUNCTIONFS_UNBIND
10-24 01:55:28.722   360   500 I adbd    : UsbFfs: connection terminated: monitor thread finished
10-24 01:55:28.722   360   360 I adbd    : UsbFfs: already offline
10-24 01:55:28.722   360   360 I adbd    : destroying transport UsbFfs
10-24 01:55:28.722   360   360 I adbd    : UsbFfsConnection being destroyed
10-24 01:55:28.762   360   365 I adbd    : opening control endpoint /dev/usb-ffs/adb/ep0
10-24 01:55:28.766   360   365 I adbd    : UsbFfsConnection constructed
10-24 01:55:28.767   360   501 I adbd    : UsbFfs-monitor thread spawned
10-24 01:55:28.769   360   501 I adbd    : USB event: FUNCTIONFS_BIND
10-24 01:55:28.789   360   501 I adbd    : USB event: FUNCTIONFS_UNBIND
10-24 01:55:28.789   360   501 I adbd    : UsbFfs: connection terminated: monitor thread finished
10-24 01:55:28.789   360   360 I adbd    : UsbFfs: already offline
10-24 01:55:28.789   360   360 I adbd    : destroying transport UsbFfs
10-24 01:55:28.789   360   360 I adbd    : UsbFfsConnection being destroyed
10-24 01:55:28.834   360   365 I adbd    : opening control endpoint /dev/usb-ffs/adb/ep0
10-24 01:55:28.837   360   365 I adbd    : UsbFfsConnection constructed
10-24 01:55:28.838   360   502 I adbd    : UsbFfs-monitor thread spawned
10-24 01:55:28.845   360   502 I adbd    : USB event: FUNCTIONFS_BIND
10-24 01:55:28.861   360   502 I adbd    : USB event: FUNCTIONFS_UNBIND
10-24 01:55:28.861   360   502 I adbd    : UsbFfs: connection terminated: monitor thread finished
10-24 01:55:28.862   360   360 I adbd    : UsbFfs: already offline
10-24 01:55:28.862   360   360 I adbd    : destroying transport UsbFfs
10-24 01:55:28.862   360   360 I adbd    : UsbFfsConnection being destroyed
10-24 01:55:28.901   360   365 I adbd    : opening control endpoint /dev/usb-ffs/adb/ep0
10-24 01:55:28.904   360   365 I adbd    : UsbFfsConnection constructed
10-24 01:55:28.904   360   503 I adbd    : UsbFfs-monitor thread spawned
10-24 01:55:28.911   360   503 I adbd    : USB event: FUNCTIONFS_BIND
10-24 01:55:28.925   360   503 I adbd    : USB event: FUNCTIONFS_UNBIND
10-24 01:55:28.925   360   503 I adbd    : UsbFfs: connection terminated: monitor thread finished
10-24 01:55:28.926   360   360 I adbd    : UsbFfs: already offline
10-24 01:55:28.926   360   360 I adbd    : destroying transport UsbFfs
10-24 01:55:28.926   360   360 I adbd    : UsbFfsConnection being destroyed
10-24 01:55:28.965   360   365 I adbd    : opening control endpoint /dev/usb-ffs/adb/ep0
10-24 01:55:28.968   360   365 I adbd    : UsbFfsConnection constructed
10-24 01:55:28.969   360   504 I adbd    : UsbFfs-monitor thread spawned
10-24 01:55:28.975   360   504 I adbd    : USB event: FUNCTIONFS_BIND
10-24 01:55:28.990   360   504 I adbd    : USB event: FUNCTIONFS_UNBIND
10-24 01:55:28.990   360   504 I adbd    : UsbFfs: connection terminated: monitor thread finished
10-24 01:55:28.990   360   360 I adbd    : UsbFfs: already offline
10-24 01:55:28.990   360   360 I adbd    : destroying transport UsbFfs
10-24 01:55:28.990   360   360 I adbd    : UsbFfsConnection being destroyed
10-24 01:55:29.043   360   365 I adbd    : opening control endpoint /dev/usb-ffs/adb/ep0
10-24 01:55:29.044   360   365 I adbd    : UsbFfsConnection constructed
10-24 01:55:29.046   360   505 I adbd    : UsbFfs-monitor thread spawned
10-24 01:55:29.047   360   505 I adbd    : USB event: FUNCTIONFS_BIND
10-24 01:55:29.050   360   505 I adbd    : USB event: FUNCTIONFS_UNBIND
10-24 01:55:29.050   360   505 I adbd    : UsbFfs: connection terminated: monitor thread finished
10-24 01:55:29.051   360   360 I adbd    : UsbFfs: already offline
10-24 01:55:29.051   360   360 I adbd    : destroying transport UsbFfs
10-24 01:55:29.051   360   360 I adbd    : UsbFfsConnection being destroyed
10-24 01:55:29.118   360   365 I adbd    : opening control endpoint /dev/usb-ffs/adb/ep0
10-24 01:55:29.121   360   365 I adbd    : UsbFfsConnection constructed
10-24 01:55:29.122   360   506 I adbd    : UsbFfs-monitor thread spawned
10-24 01:55:29.129   360   506 I adbd    : USB event: FUNCTIONFS_BIND
10-24 01:55:29.145   360   506 I adbd    : USB event: FUNCTIONFS_UNBIND
10-24 01:55:29.145   360   506 I adbd    : UsbFfs: connection terminated: monitor thread finished
10-24 01:55:29.145   360   360 I adbd    : UsbFfs: already offline
10-24 01:55:29.145   360   360 I adbd    : destroying transport UsbFfs
10-24 01:55:29.146   360   360 I adbd    : UsbFfsConnection being destroyed
10-24 01:55:29.190   360   365 I adbd    : opening control endpoint /dev/usb-ffs/adb/ep0
10-24 01:55:29.193   360   365 I adbd    : UsbFfsConnection constructed
10-24 01:55:29.194   360   507 I adbd    : UsbFfs-monitor thread spawned
10-24 01:55:29.196   360   507 I adbd    : USB event: FUNCTIONFS_BIND
10-24 01:55:29.216   360   507 I adbd    : USB event: FUNCTIONFS_UNBIND
10-24 01:55:29.216   360   507 I adbd    : UsbFfs: connection terminated: monitor thread finished
10-24 01:55:29.216   360   360 I adbd    : UsbFfs: already offline
10-24 01:55:29.216   360   360 I adbd    : destroying transport UsbFfs
10-24 01:55:29.216   360   360 I adbd    : UsbFfsConnection being destroyed
10-24 01:55:29.257   360   365 I adbd    : opening control endpoint /dev/usb-ffs/adb/ep0
10-24 01:55:29.260   360   365 I adbd    : UsbFfsConnection constructed
10-24 01:55:29.260   360   508 I adbd    : UsbFfs-monitor thread spawned
10-24 01:55:29.267   360   508 I adbd    : USB event: FUNCTIONFS_BIND
10-24 01:55:29.281   360   508 I adbd    : USB event: FUNCTIONFS_UNBIND
10-24 01:55:29.282   360   508 I adbd    : UsbFfs: connection terminated: monitor thread finished
10-24 01:55:29.282   360   360 I adbd    : UsbFfs: already offline
10-24 01:55:29.282   360   360 I adbd    : destroying transport UsbFfs
10-24 01:55:29.282   360   360 I adbd    : UsbFfsConnection being destroyed
10-24 01:55:29.329   360   365 I adbd    : opening control endpoint /dev/usb-ffs/adb/ep0
10-24 01:55:29.332   360   365 I adbd    : UsbFfsConnection constructed
10-24 01:55:29.333   360   509 I adbd    : UsbFfs-monitor thread spawned
10-24 01:55:29.340   360   509 I adbd    : USB event: FUNCTIONFS_BIND
10-24 01:55:29.354   360   509 I adbd    : USB event: FUNCTIONFS_UNBIND
10-24 01:55:29.354   360   509 I adbd    : UsbFfs: connection terminated: monitor thread finished
10-24 01:55:29.355   360   360 I adbd    : UsbFfs: already offline
10-24 01:55:29.355   360   360 I adbd    : destroying transport UsbFfs
10-24 01:55:29.355   360   360 I adbd    : UsbFfsConnection being destroyed
10-24 01:55:29.406   360   365 I adbd    : opening control endpoint /dev/usb-ffs/adb/ep0
10-24 01:55:29.409   360   365 I adbd    : UsbFfsConnection constructed
10-24 01:55:29.410   360   510 I adbd    : UsbFfs-monitor thread spawned
10-24 01:55:29.416   360   510 I adbd    : USB event: FUNCTIONFS_BIND
10-24 01:55:29.431   360   510 I adbd    : USB event: FUNCTIONFS_UNBIND
10-24 01:55:29.431   360   510 I adbd    : UsbFfs: connection terminated: monitor thread finished
10-24 01:55:29.431   360   360 I adbd    : UsbFfs: already offline
10-24 01:55:29.431   360   360 I adbd    : destroying transport UsbFfs
10-24 01:55:29.431   360   360 I adbd    : UsbFfsConnection being destroyed
10-24 01:55:29.474   360   365 I adbd    : opening control endpoint /dev/usb-ffs/adb/ep0
10-24 01:55:29.477   360   365 I adbd    : UsbFfsConnection constructed
10-24 01:55:29.478   360   511 I adbd    : UsbFfs-monitor thread spawned
10-24 01:55:29.483   360   511 I adbd    : USB event: FUNCTIONFS_BIND
10-24 01:55:29.499   360   511 I adbd    : USB event: FUNCTIONFS_UNBIND
10-24 01:55:29.499   360   511 I adbd    : UsbFfs: connection terminated: monitor thread finished
10-24 01:55:29.499   360   360 I adbd    : UsbFfs: already offline
10-24 01:55:29.499   360   360 I adbd    : destroying transport UsbFfs
10-24 01:55:29.499   360   360 I adbd    : UsbFfsConnection being destroyed
10-24 01:55:29.546   360   365 I adbd    : opening control endpoint /dev/usb-ffs/adb/ep0
10-24 01:55:29.549   360   365 I adbd    : UsbFfsConnection constructed
10-24 01:55:29.550   360   512 I adbd    : UsbFfs-monitor thread spawned
10-24 01:55:29.556   360   512 I adbd    : USB event: FUNCTIONFS_BIND
10-24 01:55:29.571   360   512 I adbd    : USB event: FUNCTIONFS_UNBIND
10-24 01:55:29.571   360   512 I adbd    : UsbFfs: connection terminated: monitor thread finished
10-24 01:55:29.571   360   360 I adbd    : UsbFfs: already offline
10-24 01:55:29.571   360   360 I adbd    : destroying transport UsbFfs
10-24 01:55:29.571   360   360 I adbd    : UsbFfsConnection being destroyed
10-24 01:55:29.617   360   365 I adbd    : opening control endpoint /dev/usb-ffs/adb/ep0
10-24 01:55:29.621   360   365 I adbd    : UsbFfsConnection constructed
10-24 01:55:29.625   513   513 F linker  : CANNOT LINK EXECUTABLE "/sbin/teei_daemon": library "libimsg_log.so" not found: needed by main executable
10-24 01:55:29.626   360   514 I adbd    : UsbFfs-monitor thread spawned
10-24 01:55:29.877   360   514 I adbd    : USB event: FUNCTIONFS_BIND
10-24 01:55:29.880   517   517 F linker  : CANNOT LINK EXECUTABLE "/sbin/android.hardware.keymaster@4.0-service.beanpod": library "libkeymaster4.so" not found: needed by main executable
10-24 01:55:29.897   516   516 E cutils-trace: Error opening trace file: No such file or directory (2)
10-24 01:55:29.898   331   331 I hwservicemanager: getFrameworkHalManifest: Reading VINTF information.
10-24 01:55:29.898   331   331 W hwservicemanager: Cannot fetch /system/etc/vintf/manifest.xml: Cannot read /system/etc/vintf/manifest.xml: No such file or directory
10-24 01:55:29.898   331   331 E hwservicemanager: getFrameworkHalManifest: status from fetching VINTF information: -2
10-24 01:55:29.898   331   331 E hwservicemanager: getFrameworkHalManifest: -2 VINTF parse error: Cannot read /system/manifest.xml: No such file or directory
10-24 01:55:29.898   516   516 E HidlServiceManagement: getService: Potential race detected. The VINTF manifest is not being enforced. If a HAL server has a delay in starting and it is not in the manifest, it will not be retrieved. Please make sure all HALs on this device are in the VINTF manifest and enable PRODUCT_ENFORCE_VINTF_MANIFEST on this device (this is also enabled by PRODUCT_FULL_TREBLE). PRODUCT_ENFORCE_VINTF_MANIFEST will ensure that no race condition is possible here.
10-24 01:55:30.101   360   514 I adbd    : USB event: FUNCTIONFS_UNBIND
10-24 01:55:30.102   360   514 I adbd    : UsbFfs: connection terminated: monitor thread finished
10-24 01:55:30.102   360   360 I adbd    : UsbFfs: already offline
10-24 01:55:30.102   360   360 I adbd    : destroying transport UsbFfs
10-24 01:55:30.102   360   360 I adbd    : UsbFfsConnection being destroyed
10-24 01:55:30.150   360   365 I adbd    : opening control endpoint /dev/usb-ffs/adb/ep0
10-24 01:55:30.152   360   365 I adbd    : UsbFfsConnection constructed
10-24 01:55:30.153   360   518 I adbd    : UsbFfs-monitor thread spawned
10-24 01:55:30.156   360   518 I adbd    : USB event: FUNCTIONFS_BIND
10-24 01:55:30.160   360   518 I adbd    : USB event: FUNCTIONFS_UNBIND
10-24 01:55:30.160   360   518 I adbd    : UsbFfs: connection terminated: monitor thread finished
10-24 01:55:30.164   360   360 I adbd    : UsbFfs: already offline
10-24 01:55:30.164   360   360 I adbd    : destroying transport UsbFfs
10-24 01:55:30.165   360   360 I adbd    : UsbFfsConnection being destroyed
10-24 01:55:30.228   360   365 I adbd    : opening control endpoint /dev/usb-ffs/adb/ep0
10-24 01:55:30.229   360   365 I adbd    : UsbFfsConnection constructed
10-24 01:55:30.229   360   519 I adbd    : UsbFfs-monitor thread spawned
10-24 01:55:30.231   360   519 I adbd    : USB event: FUNCTIONFS_BIND
10-24 01:55:30.233   360   519 I adbd    : USB event: FUNCTIONFS_UNBIND
10-24 01:55:30.233   360   519 I adbd    : UsbFfs: connection terminated: monitor thread finished
10-24 01:55:30.233   360   360 I adbd    : UsbFfs: already offline
10-24 01:55:30.233   360   360 I adbd    : destroying transport UsbFfs
10-24 01:55:30.233   360   360 I adbd    : UsbFfsConnection being destroyed
10-24 01:55:30.293   360   365 I adbd    : opening control endpoint /dev/usb-ffs/adb/ep0
10-24 01:55:30.296   360   365 I adbd    : UsbFfsConnection constructed
10-24 01:55:30.297   360   520 I adbd    : UsbFfs-monitor thread spawned
10-24 01:55:30.303   360   520 I adbd    : USB event: FUNCTIONFS_BIND
10-24 01:55:30.317   360   520 I adbd    : USB event: FUNCTIONFS_UNBIND
10-24 01:55:30.317   360   520 I adbd    : UsbFfs: connection terminated: monitor thread finished
10-24 01:55:30.318   360   360 I adbd    : UsbFfs: already offline
10-24 01:55:30.318   360   360 I adbd    : destroying transport UsbFfs
10-24 01:55:30.318   360   360 I adbd    : UsbFfsConnection being destroyed
10-24 01:55:30.361   360   365 I adbd    : opening control endpoint /dev/usb-ffs/adb/ep0
10-24 01:55:30.364   360   365 I adbd    : UsbFfsConnection constructed
10-24 01:55:30.365   360   521 I adbd    : UsbFfs-monitor thread spawned
10-24 01:55:30.372   360   521 I adbd    : USB event: FUNCTIONFS_BIND
10-24 01:55:30.386   360   521 I adbd    : USB event: FUNCTIONFS_UNBIND
10-24 01:55:30.386   360   521 I adbd    : UsbFfs: connection terminated: monitor thread finished
10-24 01:55:30.387   360   360 I adbd    : UsbFfs: already offline
10-24 01:55:30.387   360   360 I adbd    : destroying transport UsbFfs
10-24 01:55:30.387   360   360 I adbd    : UsbFfsConnection being destroyed
10-24 01:55:30.429   360   365 I adbd    : opening control endpoint /dev/usb-ffs/adb/ep0
10-24 01:55:30.433   360   365 I adbd    : UsbFfsConnection constructed
10-24 01:55:30.433   360   522 I adbd    : UsbFfs-monitor thread spawned
10-24 01:55:30.440   360   522 I adbd    : USB event: FUNCTIONFS_BIND
10-24 01:55:30.454   360   522 I adbd    : USB event: FUNCTIONFS_UNBIND
10-24 01:55:30.454   360   522 I adbd    : UsbFfs: connection terminated: monitor thread finished
10-24 01:55:30.454   360   360 I adbd    : UsbFfs: already offline
10-24 01:55:30.454   360   360 I adbd    : destroying transport UsbFfs
10-24 01:55:30.455   360   360 I adbd    : UsbFfsConnection being destroyed
10-24 01:55:30.490   360   365 I adbd    : opening control endpoint /dev/usb-ffs/adb/ep0
10-24 01:55:30.493   360   365 I adbd    : UsbFfsConnection constructed
10-24 01:55:30.493   360   523 I adbd    : UsbFfs-monitor thread spawned
10-24 01:55:30.500   360   523 I adbd    : USB event: FUNCTIONFS_BIND
10-24 01:55:30.514   360   523 I adbd    : USB event: FUNCTIONFS_UNBIND
10-24 01:55:30.514   360   523 I adbd    : UsbFfs: connection terminated: monitor thread finished
10-24 01:55:30.515   360   360 I adbd    : UsbFfs: already offline
10-24 01:55:30.515   360   360 I adbd    : destroying transport UsbFfs
10-24 01:55:30.515   360   360 I adbd    : UsbFfsConnection being destroyed
10-24 01:55:30.553   360   365 I adbd    : opening control endpoint /dev/usb-ffs/adb/ep0
10-24 01:55:30.556   360   365 I adbd    : UsbFfsConnection constructed
10-24 01:55:30.557   360   524 I adbd    : UsbFfs-monitor thread spawned
10-24 01:55:30.564   360   524 I adbd    : USB event: FUNCTIONFS_BIND
10-24 01:55:30.578   360   524 I adbd    : USB event: FUNCTIONFS_UNBIND
