10-24 01:56:09.936   331   331 E hwservicemanager: getFrameworkHalManifest: status from fetching VINTF information: -2
10-24 01:56:09.936   331   331 E hwservicemanager: getFrameworkHalManifest: -2 VINTF parse error: Cannot read /system/manifest.xml: No such file or directory
10-24 01:56:09.936   612   612 E HidlServiceManagement: getService: Potential race detected. The VINTF manifest is not being enforced. If a HAL server has a delay in starting and it is not in the manifest, it will not be retrieved. Please make sure all HALs on this device are in the VINTF manifest and enable PRODUCT_ENFORCE_VINTF_MANIFEST on this device (this is also enabled by PRODUCT_FULL_TREBLE). PRODUCT_ENFORCE_VINTF_MANIFEST will ensure that no race condition is possible here.
10-24 01:56:10.015   342   342 W HidlServiceManagement: Waited one second for android.hardware.keymaster@4.0::IKeymasterDevice/default
10-24 01:56:10.015   331   331 I hwservicemanager: Since android.hardware.keymaster@4.0::IKeymasterDevice/default is not registered, trying to start it as a lazy HAL.
10-24 01:56:10.016   342   342 I HidlServiceManagement: getService: Trying again for android.hardware.keymaster@4.0::IKeymasterDevice/default...
10-24 01:56:10.133   331   614 W libc    : Unable to set property "ctl.interface_start" to "android.hardware.keymaster@4.0::IKeymasterDevice/default": error code: 0x20
10-24 01:56:10.938   612   612 E android.hardware.gatekeeper@1.0-service: Could not get passthrough implementation for android.hardware.gatekeeper@1.0::IGatekeeper/default.
10-24 01:56:11.016   342   342 W HidlServiceManagement: Waited one second for android.hardware.keymaster@4.0::IKeymasterDevice/default
10-24 01:56:11.017   331   331 I hwservicemanager: Since android.hardware.keymaster@4.0::IKeymasterDevice/default is not registered, trying to start it as a lazy HAL.
10-24 01:56:11.017   342   342 I HidlServiceManagement: getService: Trying again for android.hardware.keymaster@4.0::IKeymasterDevice/default...
10-24 01:56:11.153   331   615 W libc    : Unable to set property "ctl.interface_start" to "android.hardware.keymaster@4.0::IKeymasterDevice/default": error code: 0x20
10-24 01:56:12.018   342   342 W HidlServiceManagement: Waited one second for android.hardware.keymaster@4.0::IKeymasterDevice/default
10-24 01:56:12.019   331   331 I hwservicemanager: Since android.hardware.keymaster@4.0::IKeymasterDevice/default is not registered, trying to start it as a lazy HAL.
10-24 01:56:12.019   342   342 I HidlServiceManagement: getService: Trying again for android.hardware.keymaster@4.0::IKeymasterDevice/default...
10-24 01:56:12.020   331   616 W libc    : Unable to set property "ctl.interface_start" to "android.hardware.keymaster@4.0::IKeymasterDevice/default": error code: 0x20
10-24 01:56:13.020   342   342 W HidlServiceManagement: Waited one second for android.hardware.keymaster@4.0::IKeymasterDevice/default
10-24 01:56:13.020   331   331 I hwservicemanager: Since android.hardware.keymaster@4.0::IKeymasterDevice/default is not registered, trying to start it as a lazy HAL.
10-24 01:56:13.021   342   342 I HidlServiceManagement: getService: Trying again for android.hardware.keymaster@4.0::IKeymasterDevice/default...
10-24 01:56:13.022   331   617 W libc    : Unable to set property "ctl.interface_start" to "android.hardware.keymaster@4.0::IKeymasterDevice/default": error code: 0x20
10-24 01:56:14.022   342   342 W HidlServiceManagement: Waited one second for android.hardware.keymaster@4.0::IKeymasterDevice/default
10-24 01:56:14.023   331   331 I hwservicemanager: Since android.hardware.keymaster@4.0::IKeymasterDevice/default is not registered, trying to start it as a lazy HAL.
10-24 01:56:14.023   342   342 I HidlServiceManagement: getService: Trying again for android.hardware.keymaster@4.0::IKeymasterDevice/default...
10-24 01:56:14.025   331   618 W libc    : Unable to set property "ctl.interface_start" to "android.hardware.keymaster@4.0::IKeymasterDevice/default": error code: 0x20
10-24 01:56:14.687   619   619 F linker  : CANNOT LINK EXECUTABLE "/sbin/teei_daemon": library "libimsg_log.so" not found: needed by main executable
10-24 01:56:14.928   621   621 F linker  : CANNOT LINK EXECUTABLE "/sbin/android.hardware.keymaster@4.0-service.beanpod": library "libkeymaster4.so" not found: needed by main executable
10-24 01:56:14.945   620   620 E cutils-trace: Error opening trace file: No such file or directory (2)
10-24 01:56:14.946   331   331 I hwservicemanager: getFrameworkHalManifest: Reading VINTF information.
10-24 01:56:14.946   331   331 W hwservicemanager: Cannot fetch /system/etc/vintf/manifest.xml: Cannot read /system/etc/vintf/manifest.xml: No such file or directory
10-24 01:56:14.946   331   331 E hwservicemanager: getFrameworkHalManifest: status from fetching VINTF information: -2
10-24 01:56:14.947   331   331 E hwservicemanager: getFrameworkHalManifest: -2 VINTF parse error: Cannot read /system/manifest.xml: No such file or directory
10-24 01:56:14.947   620   620 E HidlServiceManagement: getService: Potential race detected. The VINTF manifest is not being enforced. If a HAL server has a delay in starting and it is not in the manifest, it will not be retrieved. Please make sure all HALs on this device are in the VINTF manifest and enable PRODUCT_ENFORCE_VINTF_MANIFEST on this device (this is also enabled by PRODUCT_FULL_TREBLE). PRODUCT_ENFORCE_VINTF_MANIFEST will ensure that no race condition is possible here.
10-24 01:56:15.024   342   342 W HidlServiceManagement: Waited one second for android.hardware.keymaster@4.0::IKeymasterDevice/default
10-24 01:56:15.025   331   331 I hwservicemanager: Since android.hardware.keymaster@4.0::IKeymasterDevice/default is not registered, trying to start it as a lazy HAL.
10-24 01:56:15.025   342   342 I HidlServiceManagement: getService: Trying again for android.hardware.keymaster@4.0::IKeymasterDevice/default...
10-24 01:56:15.140   331   622 W libc    : Unable to set property "ctl.interface_start" to "android.hardware.keymaster@4.0::IKeymasterDevice/default": error code: 0x20
10-24 01:56:15.948   620   620 E android.hardware.gatekeeper@1.0-service: Could not get passthrough implementation for android.hardware.gatekeeper@1.0::IGatekeeper/default.
10-24 01:56:16.026   342   342 W HidlServiceManagement: Waited one second for android.hardware.keymaster@4.0::IKeymasterDevice/default
10-24 01:56:16.027   331   331 I hwservicemanager: Since android.hardware.keymaster@4.0::IKeymasterDevice/default is not registered, trying to start it as a lazy HAL.
10-24 01:56:16.027   342   342 I HidlServiceManagement: getService: Trying again for android.hardware.keymaster@4.0::IKeymasterDevice/default...
10-24 01:56:16.164   331   623 W libc    : Unable to set property "ctl.interface_start" to "android.hardware.keymaster@4.0::IKeymasterDevice/default": error code: 0x20
10-24 01:56:17.028   342   342 W HidlServiceManagement: Waited one second for android.hardware.keymaster@4.0::IKeymasterDevice/default
10-24 01:56:17.029   331   331 I hwservicemanager: Since android.hardware.keymaster@4.0::IKeymasterDevice/default is not registered, trying to start it as a lazy HAL.
10-24 01:56:17.029   342   342 I HidlServiceManagement: getService: Trying again for android.hardware.keymaster@4.0::IKeymasterDevice/default...
10-24 01:56:17.031   331   624 W libc    : Unable to set property "ctl.interface_start" to "android.hardware.keymaster@4.0::IKeymasterDevice/default": error code: 0x20
10-24 01:56:18.030   342   342 W HidlServiceManagement: Waited one second for android.hardware.keymaster@4.0::IKeymasterDevice/default
10-24 01:56:18.031   331   331 I hwservicemanager: Since android.hardware.keymaster@4.0::IKeymasterDevice/default is not registered, trying to start it as a lazy HAL.
10-24 01:56:18.032   342   342 I HidlServiceManagement: getService: Trying again for android.hardware.keymaster@4.0::IKeymasterDevice/default...
10-24 01:56:18.033   331   625 W libc    : Unable to set property "ctl.interface_start" to "android.hardware.keymaster@4.0::IKeymasterDevice/default": error code: 0x20
10-24 01:56:19.032   342   342 W HidlServiceManagement: Waited one second for android.hardware.keymaster@4.0::IKeymasterDevice/default
10-24 01:56:19.033   331   331 I hwservicemanager: Since android.hardware.keymaster@4.0::IKeymasterDevice/default is not registered, trying to start it as a lazy HAL.
10-24 01:56:19.034   342   342 I HidlServiceManagement: getService: Trying again for android.hardware.keymaster@4.0::IKeymasterDevice/default...
10-24 01:56:19.035   331   626 W libc    : Unable to set property "ctl.interface_start" to "android.hardware.keymaster@4.0::IKeymasterDevice/default": error code: 0x20
10-24 01:56:19.694   627   627 F linker  : CANNOT LINK EXECUTABLE "/sbin/teei_daemon": library "libimsg_log.so" not found: needed by main executable
10-24 01:56:19.934   629   629 F linker  : CANNOT LINK EXECUTABLE "/sbin/android.hardware.keymaster@4.0-service.beanpod": library "libkeymaster4.so" not found: needed by main executable
10-24 01:56:19.947   628   628 E cutils-trace: Error opening trace file: No such file or directory (2)
10-24 01:56:19.948   331   331 I hwservicemanager: getFrameworkHalManifest: Reading VINTF information.
10-24 01:56:19.948   331   331 W hwservicemanager: Cannot fetch /system/etc/vintf/manifest.xml: Cannot read /system/etc/vintf/manifest.xml: No such file or directory
10-24 01:56:19.948   331   331 E hwservicemanager: getFrameworkHalManifest: status from fetching VINTF information: -2
10-24 01:56:19.948   331   331 E hwservicemanager: getFrameworkHalManifest: -2 VINTF parse error: Cannot read /system/manifest.xml: No such file or directory
10-24 01:56:19.948   628   628 E HidlServiceManagement: getService: Potential race detected. The VINTF manifest is not being enforced. If a HAL server has a delay in starting and it is not in the manifest, it will not be retrieved. Please make sure all HALs on this device are in the VINTF manifest and enable PRODUCT_ENFORCE_VINTF_MANIFEST on this device (this is also enabled by PRODUCT_FULL_TREBLE). PRODUCT_ENFORCE_VINTF_MANIFEST will ensure that no race condition is possible here.
10-24 01:56:20.034   342   342 W HidlServiceManagement: Waited one second for android.hardware.keymaster@4.0::IKeymasterDevice/default
10-24 01:56:20.034   331   331 I hwservicemanager: Since android.hardware.keymaster@4.0::IKeymasterDevice/default is not registered, trying to start it as a lazy HAL.
10-24 01:56:20.035   342   342 I HidlServiceManagement: getService: Trying again for android.hardware.keymaster@4.0::IKeymasterDevice/default...
10-24 01:56:20.145   331   630 W libc    : Unable to set property "ctl.interface_start" to "android.hardware.keymaster@4.0::IKeymasterDevice/default": error code: 0x20
10-24 01:56:20.949   628   628 E android.hardware.gatekeeper@1.0-service: Could not get passthrough implementation for android.hardware.gatekeeper@1.0::IGatekeeper/default.
10-24 01:56:21.036   342   342 W HidlServiceManagement: Waited one second for android.hardware.keymaster@4.0::IKeymasterDevice/default
10-24 01:56:21.036   331   331 I hwservicemanager: Since android.hardware.keymaster@4.0::IKeymasterDevice/default is not registered, trying to start it as a lazy HAL.
10-24 01:56:21.037   342   342 I HidlServiceManagement: getService: Trying again for android.hardware.keymaster@4.0::IKeymasterDevice/default...
10-24 01:56:21.164   331   631 W libc    : Unable to set property "ctl.interface_start" to "android.hardware.keymaster@4.0::IKeymasterDevice/default": error code: 0x20
10-24 01:56:22.038   342   342 W HidlServiceManagement: Waited one second for android.hardware.keymaster@4.0::IKeymasterDevice/default
10-24 01:56:22.038   331   331 I hwservicemanager: Since android.hardware.keymaster@4.0::IKeymasterDevice/default is not registered, trying to start it as a lazy HAL.
10-24 01:56:22.039   342   342 I HidlServiceManagement: getService: Trying again for android.hardware.keymaster@4.0::IKeymasterDevice/default...
10-24 01:56:22.040   331   632 W libc    : Unable to set property "ctl.interface_start" to "android.hardware.keymaster@4.0::IKeymasterDevice/default": error code: 0x20
10-24 01:56:23.039   342   342 W HidlServiceManagement: Waited one second for android.hardware.keymaster@4.0::IKeymasterDevice/default
10-24 01:56:23.040   331   331 I hwservicemanager: Since android.hardware.keymaster@4.0::IKeymasterDevice/default is not registered, trying to start it as a lazy HAL.
10-24 01:56:23.041   342   342 I HidlServiceManagement: getService: Trying again for android.hardware.keymaster@4.0::IKeymasterDevice/default...
10-24 01:56:23.042   331   633 W libc    : Unable to set property "ctl.interface_start" to "android.hardware.keymaster@4.0::IKeymasterDevice/default": error code: 0x20
10-24 01:56:24.041   342   342 W HidlServiceManagement: Waited one second for android.hardware.keymaster@4.0::IKeymasterDevice/default
10-24 01:56:24.042   331   331 I hwservicemanager: Since android.hardware.keymaster@4.0::IKeymasterDevice/default is not registered, trying to start it as a lazy HAL.
10-24 01:56:24.043   342   342 I HidlServiceManagement: getService: Trying again for android.hardware.keymaster@4.0::IKeymasterDevice/default...
10-24 01:56:24.044   331   635 W libc    : Unable to set property "ctl.interface_start" to "android.hardware.keymaster@4.0::IKeymasterDevice/default": error code: 0x20
10-24 01:56:24.699   636   636 F linker  : CANNOT LINK EXECUTABLE "/sbin/teei_daemon": library "libimsg_log.so" not found: needed by main executable
10-24 01:56:24.940   638   638 F linker  : CANNOT LINK EXECUTABLE "/sbin/android.hardware.keymaster@4.0-service.beanpod": library "libkeymaster4.so" not found: needed by main executable
10-24 01:56:24.957   637   637 E cutils-trace: Error opening trace file: No such file or directory (2)
10-24 01:56:24.958   331   331 I hwservicemanager: getFrameworkHalManifest: Reading VINTF information.
10-24 01:56:24.958   331   331 W hwservicemanager: Cannot fetch /system/etc/vintf/manifest.xml: Cannot read /system/etc/vintf/manifest.xml: No such file or directory
10-24 01:56:24.958   331   331 E hwservicemanager: getFrameworkHalManifest: status from fetching VINTF information: -2
10-24 01:56:24.958   331   331 E hwservicemanager: getFrameworkHalManifest: -2 VINTF parse error: Cannot read /system/manifest.xml: No such file or directory
10-24 01:56:24.958   637   637 E HidlServiceManagement: getService: Potential race detected. The VINTF manifest is not being enforced. If a HAL server has a delay in starting and it is not in the manifest, it will not be retrieved. Please make sure all HALs on this device are in the VINTF manifest and enable PRODUCT_ENFORCE_VINTF_MANIFEST on this device (this is also enabled by PRODUCT_FULL_TREBLE). PRODUCT_ENFORCE_VINTF_MANIFEST will ensure that no race condition is possible here.
10-24 01:56:25.044   342   342 W HidlServiceManagement: Waited one second for android.hardware.keymaster@4.0::IKeymasterDevice/default
10-24 01:56:25.044   331   331 I hwservicemanager: Since android.hardware.keymaster@4.0::IKeymasterDevice/default is not registered, trying to start it as a lazy HAL.
10-24 01:56:25.045   342   342 I HidlServiceManagement: getService: Trying again for android.hardware.keymaster@4.0::IKeymasterDevice/default...
10-24 01:56:25.152   331   639 W libc    : Unable to set property "ctl.interface_start" to "android.hardware.keymaster@4.0::IKeymasterDevice/default": error code: 0x20
10-24 01:56:25.960   637   637 E android.hardware.gatekeeper@1.0-service: Could not get passthrough implementation for android.hardware.gatekeeper@1.0::IGatekeeper/default.
10-24 01:56:26.046   342   342 W HidlServiceManagement: Waited one second for android.hardware.keymaster@4.0::IKeymasterDevice/default
10-24 01:56:26.046   331   331 I hwservicemanager: Since android.hardware.keymaster@4.0::IKeymasterDevice/default is not registered, trying to start it as a lazy HAL.
10-24 01:56:26.047   342   342 I HidlServiceManagement: getService: Trying again for android.hardware.keymaster@4.0::IKeymasterDevice/default...
10-24 01:56:26.175   331   640 W libc    : Unable to set property "ctl.interface_start" to "android.hardware.keymaster@4.0::IKeymasterDevice/default": error code: 0x20
10-24 01:56:27.048   342   342 W HidlServiceManagement: Waited one second for android.hardware.keymaster@4.0::IKeymasterDevice/default
10-24 01:56:27.049   331   331 I hwservicemanager: Since android.hardware.keymaster@4.0::IKeymasterDevice/default is not registered, trying to start it as a lazy HAL.
10-24 01:56:27.049   342   342 I HidlServiceManagement: getService: Trying again for android.hardware.keymaster@4.0::IKeymasterDevice/default...
10-24 01:56:27.051   331   641 W libc    : Unable to set property "ctl.interface_start" to "android.hardware.keymaster@4.0::IKeymasterDevice/default": error code: 0x20
10-24 01:56:28.050   342   342 W HidlServiceManagement: Waited one second for android.hardware.keymaster@4.0::IKeymasterDevice/default
10-24 01:56:28.051   331   331 I hwservicemanager: Since android.hardware.keymaster@4.0::IKeymasterDevice/default is not registered, trying to start it as a lazy HAL.
10-24 01:56:28.052   342   342 I HidlServiceManagement: getService: Trying again for android.hardware.keymaster@4.0::IKeymasterDevice/default...
10-24 01:56:28.053   331   642 W libc    : Unable to set property "ctl.interface_start" to "android.hardware.keymaster@4.0::IKeymasterDevice/default": error code: 0x20
10-24 01:56:29.052   342   342 W HidlServiceManagement: Waited one second for android.hardware.keymaster@4.0::IKeymasterDevice/default
10-24 01:56:29.053   331   331 I hwservicemanager: Since android.hardware.keymaster@4.0::IKeymasterDevice/default is not registered, trying to start it as a lazy HAL.
10-24 01:56:29.054   342   342 I HidlServiceManagement: getService: Trying again for android.hardware.keymaster@4.0::IKeymasterDevice/default...
10-24 01:56:29.055   331   643 W libc    : Unable to set property "ctl.interface_start" to "android.hardware.keymaster@4.0::IKeymasterDevice/default": error code: 0x20
10-24 01:56:29.704   644   644 F linker  : CANNOT LINK EXECUTABLE "/sbin/teei_daemon": library "libimsg_log.so" not found: needed by main executable
10-24 01:56:29.945   646   646 F linker  : CANNOT LINK EXECUTABLE "/sbin/android.hardware.keymaster@4.0-service.beanpod": library "libkeymaster4.so" not found: needed by main executable
10-24 01:56:29.962   645   645 E cutils-trace: Error opening trace file: No such file or directory (2)
10-24 01:56:29.962   331   331 I hwservicemanager: getFrameworkHalManifest: Reading VINTF information.
10-24 01:56:29.963   331   331 W hwservicemanager: Cannot fetch /system/etc/vintf/manifest.xml: Cannot read /system/etc/vintf/manifest.xml: No such file or directory
10-24 01:56:29.963   331   331 E hwservicemanager: getFrameworkHalManifest: status from fetching VINTF information: -2
10-24 01:56:29.963   331   331 E hwservicemanager: getFrameworkHalManifest: -2 VINTF parse error: Cannot read /system/manifest.xml: No such file or directory
10-24 01:56:29.963   645   645 E HidlServiceManagement: getService: Potential race detected. The VINTF manifest is not being enforced. If a HAL server has a delay in starting and it is not in the manifest, it will not be retrieved. Please make sure all HALs on this device are in the VINTF manifest and enable PRODUCT_ENFORCE_VINTF_MANIFEST on this device (this is also enabled by PRODUCT_FULL_TREBLE). PRODUCT_ENFORCE_VINTF_MANIFEST will ensure that no race condition is possible here.
10-24 01:56:30.054   342   342 W HidlServiceManagement: Waited one second for android.hardware.keymaster@4.0::IKeymasterDevice/default
10-24 01:56:30.054   331   331 I hwservicemanager: Since android.hardware.keymaster@4.0::IKeymasterDevice/default is not registered, trying to start it as a lazy HAL.
10-24 01:56:30.055   342   342 I HidlServiceManagement: getService: Trying again for android.hardware.keymaster@4.0::IKeymasterDevice/default...
10-24 01:56:30.156   331   647 W libc    : Unable to set property "ctl.interface_start" to "android.hardware.keymaster@4.0::IKeymasterDevice/default": error code: 0x20
10-24 01:56:30.964   645   645 E android.hardware.gatekeeper@1.0-service: Could not get passthrough implementation for android.hardware.gatekeeper@1.0::IGatekeeper/default.
10-24 01:56:31.055   342   342 W HidlServiceManagement: Waited one second for android.hardware.keymaster@4.0::IKeymasterDevice/default
10-24 01:56:31.056   331   331 I hwservicemanager: Since android.hardware.keymaster@4.0::IKeymasterDevice/default is not registered, trying to start it as a lazy HAL.
10-24 01:56:31.057   342   342 I HidlServiceManagement: getService: Trying again for android.hardware.keymaster@4.0::IKeymasterDevice/default...
10-24 01:56:31.180   331   648 W libc    : Unable to set property "ctl.interface_start" to "android.hardware.keymaster@4.0::IKeymasterDevice/default": error code: 0x20
10-24 01:56:32.057   342   342 W HidlServiceManagement: Waited one second for android.hardware.keymaster@4.0::IKeymasterDevice/default
10-24 01:56:32.058   331   331 I hwservicemanager: Since android.hardware.keymaster@4.0::IKeymasterDevice/default is not registered, trying to start it as a lazy HAL.
10-24 01:56:32.059   342   342 I HidlServiceManagement: getService: Trying again for android.hardware.keymaster@4.0::IKeymasterDevice/default...
10-24 01:56:32.060   331   649 W libc    : Unable to set property "ctl.interface_start" to "android.hardware.keymaster@4.0::IKeymasterDevice/default": error code: 0x20
10-24 01:56:33.059   342   342 W HidlServiceManagement: Waited one second for android.hardware.keymaster@4.0::IKeymasterDevice/default
10-24 01:56:33.060   331   331 I hwservicemanager: Since android.hardware.keymaster@4.0::IKeymasterDevice/default is not registered, trying to start it as a lazy HAL.
10-24 01:56:33.061   342   342 I HidlServiceManagement: getService: Trying again for android.hardware.keymaster@4.0::IKeymasterDevice/default...
10-24 01:56:33.062   331   650 W libc    : Unable to set property "ctl.interface_start" to "android.hardware.keymaster@4.0::IKeymasterDevice/default": error code: 0x20
10-24 01:56:34.061   342   342 W HidlServiceManagement: Waited one second for android.hardware.keymaster@4.0::IKeymasterDevice/default
10-24 01:56:34.062   331   331 I hwservicemanager: Since android.hardware.keymaster@4.0::IKeymasterDevice/default is not registered, trying to start it as a lazy HAL.
10-24 01:56:34.063   342   342 I HidlServiceManagement: getService: Trying again for android.hardware.keymaster@4.0::IKeymasterDevice/default...
10-24 01:56:34.064   331   651 W libc    : Unable to set property "ctl.interface_start" to "android.hardware.keymaster@4.0::IKeymasterDevice/default": error code: 0x20
10-24 01:56:34.710   652   652 F linker  : CANNOT LINK EXECUTABLE "/sbin/teei_daemon": library "libimsg_log.so" not found: needed by main executable
10-24 01:56:34.950   654   654 F linker  : CANNOT LINK EXECUTABLE "/sbin/android.hardware.keymaster@4.0-service.beanpod": library "libkeymaster4.so" not found: needed by main executable
10-24 01:56:34.970   653   653 E cutils-trace: Error opening trace file: No such file or directory (2)
10-24 01:56:34.971   331   331 I hwservicemanager: getFrameworkHalManifest: Reading VINTF information.
10-24 01:56:34.972   331   331 W hwservicemanager: Cannot fetch /system/etc/vintf/manifest.xml: Cannot read /system/etc/vintf/manifest.xml: No such file or directory
10-24 01:56:34.972   331   331 E hwservicemanager: getFrameworkHalManifest: status from fetching VINTF information: -2
10-24 01:56:34.972   331   331 E hwservicemanager: getFrameworkHalManifest: -2 VINTF parse error: Cannot read /system/manifest.xml: No such file or directory
10-24 01:56:34.973   653   653 E HidlServiceManagement: getService: Potential race detected. The VINTF manifest is not being enforced. If a HAL server has a delay in starting and it is not in the manifest, it will not be retrieved. Please make sure all HALs on this device are in the VINTF manifest and enable PRODUCT_ENFORCE_VINTF_MANIFEST on this device (this is also enabled by PRODUCT_FULL_TREBLE). PRODUCT_ENFORCE_VINTF_MANIFEST will ensure that no race condition is possible here.
10-24 01:56:35.063   342   342 W HidlServiceManagement: Waited one second for android.hardware.keymaster@4.0::IKeymasterDevice/default
10-24 01:56:35.064   331   331 I hwservicemanager: Since android.hardware.keymaster@4.0::IKeymasterDevice/default is not registered, trying to start it as a lazy HAL.
10-24 01:56:35.065   342   342 I HidlServiceManagement: getService: Trying again for android.hardware.keymaster@4.0::IKeymasterDevice/default...
10-24 01:56:35.164   331   655 W libc    : Unable to set property "ctl.interface_start" to "android.hardware.keymaster@4.0::IKeymasterDevice/default": error code: 0x20
10-24 01:56:35.974   653   653 E android.hardware.gatekeeper@1.0-service: Could not get passthrough implementation for android.hardware.gatekeeper@1.0::IGatekeeper/default.
10-24 01:56:36.065   342   342 W HidlServiceManagement: Waited one second for android.hardware.keymaster@4.0::IKeymasterDevice/default
10-24 01:56:36.066   331   331 I hwservicemanager: Since android.hardware.keymaster@4.0::IKeymasterDevice/default is not registered, trying to start it as a lazy HAL.
10-24 01:56:36.067   342   342 I HidlServiceManagement: getService: Trying again for android.hardware.keymaster@4.0::IKeymasterDevice/default...
10-24 01:56:36.189   331   656 W libc    : Unable to set property "ctl.interface_start" to "android.hardware.keymaster@4.0::IKeymasterDevice/default": error code: 0x20
10-24 01:56:37.067   342   342 W HidlServiceManagement: Waited one second for android.hardware.keymaster@4.0::IKeymasterDevice/default
10-24 01:56:37.068   331   331 I hwservicemanager: Since android.hardware.keymaster@4.0::IKeymasterDevice/default is not registered, trying to start it as a lazy HAL.
10-24 01:56:37.069   342   342 I HidlServiceManagement: getService: Trying again for android.hardware.keymaster@4.0::IKeymasterDevice/default...
10-24 01:56:37.070   331   657 W libc    : Unable to set property "ctl.interface_start" to "android.hardware.keymaster@4.0::IKeymasterDevice/default": error code: 0x20
10-24 01:56:38.070   342   342 W HidlServiceManagement: Waited one second for android.hardware.keymaster@4.0::IKeymasterDevice/default
10-24 01:56:38.070   331   331 I hwservicemanager: Since android.hardware.keymaster@4.0::IKeymasterDevice/default is not registered, trying to start it as a lazy HAL.
10-24 01:56:38.071   342   342 I HidlServiceManagement: getService: Trying again for android.hardware.keymaster@4.0::IKeymasterDevice/default...
10-24 01:56:38.072   331   658 W libc    : Unable to set property "ctl.interface_start" to "android.hardware.keymaster@4.0::IKeymasterDevice/default": error code: 0x20
10-24 01:56:39.072   342   342 W HidlServiceManagement: Waited one second for android.hardware.keymaster@4.0::IKeymasterDevice/default
10-24 01:56:39.073   331   331 I hwservicemanager: Since android.hardware.keymaster@4.0::IKeymasterDevice/default is not registered, trying to start it as a lazy HAL.
10-24 01:56:39.073   342   342 I HidlServiceManagement: getService: Trying again for android.hardware.keymaster@4.0::IKeymasterDevice/default...
10-24 01:56:39.074   331   659 W libc    : Unable to set property "ctl.interface_start" to "android.hardware.keymaster@4.0::IKeymasterDevice/default": error code: 0x20
10-24 01:56:39.716   660   660 F linker  : CANNOT LINK EXECUTABLE "/sbin/teei_daemon": library "libimsg_log.so" not found: needed by main executable
10-24 01:56:39.957   662   662 F linker  : CANNOT LINK EXECUTABLE "/sbin/android.hardware.keymaster@4.0-service.beanpod": library "libkeymaster4.so" not found: needed by main executable
10-24 01:56:39.973   661   661 E cutils-trace: Error opening trace file: No such file or directory (2)
10-24 01:56:39.974   331   331 I hwservicemanager: getFrameworkHalManifest: Reading VINTF information.
10-24 01:56:39.974   331   331 W hwservicemanager: Cannot fetch /system/etc/vintf/manifest.xml: Cannot read /system/etc/vintf/manifest.xml: No such file or directory
10-24 01:56:39.974   331   331 E hwservicemanager: getFrameworkHalManifest: status from fetching VINTF information: -2
10-24 01:56:39.974   331   331 E hwservicemanager: getFrameworkHalManifest: -2 VINTF parse error: Cannot read /system/manifest.xml: No such file or directory
10-24 01:56:39.975   661   661 E HidlServiceManagement: getService: Potential race detected. The VINTF manifest is not being enforced. If a HAL server has a delay in starting and it is not in the manifest, it will not be retrieved. Please make sure all HALs on this device are in the VINTF manifest and enable PRODUCT_ENFORCE_VINTF_MANIFEST on this device (this is also enabled by PRODUCT_FULL_TREBLE). PRODUCT_ENFORCE_VINTF_MANIFEST will ensure that no race condition is possible here.
10-24 01:56:40.074   342   342 W HidlServiceManagement: Waited one second for android.hardware.keymaster@4.0::IKeymasterDevice/default
10-24 01:56:40.075   331   331 I hwservicemanager: Since android.hardware.keymaster@4.0::IKeymasterDevice/default is not registered, trying to start it as a lazy HAL.
10-24 01:56:40.075   342   342 I HidlServiceManagement: getService: Trying again for android.hardware.keymaster@4.0::IKeymasterDevice/default...
10-24 01:56:40.169   331   663 W libc    : Unable to set property "ctl.interface_start" to "android.hardware.keymaster@4.0::IKeymasterDevice/default": error code: 0x20
10-24 01:56:40.976   661   661 E android.hardware.gatekeeper@1.0-service: Could not get passthrough implementation for android.hardware.gatekeeper@1.0::IGatekeeper/default.
10-24 01:56:41.076   342   342 W HidlServiceManagement: Waited one second for android.hardware.keymaster@4.0::IKeymasterDevice/default
10-24 01:56:41.077   331   331 I hwservicemanager: Since android.hardware.keymaster@4.0::IKeymasterDevice/default is not registered, trying to start it as a lazy HAL.
10-24 01:56:41.077   342   342 I HidlServiceManagement: getService: Trying again for android.hardware.keymaster@4.0::IKeymasterDevice/default...
10-24 01:56:41.192   331   664 W libc    : Unable to set property "ctl.interface_start" to "android.hardware.keymaster@4.0::IKeymasterDevice/default": error code: 0x20
10-24 01:56:42.078   342   342 W HidlServiceManagement: Waited one second for android.hardware.keymaster@4.0::IKeymasterDevice/default
10-24 01:56:42.079   331   331 I hwservicemanager: Since android.hardware.keymaster@4.0::IKeymasterDevice/default is not registered, trying to start it as a lazy HAL.
10-24 01:56:42.079   342   342 I HidlServiceManagement: getService: Trying again for android.hardware.keymaster@4.0::IKeymasterDevice/default...
10-24 01:56:42.081   331   665 W libc    : Unable to set property "ctl.interface_start" to "android.hardware.keymaster@4.0::IKeymasterDevice/default": error code: 0x20
10-24 01:56:43.080   342   342 W HidlServiceManagement: Waited one second for android.hardware.keymaster@4.0::IKeymasterDevice/default
10-24 01:56:43.081   331   331 I hwservicemanager: Since android.hardware.keymaster@4.0::IKeymasterDevice/default is not registered, trying to start it as a lazy HAL.
10-24 01:56:43.081   342   342 I HidlServiceManagement: getService: Trying again for android.hardware.keymaster@4.0::IKeymasterDevice/default...
10-24 01:56:43.083   331   666 W libc    : Unable to set property "ctl.interface_start" to "android.hardware.keymaster@4.0::IKeymasterDevice/default": error code: 0x20
10-24 01:56:44.082   342   342 W HidlServiceManagement: Waited one second for android.hardware.keymaster@4.0::IKeymasterDevice/default
10-24 01:56:44.083   331   331 I hwservicemanager: Since android.hardware.keymaster@4.0::IKeymasterDevice/default is not registered, trying to start it as a lazy HAL.
10-24 01:56:44.084   342   342 I HidlServiceManagement: getService: Trying again for android.hardware.keymaster@4.0::IKeymasterDevice/default...
10-24 01:56:44.085   331   667 W libc    : Unable to set property "ctl.interface_start" to "android.hardware.keymaster@4.0::IKeymasterDevice/default": error code: 0x20
10-24 01:56:44.722   668   668 F linker  : CANNOT LINK EXECUTABLE "/sbin/teei_daemon": library "libimsg_log.so" not found: needed by main executable
10-24 01:56:44.962   670   670 F linker  : CANNOT LINK EXECUTABLE "/sbin/android.hardware.keymaster@4.0-service.beanpod": library "libkeymaster4.so" not found: needed by main executable
10-24 01:56:44.979   669   669 E cutils-trace: Error opening trace file: No such file or directory (2)
10-24 01:56:44.980   331   331 I hwservicemanager: getFrameworkHalManifest: Reading VINTF information.
10-24 01:56:44.980   331   331 W hwservicemanager: Cannot fetch /system/etc/vintf/manifest.xml: Cannot read /system/etc/vintf/manifest.xml: No such file or directory
10-24 01:56:44.980   331   331 E hwservicemanager: getFrameworkHalManifest: status from fetching VINTF information: -2
10-24 01:56:44.980   331   331 E hwservicemanager: getFrameworkHalManifest: -2 VINTF parse error: Cannot read /system/manifest.xml: No such file or directory
10-24 01:56:44.981   669   669 E HidlServiceManagement: getService: Potential race detected. The VINTF manifest is not being enforced. If a HAL server has a delay in starting and it is not in the manifest, it will not be retrieved. Please make sure all HALs on this device are in the VINTF manifest and enable PRODUCT_ENFORCE_VINTF_MANIFEST on this device (this is also enabled by PRODUCT_FULL_TREBLE). PRODUCT_ENFORCE_VINTF_MANIFEST will ensure that no race condition is possible here.
10-24 01:56:45.084   342   342 W HidlServiceManagement: Waited one second for android.hardware.keymaster@4.0::IKeymasterDevice/default
10-24 01:56:45.084   331   331 I hwservicemanager: Since android.hardware.keymaster@4.0::IKeymasterDevice/default is not registered, trying to start it as a lazy HAL.
10-24 01:56:45.085   342   342 I HidlServiceManagement: getService: Trying again for android.hardware.keymaster@4.0::IKeymasterDevice/default...
10-24 01:56:45.176   331   671 W libc    : Unable to set property "ctl.interface_start" to "android.hardware.keymaster@4.0::IKeymasterDevice/default": error code: 0x20
10-24 01:56:45.982   669   669 E android.hardware.gatekeeper@1.0-service: Could not get passthrough implementation for android.hardware.gatekeeper@1.0::IGatekeeper/default.
10-24 01:56:46.086   342   342 W HidlServiceManagement: Waited one second for android.hardware.keymaster@4.0::IKeymasterDevice/default
10-24 01:56:46.086   331   331 I hwservicemanager: Since android.hardware.keymaster@4.0::IKeymasterDevice/default is not registered, trying to start it as a lazy HAL.
10-24 01:56:46.087   342   342 I HidlServiceManagement: getService: Trying again for android.hardware.keymaster@4.0::IKeymasterDevice/default...
10-24 01:56:46.197   331   672 W libc    : Unable to set property "ctl.interface_start" to "android.hardware.keymaster@4.0::IKeymasterDevice/default": error code: 0x20
10-24 01:56:47.088   342   342 W HidlServiceManagement: Waited one second for android.hardware.keymaster@4.0::IKeymasterDevice/default
10-24 01:56:47.089   331   331 I hwservicemanager: Since android.hardware.keymaster@4.0::IKeymasterDevice/default is not registered, trying to start it as a lazy HAL.
10-24 01:56:47.089   342   342 I HidlServiceManagement: getService: Trying again for android.hardware.keymaster@4.0::IKeymasterDevice/default...
10-24 01:56:47.091   331   673 W libc    : Unable to set property "ctl.interface_start" to "android.hardware.keymaster@4.0::IKeymasterDevice/default": error code: 0x20
10-24 01:56:48.090   342   342 W HidlServiceManagement: Waited one second for android.hardware.keymaster@4.0::IKeymasterDevice/default
10-24 01:56:48.091   331   331 I hwservicemanager: Since android.hardware.keymaster@4.0::IKeymasterDevice/default is not registered, trying to start it as a lazy HAL.
10-24 01:56:48.092   342   342 I HidlServiceManagement: getService: Trying again for android.hardware.keymaster@4.0::IKeymasterDevice/default...
10-24 01:56:48.093   331   674 W libc    : Unable to set property "ctl.interface_start" to "android.hardware.keymaster@4.0::IKeymasterDevice/default": error code: 0x20
10-24 01:56:49.092   342   342 W HidlServiceManagement: Waited one second for android.hardware.keymaster@4.0::IKeymasterDevice/default
10-24 01:56:49.093   331   331 I hwservicemanager: Since android.hardware.keymaster@4.0::IKeymasterDevice/default is not registered, trying to start it as a lazy HAL.
10-24 01:56:49.094   342   342 I HidlServiceManagement: getService: Trying again for android.hardware.keymaster@4.0::IKeymasterDevice/default...
10-24 01:56:49.095   331   675 W libc    : Unable to set property "ctl.interface_start" to "android.hardware.keymaster@4.0::IKeymasterDevice/default": error code: 0x20
10-24 01:56:49.727   676   676 F linker  : CANNOT LINK EXECUTABLE "/sbin/teei_daemon": library "libimsg_log.so" not found: needed by main executable
10-24 01:56:49.967   678   678 F linker  : CANNOT LINK EXECUTABLE "/sbin/android.hardware.keymaster@4.0-service.beanpod": library "libkeymaster4.so" not found: needed by main executable
10-24 01:56:49.983   677   677 E cutils-trace: Error opening trace file: No such file or directory (2)
10-24 01:56:49.983   331   331 I hwservicemanager: getFrameworkHalManifest: Reading VINTF information.
10-24 01:56:49.983   331   331 W hwservicemanager: Cannot fetch /system/etc/vintf/manifest.xml: Cannot read /system/etc/vintf/manifest.xml: No such file or directory
10-24 01:56:49.983   331   331 E hwservicemanager: getFrameworkHalManifest: status from fetching VINTF information: -2
10-24 01:56:49.983   331   331 E hwservicemanager: getFrameworkHalManifest: -2 VINTF parse error: Cannot read /system/manifest.xml: No such file or directory
10-24 01:56:49.984   677   677 E HidlServiceManagement: getService: Potential race detected. The VINTF manifest is not being enforced. If a HAL server has a delay in starting and it is not in the manifest, it will not be retrieved. Please make sure all HALs on this device are in the VINTF manifest and enable PRODUCT_ENFORCE_VINTF_MANIFEST on this device (this is also enabled by PRODUCT_FULL_TREBLE). PRODUCT_ENFORCE_VINTF_MANIFEST will ensure that no race condition is possible here.
10-24 01:56:50.094   342   342 W HidlServiceManagement: Waited one second for android.hardware.keymaster@4.0::IKeymasterDevice/default
10-24 01:56:50.095   331   331 I hwservicemanager: Since android.hardware.keymaster@4.0::IKeymasterDevice/default is not registered, trying to start it as a lazy HAL.
10-24 01:56:50.096   342   342 I HidlServiceManagement: getService: Trying again for android.hardware.keymaster@4.0::IKeymasterDevice/default...
10-24 01:56:50.178   331   679 W libc    : Unable to set property "ctl.interface_start" to "android.hardware.keymaster@4.0::IKeymasterDevice/default": error code: 0x20
10-24 01:56:50.985   677   677 E android.hardware.gatekeeper@1.0-service: Could not get passthrough implementation for android.hardware.gatekeeper@1.0::IGatekeeper/default.
10-24 01:56:51.096   342   342 W HidlServiceManagement: Waited one second for android.hardware.keymaster@4.0::IKeymasterDevice/default
10-24 01:56:51.097   331   331 I hwservicemanager: Since android.hardware.keymaster@4.0::IKeymasterDevice/default is not registered, trying to start it as a lazy HAL.
10-24 01:56:51.098   342   342 I HidlServiceManagement: getService: Trying again for android.hardware.keymaster@4.0::IKeymasterDevice/default...
10-24 01:56:51.200   331   680 W libc    : Unable to set property "ctl.interface_start" to "android.hardware.keymaster@4.0::IKeymasterDevice/default": error code: 0x20
10-24 01:56:52.098   342   342 W HidlServiceManagement: Waited one second for android.hardware.keymaster@4.0::IKeymasterDevice/default
10-24 01:56:52.099   331   331 I hwservicemanager: Since android.hardware.keymaster@4.0::IKeymasterDevice/default is not registered, trying to start it as a lazy HAL.
10-24 01:56:52.100   342   342 I HidlServiceManagement: getService: Trying again for android.hardware.keymaster@4.0::IKeymasterDevice/default...
10-24 01:56:52.101   331   681 W libc    : Unable to set property "ctl.interface_start" to "android.hardware.keymaster@4.0::IKeymasterDevice/default": error code: 0x20
10-24 01:56:53.100   342   342 W HidlServiceManagement: Waited one second for android.hardware.keymaster@4.0::IKeymasterDevice/default
10-24 01:56:53.101   331   331 I hwservicemanager: Since android.hardware.keymaster@4.0::IKeymasterDevice/default is not registered, trying to start it as a lazy HAL.
10-24 01:56:53.102   342   342 I HidlServiceManagement: getService: Trying again for android.hardware.keymaster@4.0::IKeymasterDevice/default...
10-24 01:56:53.103   331   682 W libc    : Unable to set property "ctl.interface_start" to "android.hardware.keymaster@4.0::IKeymasterDevice/default": error code: 0x20
--------- beginning of kernel
10-24 01:56:54.074   102   102 I .(7)[102:kworker/u16:2]mt635x-auxadc mt-pmic: mt635x-auxadc: name:BAT_TEMP, channel=3, adc_out=0x719, adc_result=798
10-24 01:56:54.074   102   102 I         : .(7)[102:kworker/u16:2][fgauge_read_current] final current=1027 (ratio=1000)
10-24 01:56:54.074   102   102 I         : .(7)[102:kworker/u16:2][BattVoltToTemp] 799 100000 1800 1
10-24 01:56:54.074   102   102 I         : .(7)[102:kworker/u16:2][force_get_tbat] 798,799,0,102,100,298 r:75 100 0
10-24 01:56:54.075   102   102 I .(7)[102:kworker/u16:2][force_get_tbat] t: 29 precise:298
10-24 01:56:54.075   101   101 I .(5)[101:kworker/u16:1]mt635x-auxadc mt-pmic: mt635x-auxadc: name:VCORE_TEMP, channel=4, adc_out=0x5f6, adc_result=670
10-24 01:56:54.102   342   342 W HidlServiceManagement: Waited one second for android.hardware.keymaster@4.0::IKeymasterDevice/default
10-24 01:56:54.103   331   331 I hwservicemanager: Since android.hardware.keymaster@4.0::IKeymasterDevice/default is not registered, trying to start it as a lazy HAL.
10-24 01:56:54.104   342   342 I HidlServiceManagement: getService: Trying again for android.hardware.keymaster@4.0::IKeymasterDevice/default...
10-24 01:56:54.105   331   683 W libc    : Unable to set property "ctl.interface_start" to "android.hardware.keymaster@4.0::IKeymasterDevice/default": error code: 0x20
10-24 01:56:54.725     1     1 I .(4)[1:init]: starting service 'teei_daemon'...
10-24 01:56:54.729     1     1 E .(4)[1:init]libprocessgroup: CgroupMap::FindController called for [1] failed, RC file was not initialized properly
10-24 01:56:54.730   684   684 E .(5)[684:init]libprocessgroup: CgroupMap::FindController called for [684] failed, RC file was not initialized properly
10-24 01:56:54.730   684   684 E .(5)[684:init]: cpuset cgroup controller is not mounted!
10-24 01:56:54.733   684   684 F linker  : CANNOT LINK EXECUTABLE "/sbin/teei_daemon": library "libimsg_log.so" not found: needed by main executable
10-24 01:56:54.739     1     1 I .(5)[1:init]: Service 'teei_daemon' (pid 684) exited with status 1
10-24 01:56:54.740     1     1 I .(5)[1:init]: Sending signal 9 to service 'teei_daemon' (pid 684) process group...
10-24 01:56:54.742     1     1 E .(5)[1:init]libprocessgroup: CgroupMap::FindController called for [1] failed, RC file was not initialized properly
10-24 01:56:54.743     1     1 E .(5)[1:init]libprocessgroup: CgroupMap::FindController called for [1] failed, RC file was not initialized properly
10-24 01:56:54.856     0     0 I         : -(0)[0:swapper/0]tick broadcast enter counter cpu: 293, 5, 0, 0, 85, 63, 55, 27, success counter cpu: 23, 0, 0, 0, 27, 9, 9, 14, fail counter cpu: 0, 0, 0, 0, 0, 0, 0, 0, interrupt counter cpu: 63, 5, 0, 0, 48, 31, 15, 15, o: 1-3,5-7, p: , f: , t:  115179465237, 115804000000, 124256362697, 124260294467, 115180000000, 115292000000, 115432874614, 119516000000,
10-24 01:56:54.955     1     1 E .(5)[1:init]libprocessgroup: Failed to kill process cgroup uid 0 pid 684 in 210ms, 1 processes remain
10-24 01:56:54.958     1     1 I .(6)[1:init]: starting service 'gatekeeper-1-0'...
10-24 01:56:54.974   686   686 F linker  : CANNOT LINK EXECUTABLE "/sbin/android.hardware.keymaster@4.0-service.beanpod": library "libkeymaster4.so" not found: needed by main executable
10-24 01:56:54.987   685   685 E cutils-trace: Error opening trace file: No such file or directory (2)
10-24 01:56:54.988   331   331 I hwservicemanager: getFrameworkHalManifest: Reading VINTF information.
10-24 01:56:54.988   331   331 W hwservicemanager: Cannot fetch /system/etc/vintf/manifest.xml: Cannot read /system/etc/vintf/manifest.xml: No such file or directory
10-24 01:56:54.988   331   331 E hwservicemanager: getFrameworkHalManifest: status from fetching VINTF information: -2
10-24 01:56:54.988   331   331 E hwservicemanager: getFrameworkHalManifest: -2 VINTF parse error: Cannot read /system/manifest.xml: No such file or directory
10-24 01:56:54.988   685   685 E HidlServiceManagement: getService: Potential race detected. The VINTF manifest is not being enforced. If a HAL server has a delay in starting and it is not in the manifest, it will not be retrieved. Please make sure all HALs on this device are in the VINTF manifest and enable PRODUCT_ENFORCE_VINTF_MANIFEST on this device (this is also enabled by PRODUCT_FULL_TREBLE). PRODUCT_ENFORCE_VINTF_MANIFEST will ensure that no race condition is possible here.
10-24 01:56:55.104   342   342 W HidlServiceManagement: Waited one second for android.hardware.keymaster@4.0::IKeymasterDevice/default
10-24 01:56:55.105   331   331 I hwservicemanager: Since android.hardware.keymaster@4.0::IKeymasterDevice/default is not registered, trying to start it as a lazy HAL.
10-24 01:56:55.106   342   342 I HidlServiceManagement: getService: Trying again for android.hardware.keymaster@4.0::IKeymasterDevice/default...
10-24 01:56:55.185   331   687 W libc    : Unable to set property "ctl.interface_start" to "android.hardware.keymaster@4.0::IKeymasterDevice/default": error code: 0x20
10-24 01:56:55.668   104   104 I         : .(4)[104:pmic_thread][PMIC] [PMIC_INT] Reg[0x91a]=0x1
10-24 01:56:55.891   104   104 I         : .(4)[104:pmic_thread][PMIC] [PMIC_INT] Reg[0x91a]=0x4
10-24 01:56:55.990   685   685 E android.hardware.gatekeeper@1.0-service: Could not get passthrough implementation for android.hardware.gatekeeper@1.0::IGatekeeper/default.
10-24 01:56:56.106   342   342 W HidlServiceManagement: Waited one second for android.hardware.keymaster@4.0::IKeymasterDevice/default
10-24 01:56:56.107   331   331 I hwservicemanager: Since android.hardware.keymaster@4.0::IKeymasterDevice/default is not registered, trying to start it as a lazy HAL.
10-24 01:56:56.108   342   342 I HidlServiceManagement: getService: Trying again for android.hardware.keymaster@4.0::IKeymasterDevice/default...
10-24 01:56:56.205   331   688 W libc    : Unable to set property "ctl.interface_start" to "android.hardware.keymaster@4.0::IKeymasterDevice/default": error code: 0x20
10-24 01:56:56.618     0     0 I .(0)[0:swapper/0]Power/swap DP: No enter --- SODI3: No enter --- SODI: No enter ---
10-24 01:56:56.619     0     0 I .(0)[0:swapper/0]mcdi cpu: 290, 5, 0, 0, 94, 69, 48, 25, cluster : 293, 59, pause = 332, multi core = 19, latency = 0, residency = 1, last core = 332, avail cpu = 00ff, cluster = 0003, enabled = 1, max_s_state = 5, system_idle_hint = 00000000
10-24 01:56:57.108   342   342 W HidlServiceManagement: Waited one second for android.hardware.keymaster@4.0::IKeymasterDevice/default
10-24 01:56:57.109   331   331 I hwservicemanager: Since android.hardware.keymaster@4.0::IKeymasterDevice/default is not registered, trying to start it as a lazy HAL.
10-24 01:56:57.110   342   342 I HidlServiceManagement: getService: Trying again for android.hardware.keymaster@4.0::IKeymasterDevice/default...
10-24 01:56:57.111   331   689 W libc    : Unable to set property "ctl.interface_start" to "android.hardware.keymaster@4.0::IKeymasterDevice/default": error code: 0x20
10-24 01:56:57.145   634   634 I .(4)[634:kworker/u16:6][SCP] scp_ipi_send: SCP A not ready
10-24 01:56:57.146   634   634 E         : .(4)[634:kworker/u16:6][sensorHub] scp_ipi_send fail
10-24 01:56:57.147   246   246 E         : .(1)[246:kworker/1:2][sensorHub] scp_sensorHub_req_send fail!
10-24 01:56:58.111   342   342 W HidlServiceManagement: Waited one second for android.hardware.keymaster@4.0::IKeymasterDevice/default
10-24 01:56:58.111   331   331 I hwservicemanager: Since android.hardware.keymaster@4.0::IKeymasterDevice/default is not registered, trying to start it as a lazy HAL.
10-24 01:56:58.112   342   342 I HidlServiceManagement: getService: Trying again for android.hardware.keymaster@4.0::IKeymasterDevice/default...
10-24 01:56:58.114   331   690 W libc    : Unable to set property "ctl.interface_start" to "android.hardware.keymaster@4.0::IKeymasterDevice/default": error code: 0x20
10-24 01:56:59.113   342   342 W HidlServiceManagement: Waited one second for android.hardware.keymaster@4.0::IKeymasterDevice/default
10-24 01:56:59.113   331   331 I hwservicemanager: Since android.hardware.keymaster@4.0::IKeymasterDevice/default is not registered, trying to start it as a lazy HAL.
10-24 01:56:59.114   342   342 I HidlServiceManagement: getService: Trying again for android.hardware.keymaster@4.0::IKeymasterDevice/default...
10-24 01:56:59.116   331   691 W libc    : Unable to set property "ctl.interface_start" to "android.hardware.keymaster@4.0::IKeymasterDevice/default": error code: 0x20
10-24 01:56:59.193   102   102 I         : .(7)[102:kworker/u16:2][Thermal/TZ/BTS]wakeup_ta_algo out of memory
10-24 01:56:59.194   634   634 I .(6)[634:kworker/u16:6]mt635x-auxadc mt-pmic: mt635x-auxadc: name:VCORE_TEMP, channel=4, adc_out=0x5f6, adc_result=670
