10-24 01:57:23.162   331   331 I hwservicemanager: Since android.hardware.keymaster@4.0::IKeymasterDevice/default is not registered, trying to start it as a lazy HAL.
10-24 01:57:23.162   342   342 I HidlServiceManagement: getService: Trying again for android.hardware.keymaster@4.0::IKeymasterDevice/default...
10-24 01:57:23.164   331   731 W libc    : Unable to set property "ctl.interface_start" to "android.hardware.keymaster@4.0::IKeymasterDevice/default": error code: 0x20
10-24 01:57:23.173   107   107 I         : .(5)[107:dlpt_notify_thr][MDRT_ADC] OLD = 0x37d5, NOW = 0x37e0, CNT = 0
10-24 01:57:23.174   107   107 I         : .(5)[107:dlpt_notify_thr][PBM] [ma_to_mw] 3876(mV) * 3906(mA) = 15139(mW)
10-24 01:57:23.175   107   107 I         : .(5)[107:dlpt_notify_thr][DLPT_final] 3906,40,40,1,5500
10-24 01:57:23.912     0     0 I         : .(0)[303:wdtk-0][wdk-c] cpu=0,lbit=0x1,cbit=0xff,0,1,3874168624,[144240999882,20000000,164235498]
10-24 01:57:23.914     0     0 I         : .(0)[303:wdtk-0][thread:303][RT:144242419420] 2021-10-24 01:57:23.908496 UTC;android time 2021-10-24 01:57:23.908496
10-24 01:57:23.969     0     0 I         : .(5)[308:wdtk-5][wdk-c] cpu=5,lbit=0x21,cbit=0xff,0,1,3874168624,[144297823805,19943177,164235498]
10-24 01:57:23.974     0     0 I         : .(6)[309:wdtk-6][wdk-c] cpu=6,lbit=0x61,cbit=0xff,0,1,3874168624,[144303198805,19937802,164235498]
10-24 01:57:23.974     0     0 I         : .(7)[310:wdtk-7][wdk-c] cpu=7,lbit=0xe1,cbit=0xff,0,1,3874168624,[144303292036,19937708,164235498]
10-24 01:57:23.974     0     0 I         : .(2)[305:wdtk-2][wdk-c] cpu=2,lbit=0xe5,cbit=0xff,0,1,3874168624,[144303345420,19937655,164235498]
10-24 01:57:23.974     0     0 I         : .(1)[304:wdtk-1][wdk-c] cpu=1,lbit=0xe7,cbit=0xff,0,1,3874168624,[144303357497,19937643,164235498]
10-24 01:57:23.974     0     0 I         : .(3)[306:wdtk-3][wdk-c] cpu=3,lbit=0xef,cbit=0xff,0,1,3874168624,[144303368574,19937631,164235498]
10-24 01:57:23.979     0     0 I -(4)[0:swapper/4]mtk_charger_alarm_timer_func: not suspend, wake up charger
10-24 01:57:23.979   301   301 I         : .(4)[301:charger_thread][fgauge_read_current] final current=4061 (ratio=1000)
10-24 01:57:23.981   301   301 W -(4)[301:charger_thread]mt635x_auxadc_read_raw: 7 callbacks suppressed
10-24 01:57:23.981   301   301 I .(4)[301:charger_thread]mt635x-auxadc mt-pmic: mt635x-auxadc: name:ISENSE, channel=0, adc_out=0x5afe, adc_result=3838
10-24 01:57:23.981   301   301 I .(4)[301:charger_thread]mt635x-auxadc mt-pmic: mt635x-auxadc: name:VCDT, channel=2, adc_out=0x46a, adc_result=496
10-24 01:57:23.981   301   301 I         : .(4)[301:charger_thread][fgauge_read_current] final current=4001 (ratio=1000)
10-24 01:57:23.981   301   301 I         : .(4)[301:charger_thread][CH3_DBG] bat_cur = 4001
10-24 01:57:23.982   301   301 I .(4)[301:charger_thread]mt635x-auxadc mt-pmic: mt635x-auxadc: name:BAT_TEMP, channel=3, adc_out=0x72f, adc_result=808
10-24 01:57:23.982   301   301 I         : .(4)[301:charger_thread][fgauge_read_current] final current=4080 (ratio=1000)
10-24 01:57:23.982   301   301 I         : .(4)[301:charger_thread][BattVoltToTemp] 801 100000 1800 -7
10-24 01:57:23.982   301   301 I         : .(4)[301:charger_thread][force_get_tbat] 808,801,1,408,100,297 r:75 100 0
10-24 01:57:23.982   301   301 I .(4)[301:charger_thread][force_get_tbat] t: 29 precise:297
10-24 01:57:23.982   301   301 I .(4)[301:charger_thread]Vbat=3838,Ibat=4061,I=0,VChr=4692,T=29,Soc=34: 40,CT:1:1 hv:1 pd:0:0
10-24 01:57:23.982   301   301 I .(4)[301:charger_thread]mtk_charger_start_timer: alarm timer start:0, 154 305816238
10-24 01:57:23.982   301   301 I         : -(4)[301:charger_thread]alarmtimer_enqueue, 154305816238
10-24 01:57:23.983   301   301 I         : .(4)[301:charger_thread][fgauge_read_current] final current=4080 (ratio=1000)
10-24 01:57:23.983   301   301 I         : .(4)[301:charger_thread][CH3_DBG] bat_cur = 4080
10-24 01:57:23.983   515   515 E         : .(4)[515:kworker/4:2][NVT-ts] nvt_ts_usb_plugin_work_func 205: ++
10-24 01:57:23.983   515   515 E         : .(4)[515:kworker/4:2][NVT-ts] nvt_ts_usb_plugin_work_func 207: usb_plugged_in = 1
10-24 01:57:23.983   301   301 I .(4)[301:charger_thread]mt635x-auxadc mt-pmic: mt635x-auxadc: name:BAT_TEMP, channel=3, adc_out=0x72f, adc_result=808
10-24 01:57:23.984   301   301 I         : .(4)[301:charger_thread][fgauge_read_current] final current=4080 (ratio=1000)
10-24 01:57:23.984   301   301 I         : .(4)[301:charger_thread][BattVoltToTemp] 801 100000 1800 -7
10-24 01:57:23.984   301   301 I         : .(4)[301:charger_thread][force_get_tbat] 808,801,1,408,100,297 r:75 100 0
10-24 01:57:23.984   301   301 I .(4)[301:charger_thread][force_get_tbat] t: 29 precise:297
10-24 01:57:23.984   301   301 I         : .(4)[301:charger_thread][fg_is_battery_exist] PMIC_RGS_BATON_UNDET = 1
10-24 01:57:23.984   301   301 I chatty  : uid=1036(auditd) identical 1 line
10-24 01:57:23.984   301   301 I         : .(4)[301:charger_thread][fg_is_battery_exist] PMIC_RGS_BATON_UNDET = 1
10-24 01:57:23.984   301   301 I         : .(4)[301:charger_thread][SW_JEITA] Battery Normal Temperature between 17 and 50 !!
10-24 01:57:23.984   301   301 I .(4)[301:charger_thread][SW_JEITA]preState: 3 newState:3 tmp:29 cv:4420000
10-24 01:57:23.984   301   301 I .(4)[301:charger_thread]mt635x-auxadc mt-pmic: mt635x-auxadc: name:VCDT, channel=2, adc_out=0x469, adc_result=496
10-24 01:57:23.984   301   301 I .(4)[301:charger_thread]tmp: 29 (jeita:1 sm:3 cv:4420000 en:1) (sm:1) en:1 c:0 s:0 ov:0 1 1
10-24 01:57:23.985   301   301 I         : .(4)[301:charger_thread]mtk_switch_charging_run [1 0], timer=10
10-24 01:57:23.985   301   301 I         : .(4)[301:charger_thread][fgauge_read_current] final current=4073 (ratio=1000)
10-24 01:57:23.985   301   301 I         : .(4)[301:charger_thread][CH3_DBG] bat_cur = 4073
10-24 01:57:23.986   301   301 I         : .(4)[301:charger_thread][fgauge_read_current] final current=4073 (ratio=1000)
10-24 01:57:23.986   301   301 I         : .(4)[301:charger_thread][BattVoltToTemp] 801 100000 1800 -7
10-24 01:57:23.986   301   301 I         : .(4)[301:charger_thread][force_get_tbat] 808,801,1,407,100,297 r:75 100 0
10-24 01:57:23.986   301   301 I .(4)[301:charger_thread][force_get_tbat] t: 29 precise:297
10-24 01:57:23.986   301   301 I .(4)[301:charger_thread]pe40_ready: 0 hv:1 thermal:-1,-1 tmp:29,39,16 pps:0 en:0 ibus:0 80
10-24 01:57:23.986   301   301 I .(4)[301:charger_thread]mtk_pe20_start_algorithm: stop, PE+20 is not connected
10-24 01:57:23.986   301   301 I .(4)[301:charger_thread]mtk_pe_start_algorithm: stop, PE+ is not connected
10-24 01:57:23.986   301   301 I .(4)[301:charger_thread]mtk_pe_start_algorithm: vchr_org = 5000, vchr_after = 4683, delta = -317
10-24 01:57:23.986   301   301 I .(4)[301:charger_thread]force: 0 thermal:-1,-1 pe4:-1,-1,0 setting:500 500 type:1 usb_unlimited:0 usbif:0 usbsm:2 aicl:-1 atm:0
10-24 01:57:23.988   301   301 E .(4)[301:charger_thread][bq2560x]: bq2560x_set_ichg: [bq2560x_set_ichg] current has set!
10-24 01:57:23.988   301   301 I         : .(4)[301:charger_thread]enable_sw_jeita,current=500000
10-24 01:57:23.989   301   301 E .(4)[301:charger_thread][bq2560x]: bq2560x_charging: enable charger successfully
10-24 01:57:23.993   301   301 E .(4)[301:charger_thread][bq2560x]: bq2560x_charging: enable charger successfully
10-24 01:57:23.995   301   301 E .(4)[301:charger_thread][bq2560x]: bq2560x_dump_regs: Reg[00] = 0x64
10-24 01:57:23.996   301   301 E .(4)[301:charger_thread][bq2560x]: bq2560x_dump_regs: Reg[01] = 0x1a
10-24 01:57:23.997   301   301 E .(4)[301:charger_thread][bq2560x]: bq2560x_dump_regs: Reg[02] = 0x88
10-24 01:57:23.998   301   301 E .(4)[301:charger_thread][bq2560x]: bq2560x_dump_regs: Reg[03] = 0x23
10-24 01:57:23.998   301   301 E .(4)[301:charger_thread][bq2560x]: bq2560x_dump_regs: Reg[04] = 0x88
10-24 01:57:23.999   301   301 E .(4)[301:charger_thread][bq2560x]: bq2560x_dump_regs: Reg[05] = 0x87
10-24 01:57:23.999   301   301 E .(4)[301:charger_thread][bq2560x]: bq2560x_dump_regs: Reg[06] = 0x66
10-24 01:57:24.000   301   301 E .(4)[301:charger_thread][bq2560x]: bq2560x_dump_regs: Reg[07] = 0x4d
10-24 01:57:24.000   301   301 E .(4)[301:charger_thread][bq2560x]: bq2560x_dump_regs: Reg[08] = 0x54
10-24 01:57:24.001   301   301 E .(4)[301:charger_thread][bq2560x]: bq2560x_dump_regs: Reg[09] = 0x00
10-24 01:57:24.001   301   301 E .(4)[301:charger_thread][bq2560x]: bq2560x_dump_regs: Reg[0a] = 0xa3
10-24 01:57:24.002   301   301 E .(4)[301:charger_thread][bq2560x]: bq2560x_dump_regs: Reg[0b] = 0x14
10-24 01:57:24.029   515   515 E         : .(4)[515:kworker/4:2][NVT-ts] nvt_ts_usb_plugin_work_func 232: --
10-24 01:57:24.057     0     0 W         : .(4)[307:wdtk-4][wdk-k] cpu=4,lbit=0xff,cbit=0xff,0,1,3874168624,[144385601959,19855398,164235498]
10-24 01:57:24.163   342   342 W HidlServiceManagement: Waited one second for android.hardware.keymaster@4.0::IKeymasterDevice/default
10-24 01:57:24.164   331   331 I hwservicemanager: Since android.hardware.keymaster@4.0::IKeymasterDevice/default is not registered, trying to start it as a lazy HAL.
10-24 01:57:24.164   342   342 I HidlServiceManagement: getService: Trying again for android.hardware.keymaster@4.0::IKeymasterDevice/default...
10-24 01:57:24.166   331   732 W libc    : Unable to set property "ctl.interface_start" to "android.hardware.keymaster@4.0::IKeymasterDevice/default": error code: 0x20
10-24 01:57:24.760     1     1 I .(4)[1:init]: starting service 'teei_daemon'...
10-24 01:57:24.765     1     1 E .(4)[1:init]libprocessgroup: CgroupMap::FindController called for [1] failed, RC file was not initialized properly
10-24 01:57:24.766   733   733 E .(5)[733:init]libprocessgroup: CgroupMap::FindController called for [733] failed, RC file was not initialized properly
10-24 01:57:24.766   733   733 E .(5)[733:init]: cpuset cgroup controller is not mounted!
10-24 01:57:24.769   733   733 F linker  : CANNOT LINK EXECUTABLE "/sbin/teei_daemon": library "libimsg_log.so" not found: needed by main executable
10-24 01:57:24.775     1     1 I .(4)[1:init]: Service 'teei_daemon' (pid 733) exited with status 1
10-24 01:57:24.776     1     1 I .(4)[1:init]: Sending signal 9 to service 'teei_daemon' (pid 733) process group...
10-24 01:57:24.777     1     1 E .(4)[1:init]libprocessgroup: CgroupMap::FindController called for [1] failed, RC file was not initialized properly
10-24 01:57:24.779     1     1 E .(4)[1:init]libprocessgroup: CgroupMap::FindController called for [1] failed, RC file was not initialized properly
10-24 01:57:24.793   102   102 I         : .(4)[102:kworker/u16:2][fgauge_read_current] final current=4246 (ratio=1000)
10-24 01:57:24.793   634   634 I         : .(6)[634:kworker/u16:6][Thermal/TZ/BTS]wakeup_ta_algo out of memory
10-24 01:57:24.795   102   102 I         : .(4)[102:kworker/u16:2][CH3_DBG] bat_cur = 4246
10-24 01:57:24.797   102   102 I         : .(5)[102:kworker/u16:2][fgauge_read_current] final current=4205 (ratio=1000)
10-24 01:57:24.798   102   102 I         : .(5)[102:kworker/u16:2][BattVoltToTemp] 801 100000 1800 -7
10-24 01:57:24.799   102   102 I         : .(5)[102:kworker/u16:2][force_get_tbat] 808,801,1,420,100,297 r:75 100 0
10-24 01:57:24.800   102   102 I .(5)[102:kworker/u16:2][force_get_tbat] t: 29 precise:297
10-24 01:57:24.905     0     0 I         : -(5)[0:swapper/5]tick broadcast enter counter cpu: 298, 9, 1, 1, 82, 78, 64, 24, success counter cpu: 26, 3, 0, 0, 23, 16, 23, 6, fail counter cpu: 0, 0, 0, 0, 0, 0, 0, 0, interrupt counter cpu: 63, 8, 0, 0, 39, 37, 33, 7, o: 0-4,7, p: , f: 5, t:  145236549546, 145820000000, 164335522008, 164335510469, 145436000000, 145228000000, 145230184161, 150236000000,
10-24 01:57:24.991     1     1 E .(6)[1:init]libprocessgroup: Failed to kill process cgroup uid 0 pid 733 in 210ms, 1 processes remain
10-24 01:57:24.994     1     1 I .(4)[1:init]: starting service 'gatekeeper-1-0'...
10-24 01:57:25.009   735   735 F linker  : CANNOT LINK EXECUTABLE "/sbin/android.hardware.keymaster@4.0-service.beanpod": library "libkeymaster4.so" not found: needed by main executable
10-24 01:57:25.025   734   734 E cutils-trace: Error opening trace file: No such file or directory (2)
10-24 01:57:25.026   331   331 I hwservicemanager: getFrameworkHalManifest: Reading VINTF information.
10-24 01:57:25.026   331   331 W hwservicemanager: Cannot fetch /system/etc/vintf/manifest.xml: Cannot read /system/etc/vintf/manifest.xml: No such file or directory
10-24 01:57:25.027   331   331 E hwservicemanager: getFrameworkHalManifest: status from fetching VINTF information: -2
10-24 01:57:25.027   331   331 E hwservicemanager: getFrameworkHalManifest: -2 VINTF parse error: Cannot read /system/manifest.xml: No such file or directory
10-24 01:57:25.027   734   734 E HidlServiceManagement: getService: Potential race detected. The VINTF manifest is not being enforced. If a HAL server has a delay in starting and it is not in the manifest, it will not be retrieved. Please make sure all HALs on this device are in the VINTF manifest and enable PRODUCT_ENFORCE_VINTF_MANIFEST on this device (this is also enabled by PRODUCT_FULL_TREBLE). PRODUCT_ENFORCE_VINTF_MANIFEST will ensure that no race condition is possible here.
10-24 01:57:25.165   342   342 W HidlServiceManagement: Waited one second for android.hardware.keymaster@4.0::IKeymasterDevice/default
10-24 01:57:25.166   331   331 I hwservicemanager: Since android.hardware.keymaster@4.0::IKeymasterDevice/default is not registered, trying to start it as a lazy HAL.
10-24 01:57:25.166   342   342 I HidlServiceManagement: getService: Trying again for android.hardware.keymaster@4.0::IKeymasterDevice/default...
10-24 01:57:25.221   331   736 W libc    : Unable to set property "ctl.interface_start" to "android.hardware.keymaster@4.0::IKeymasterDevice/default": error code: 0x20
10-24 01:57:26.029   734   734 E android.hardware.gatekeeper@1.0-service: Could not get passthrough implementation for android.hardware.gatekeeper@1.0::IGatekeeper/default.
10-24 01:57:26.073   229   229 I         : .(4)[229:mtk_io_boost]failed to open task file, ret=-2
10-24 01:57:26.167   342   342 W HidlServiceManagement: Waited one second for android.hardware.keymaster@4.0::IKeymasterDevice/default
10-24 01:57:26.168   331   331 I hwservicemanager: Since android.hardware.keymaster@4.0::IKeymasterDevice/default is not registered, trying to start it as a lazy HAL.
10-24 01:57:26.168   342   342 I HidlServiceManagement: getService: Trying again for android.hardware.keymaster@4.0::IKeymasterDevice/default...
10-24 01:57:26.244   331   737 W libc    : Unable to set property "ctl.interface_start" to "android.hardware.keymaster@4.0::IKeymasterDevice/default": error code: 0x20
10-24 01:57:26.644     0     0 I .(0)[0:swapper/0]Power/swap DP: No enter --- SODI3: No enter --- SODI: No enter ---
10-24 01:57:26.646     0     0 I .(0)[0:swapper/0]mcdi cpu: 301, 7, 1, 1, 68, 75, 64, 38, cluster : 306, 59, pause = 337, multi core = 19, latency = 0, residency = 1, last core = 336, avail cpu = 00ff, cluster = 0003, enabled = 1, max_s_state = 5, system_idle_hint = 00000000
10-24 01:57:27.169   342   342 W HidlServiceManagement: Waited one second for android.hardware.keymaster@4.0::IKeymasterDevice/default
10-24 01:57:27.170   331   331 I hwservicemanager: Since android.hardware.keymaster@4.0::IKeymasterDevice/default is not registered, trying to start it as a lazy HAL.
10-24 01:57:27.170   342   342 I HidlServiceManagement: getService: Trying again for android.hardware.keymaster@4.0::IKeymasterDevice/default...
10-24 01:57:27.172   331   738 W libc    : Unable to set property "ctl.interface_start" to "android.hardware.keymaster@4.0::IKeymasterDevice/default": error code: 0x20
10-24 01:57:27.865   102   102 I .(4)[102:kworker/u16:2][SCP] scp_ipi_send: SCP A not ready
10-24 01:57:27.866   102   102 E         : .(4)[102:kworker/u16:2][sensorHub] scp_ipi_send fail
10-24 01:57:27.867   246   246 E         : .(1)[246:kworker/1:2][sensorHub] scp_sensorHub_req_send fail!
10-24 01:57:28.171   342   342 W HidlServiceManagement: Waited one second for android.hardware.keymaster@4.0::IKeymasterDevice/default
10-24 01:57:28.172   331   331 I hwservicemanager: Since android.hardware.keymaster@4.0::IKeymasterDevice/default is not registered, trying to start it as a lazy HAL.
10-24 01:57:28.172   342   342 I HidlServiceManagement: getService: Trying again for android.hardware.keymaster@4.0::IKeymasterDevice/default...
10-24 01:57:28.174   331   739 W libc    : Unable to set property "ctl.interface_start" to "android.hardware.keymaster@4.0::IKeymasterDevice/default": error code: 0x20
10-24 01:57:29.173   342   342 W HidlServiceManagement: Waited one second for android.hardware.keymaster@4.0::IKeymasterDevice/default
10-24 01:57:29.174   331   331 I hwservicemanager: Since android.hardware.keymaster@4.0::IKeymasterDevice/default is not registered, trying to start it as a lazy HAL.
10-24 01:57:29.174   342   342 I HidlServiceManagement: getService: Trying again for android.hardware.keymaster@4.0::IKeymasterDevice/default...
10-24 01:57:29.176   331   740 W libc    : Unable to set property "ctl.interface_start" to "android.hardware.keymaster@4.0::IKeymasterDevice/default": error code: 0x20
10-24 01:57:29.766     1     1 I .(7)[1:init]: starting service 'teei_daemon'...
10-24 01:57:29.771     1     1 E .(7)[1:init]libprocessgroup: CgroupMap::FindController called for [1] failed, RC file was not initialized properly
10-24 01:57:29.771   741   741 E .(6)[741:init]libprocessgroup: CgroupMap::FindController called for [741] failed, RC file was not initialized properly
10-24 01:57:29.771   741   741 E .(6)[741:init]: cpuset cgroup controller is not mounted!
10-24 01:57:29.774   741   741 F linker  : CANNOT LINK EXECUTABLE "/sbin/teei_daemon": library "libimsg_log.so" not found: needed by main executable
10-24 01:57:29.781     1     1 I .(6)[1:init]: Service 'teei_daemon' (pid 741) exited with status 1
10-24 01:57:29.782     1     1 I .(6)[1:init]: Sending signal 9 to service 'teei_daemon' (pid 741) process group...
10-24 01:57:29.783     1     1 E .(6)[1:init]libprocessgroup: CgroupMap::FindController called for [1] failed, RC file was not initialized properly
10-24 01:57:29.785     1     1 E .(6)[1:init]libprocessgroup: CgroupMap::FindController called for [1] failed, RC file was not initialized properly
10-24 01:57:29.913     0     0 I         : -(7)[0:swapper/7]tick broadcast enter counter cpu: 301, 8, 0, 0, 66, 65, 53, 27, success counter cpu: 22, 0, 0, 0, 14, 19, 20, 11, fail counter cpu: 0, 0, 0, 0, 0, 0, 0, 0, interrupt counter cpu: 60, 6, 0, 0, 33, 38, 26, 16, o: 0-5, p: , f: 7, t:  150243730623, 150812000000, 164335522008, 164335510469, 150503468693, 150236000000, 150240000000, 150236000000,
10-24 01:57:29.913   634   634 I         : .(6)[634:kworker/u16:6][Thermal/TZ/BTS]wakeup_ta_algo out of memory
10-24 01:57:29.913   634   634 W -(6)[634:kworker/u16:6]mt635x_auxadc_read_raw: 6 callbacks suppressed
10-24 01:57:29.913   634   634 I .(6)[634:kworker/u16:6]mt635x-auxadc mt-pmic: mt635x-auxadc: name:VCORE_TEMP, channel=4, adc_out=0x5f6, adc_result=670
10-24 01:57:29.921   102   102 I         : .(5)[102:kworker/u16:2][fgauge_read_current] final current=4039 (ratio=1000)
10-24 01:57:29.921   634   634 I .(6)[634:kworker/u16:6]mt635x-auxadc mt-pmic: mt635x-auxadc: name:VPROC_TEMP, channel=4, adc_out=0x5ed, adc_result=666
10-24 01:57:29.923   102   102 I         : .(5)[102:kworker/u16:2][CH3_DBG] bat_cur = 4039
10-24 01:57:29.925   102   102 I .(5)[102:kworker/u16:2]mt635x-auxadc mt-pmic: mt635x-auxadc: name:BAT_TEMP, channel=3, adc_out=0x731, adc_result=809
10-24 01:57:29.927   102   102 I         : .(5)[102:kworker/u16:2][fgauge_read_current] final current=3979 (ratio=1000)
10-24 01:57:29.928   102   102 I         : .(5)[102:kworker/u16:2][BattVoltToTemp] 803 100000 1800 -6
10-24 01:57:29.928   102   102 I         : .(5)[102:kworker/u16:2][force_get_tbat] 809,803,1,397,100,296 r:75 100 0
10-24 01:57:29.930   102   102 I .(5)[102:kworker/u16:2][force_get_tbat] t: 29 precise:296
10-24 01:57:29.996     1     1 E .(6)[1:init]libprocessgroup: Failed to kill process cgroup uid 0 pid 741 in 209ms, 1 processes remain
10-24 01:57:29.999     1     1 I .(7)[1:init]: starting service 'gatekeeper-1-0'...
10-24 01:57:30.015   743   743 F linker  : CANNOT LINK EXECUTABLE "/sbin/android.hardware.keymaster@4.0-service.beanpod": library "libkeymaster4.so" not found: needed by main executable
10-24 01:57:30.031   742   742 E cutils-trace: Error opening trace file: No such file or directory (2)
10-24 01:57:30.032   331   331 I hwservicemanager: getFrameworkHalManifest: Reading VINTF information.
10-24 01:57:30.033   331   331 W hwservicemanager: Cannot fetch /system/etc/vintf/manifest.xml: Cannot read /system/etc/vintf/manifest.xml: No such file or directory
10-24 01:57:30.033   331   331 E hwservicemanager: getFrameworkHalManifest: status from fetching VINTF information: -2
10-24 01:57:30.033   331   331 E hwservicemanager: getFrameworkHalManifest: -2 VINTF parse error: Cannot read /system/manifest.xml: No such file or directory
10-24 01:57:30.033   742   742 E HidlServiceManagement: getService: Potential race detected. The VINTF manifest is not being enforced. If a HAL server has a delay in starting and it is not in the manifest, it will not be retrieved. Please make sure all HALs on this device are in the VINTF manifest and enable PRODUCT_ENFORCE_VINTF_MANIFEST on this device (this is also enabled by PRODUCT_FULL_TREBLE). PRODUCT_ENFORCE_VINTF_MANIFEST will ensure that no race condition is possible here.
10-24 01:57:30.175   342   342 W HidlServiceManagement: Waited one second for android.hardware.keymaster@4.0::IKeymasterDevice/default
10-24 01:57:30.176   331   331 I hwservicemanager: Since android.hardware.keymaster@4.0::IKeymasterDevice/default is not registered, trying to start it as a lazy HAL.
10-24 01:57:30.176   342   342 I HidlServiceManagement: getService: Trying again for android.hardware.keymaster@4.0::IKeymasterDevice/default...
10-24 01:57:30.228   331   744 W libc    : Unable to set property "ctl.interface_start" to "android.hardware.keymaster@4.0::IKeymasterDevice/default": error code: 0x20
10-24 01:57:31.034   742   742 E android.hardware.gatekeeper@1.0-service: Could not get passthrough implementation for android.hardware.gatekeeper@1.0::IGatekeeper/default.
10-24 01:57:31.177   342   342 W HidlServiceManagement: Waited one second for android.hardware.keymaster@4.0::IKeymasterDevice/default
10-24 01:57:31.178   331   331 I hwservicemanager: Since android.hardware.keymaster@4.0::IKeymasterDevice/default is not registered, trying to start it as a lazy HAL.
10-24 01:57:31.178   342   342 I HidlServiceManagement: getService: Trying again for android.hardware.keymaster@4.0::IKeymasterDevice/default...
10-24 01:57:31.250   331   745 W libc    : Unable to set property "ctl.interface_start" to "android.hardware.keymaster@4.0::IKeymasterDevice/default": error code: 0x20
10-24 01:57:31.649     0     0 I .(0)[0:swapper/0]Power/swap DP: No enter --- SODI3: No enter --- SODI: No enter ---
10-24 01:57:31.650     0     0 I .(0)[0:swapper/0]mcdi cpu: 301, 8, 0, 0, 99, 60, 34, 15, cluster : 309, 56, pause = 348, multi core = 10, latency = 0, residency = 0, last core = 348, avail cpu = 00ff, cluster = 0003, enabled = 1, max_s_state = 5, system_idle_hint = 00000000
10-24 01:57:32.179   342   342 W HidlServiceManagement: Waited one second for android.hardware.keymaster@4.0::IKeymasterDevice/default
10-24 01:57:32.179   331   331 I hwservicemanager: Since android.hardware.keymaster@4.0::IKeymasterDevice/default is not registered, trying to start it as a lazy HAL.
10-24 01:57:32.180   342   342 I HidlServiceManagement: getService: Trying again for android.hardware.keymaster@4.0::IKeymasterDevice/default...
10-24 01:57:32.181   331   748 W libc    : Unable to set property "ctl.interface_start" to "android.hardware.keymaster@4.0::IKeymasterDevice/default": error code: 0x20
10-24 01:57:32.217   216   216 I         : .(5)[216:hang_detect][Hang_Detect] hang_detect thread counts down 2147483647:2147483647, status 0.
10-24 01:57:32.697   239   239 I         : .(5)[239:battery_thread][fg_drv_update_hw_status]=>
10-24 01:57:32.698   239   239 I         : .(5)[239:battery_thread][fgauge_read_current] final current=4111 (ratio=1000)
10-24 01:57:32.700   239   239 I         : .(5)[239:battery_thread][CH3_DBG] bat_cur = 4111
10-24 01:57:32.701   239   239 I .(4)[239:battery_thread]mt635x-auxadc mt-pmic: mt635x-auxadc: name:BAT_TEMP, channel=3, adc_out=0x732, adc_result=809
10-24 01:57:32.703   239   239 I         : .(4)[239:battery_thread][fgauge_read_current] final current=4080 (ratio=1000)
10-24 01:57:32.704   239   239 I         : .(4)[239:battery_thread][BattVoltToTemp] 802 100000 1800 -7
10-24 01:57:32.705   239   239 I         : .(4)[239:battery_thread][force_get_tbat] 809,802,1,408,100,297 r:75 100 0
10-24 01:57:32.706   239   239 I .(4)[239:battery_thread][force_get_tbat] t: 29 precise:297
10-24 01:57:32.707   239   239 I         : .(4)[239:battery_thread][fg_bat_temp_int_sw_check] tmp 29 lt 65535 ht 65535
10-24 01:57:32.708   239   239 I         : .(4)[239:battery_thread][fg_bat_sw_temp_int_l_handler]
10-24 01:57:32.709   239   239 I         : .(4)[239:battery_thread][fgauge_read_current] final current=4054 (ratio=1000)
10-24 01:57:32.710   239   239 I         : .(4)[239:battery_thread][CH3_DBG] bat_cur = 4054
10-24 01:57:32.711   239   239 I .(4)[239:battery_thread]mt635x-auxadc mt-pmic: mt635x-auxadc: name:BAT_TEMP, channel=3, adc_out=0x731, adc_result=809
10-24 01:57:32.713   239   239 I         : .(4)[239:battery_thread][fgauge_read_current] final current=4070 (ratio=1000)
10-24 01:57:32.714   239   239 I         : .(4)[239:battery_thread][BattVoltToTemp] 802 100000 1800 -7
10-24 01:57:32.715   239   239 I         : .(4)[239:battery_thread][force_get_tbat] 809,802,1,407,100,297 r:75 100 0
10-24 01:57:32.716   239   239 I .(4)[239:battery_thread][force_get_tbat] t: 29 precise:297
10-24 01:57:32.717   239   239 I         : .(4)[239:battery_thread]mtk_battery boot mode =2
10-24 01:57:32.718   239   239 I         : .(4)[239:battery_thread][wakeup_fg_algo_recovery] intr_num=0x400
10-24 01:57:32.719   239   239 I         : .(4)[239:battery_thread][TempConverBattThermistor] [79232] 25 100000 30 79232 30
10-24 01:57:32.720   239   239 I         : .(4)[239:battery_thread][fgauge_read_current] final current=4070 (ratio=1000)
10-24 01:57:32.721   239   239 I         : .(4)[239:battery_thread][TempToBattVolt] temp 30 R_NTC 79232 V(7957 8028) I 4070 CHG 1
10-24 01:57:32.723   239   239 I         : .(4)[239:battery_thread][TempConverBattThermistor] [87540] 25 100000 30 79232 28
10-24 01:57:32.724   239   239 I         : .(4)[239:battery_thread][TempToBattVolt] temp 28 R_NTC 87540 V(8402 8473) I 4070 CHG 1
10-24 01:57:32.725   239   239 I         : .(4)[239:battery_thread][fg_bat_temp_int_internal][FG_TEMP_INT] T[29] V[65535 65535] C[30 28] h[8473 8028]
10-24 01:57:32.728   239   239 I .(4)[239:battery_thread]mt635x-auxadc mt-pmic: mt635x-auxadc: name:ISENSE, channel=0, adc_out=0x5b09, adc_result=3840
10-24 01:57:32.730   239   239 I         : .(4)[239:battery_thread][fgauge_read_current] final current=4029 (ratio=1000)
10-24 01:57:32.731   239   239 I         : .(4)[239:battery_thread][CH3_DBG] bat_cur = 4029
10-24 01:57:32.733   239   239 I .(4)[239:battery_thread]mt635x-auxadc mt-pmic: mt635x-auxadc: name:BAT_TEMP, channel=3, adc_out=0x733, adc_result=809
10-24 01:57:32.734   239   239 I         : .(4)[239:battery_thread][fgauge_read_current] final current=4076 (ratio=1000)
10-24 01:57:32.735   239   239 I         : .(4)[239:battery_thread][BattVoltToTemp] 802 100000 1800 -7
10-24 01:57:32.736   239   239 I         : .(4)[239:battery_thread][force_get_tbat] 809,802,1,407,100,297 r:75 100 0
10-24 01:57:32.737   239   239 I .(4)[239:battery_thread][force_get_tbat] t: 29 precise:297
10-24 01:57:32.738   239   239 I .(4)[239:battery_thread][fg_update_sw_iavg]diff time: 30 iavg:-960
10-24 01:57:32.739   515   515 I         : .(4)[515:kworker/4:2][fgauge_read_current] final current=4061 (ratio=1000)
10-24 01:57:32.740     0     0 I         : .(6)[344:health@2.0-serv][fgauge_read_current] final current=4061 (ratio=1000)
10-24 01:57:32.740     0     0 I         : .(5)[350:health@2.1-serv][fgauge_read_current] final current=4048 (ratio=1000)
10-24 01:57:32.741     0     0 W .(6)[344:health@2.0-serv]healthd: battery l=40 v=3840 t=29.7 h=2 st=2 c=406100 fc=5071000 cc=0 chg=u
10-24 01:57:32.742     0     0 W .(5)[350:health@2.1-serv]healthd: battery l=40 v=3840 t=29.7 h=2 st=2 c=404800 fc=5071000 cc=0 chg=u
10-24 01:57:32.742     0     0 I         : .(5)[350:health@2.1-serv][fgauge_read_current] final current=4039 (ratio=1000)
10-24 01:57:32.747   239   239 I         : .(4)[239:battery_thread][read_boot_battery_plug_out_status] rtc_invalid 0 plugout 0 bat_plug_out_time 31 sp3:0xa8 pl:0 0
10-24 01:57:32.749   239   239 I         : .(4)[239:battery_thread][fgauge_read_current] final current=3919 (ratio=1000)
10-24 01:57:32.750   239   239 I         : .(4)[239:battery_thread][fgauge_read_columb_internal] CAR=-19 r_fg_value=100 car_tune_value=1000
10-24 01:57:32.753   239   239 I .(4)[239:battery_thread]mt635x-auxadc mt-pmic: mt635x-auxadc: name:ISENSE, channel=0, adc_out=0x5b07, adc_result=3840
10-24 01:57:32.755   239   239 I         : .(4)[239:battery_thread][fgauge_read_current] final current=4045 (ratio=1000)
10-24 01:57:32.756   239   239 I         : .(4)[239:battery_thread][CH3_DBG] bat_cur = 4045
10-24 01:57:32.759   239   239 I         : .(4)[239:battery_thread][fgauge_read_current] final current=4039 (ratio=1000)
10-24 01:57:32.760   239   239 I         : .(4)[239:battery_thread][BattVoltToTemp] 802 100000 1800 -7
10-24 01:57:32.761   239   239 I         : .(4)[239:battery_thread][force_get_tbat] 809,802,1,403,100,297 r:75 100 0
10-24 01:57:32.762   239   239 I .(4)[239:battery_thread][force_get_tbat] t: 29 precise:297
10-24 01:57:32.763   239   239 I         : .(4)[239:battery_thread]lbat 0 0 1 34500
10-24 01:57:32.764   239   239 I .(4)[239:battery_thread]car[-19,244,-244,488,-207, cycle_car:-52,ncar:60] c: 1 3919 vbat:3840 vbus:4692 soc:34 40 gm3:0 0 0 0
10-24 01:57:32.766   239   239 I         : .(4)[239:battery_thread][fgauge_read_columb_internal] CAR=-19 r_fg_value=100 car_tune_value=1000
10-24 01:57:32.767   239   239 I         : .(4)[239:battery_thread][fg_bat_nafg][fgauge_get_nafg_cnt] 0 [25_16 0 15_0 0]
10-24 01:57:32.768   239   239 I .(4)[239:battery_thread][fg_nafg_monitor]time: 153 nafg_cnt:0, now:153, last_t:0
10-24 01:57:32.769   239   239 I .(4)[239:battery_thread]tmp: 29 65535 65535 hcar2:488 lcar2:207 time:153 sw_iavg:-960 -960 0 nafg_m:0 0 0
10-24 01:57:32.771   239   239 I         : .(4)[239:battery_thread][fgauge_read_columb_internal] CAR=-19 r_fg_value=100 car_tune_value=1000
10-24 01:57:32.774   239   239 I         : .(4)[239:battery_thread][fgauge_read_current] final current=4058 (ratio=1000)
10-24 01:57:32.775   239   239 I         : .(4)[239:battery_thread][fgauge_read_current] final current=4042 (ratio=1000)
10-24 01:57:32.776   239   239 I         : .(4)[239:battery_thread][CH3_DBG] bat_cur = 4042
10-24 01:57:32.778   239   239 I         : .(4)[239:battery_thread][fgauge_read_current] final current=4058 (ratio=1000)
10-24 01:57:32.779   239   239 I         : .(4)[239:battery_thread][BattVoltToTemp] 802 100000 1800 -7
10-24 01:57:32.780   239   239 I         : .(4)[239:battery_thread][force_get_tbat] 809,802,1,405,100,297 r:75 100 0
10-24 01:57:32.781   239   239 I .(4)[239:battery_thread][force_get_tbat] t: 29 precise:297
10-24 01:57:32.782   239   239 I         : .(4)[239:battery_thread][fg_is_battery_exist] PMIC_RGS_BATON_UNDET = 1
10-24 01:57:32.783   239   239 I         : .(4)[239:battery_thread]GM3log1 153 153 3840 4058 -960 39060 -27 29 1 1 170 1 0
10-24 01:57:32.784   239   239 I         : .(4)[239:battery_thread]GM3log2 153 0 0 0 0 37835 0 0 4702
10-24 01:57:32.785   239   239 I         : .(4)[239:battery_thread]GM3log3 153 0 37444 0 0
10-24 01:57:32.786   239   239 I         : .(4)[239:battery_thread]GM3log4 0 40 0 0 31 0 0 1 1 0 34
10-24 01:57:32.787   239   239 I         : .(4)[239:battery_thread]GM3log int 153 153 0 0 0 0
10-24 01:57:32.788   239   239 I         : .(4)[239:battery_thread]GM3log phone_state 0 0
10-24 01:57:32.788   239   239 I .(4)[239:battery_thread]GM3 car: -19 car_diff:-8
10-24 01:57:32.789   239   239 I .(4)[239:battery_thread][fg_bat_nafg][fgauge_get_nafg_dltv] mV: Reg [16169:9812]
10-24 01:57:32.790   239   239 I         : .(4)[239:battery_thread][fg_bat_nafg][fgauge_get_nafg_cnt] 0 [25_16 0 15_0 0]
10-24 01:57:32.792   239   239 I .(4)[239:battery_thread][fg_bat_nafg][fgauge_get_nafg_c_dltv] mV: Reg[0:0][b10:0][26_16(0x0000) 15_00(0x0000)]
10-24 01:57:32.793   239   239 I         : .(4)[239:battery_thread]GM3log-nint-nafg 153 153 0 37830 16169 0 0
10-24 01:57:32.794   239   239 I         : .(4)[239:battery_thread]mtk_battery boot mode =2
10-24 01:57:32.795   239   239 I         : .(4)[239:battery_thread][wakeup_fg_algo_recovery] intr_num=0x2000000
10-24 01:57:33.181   342   342 W HidlServiceManagement: Waited one second for android.hardware.keymaster@4.0::IKeymasterDevice/default
10-24 01:57:33.181   331   331 I hwservicemanager: Since android.hardware.keymaster@4.0::IKeymasterDevice/default is not registered, trying to start it as a lazy HAL.
10-24 01:57:33.182   342   342 I HidlServiceManagement: getService: Trying again for android.hardware.keymaster@4.0::IKeymasterDevice/default...
10-24 01:57:33.183   331   749 W libc    : Unable to set property "ctl.interface_start" to "android.hardware.keymaster@4.0::IKeymasterDevice/default": error code: 0x20
10-24 01:57:33.309   107   107 I         : .(6)[107:dlpt_notify_thr][MDRT_ADC] OLD = 0x37e0, NOW = 0x37f1, CNT = 0
10-24 01:57:33.310   107   107 I         : .(6)[107:dlpt_notify_thr][PBM] [ma_to_mw] 3878(mV) * 3916(mA) = 15186(mW)
10-24 01:57:33.311   107   107 I         : .(6)[107:dlpt_notify_thr][DLPT_final] 3916,40,40,1,5500
10-24 01:57:33.982     0     0 I -(4)[0:swapper/4]mtk_charger_alarm_timer_func: not suspend, wake up charger
10-24 01:57:33.984   301   301 I         : .(4)[301:charger_thread][fgauge_read_current] final current=4086 (ratio=1000)
10-24 01:57:33.987   301   301 W -(4)[301:charger_thread]mt635x_auxadc_read_raw: 7 callbacks suppressed
10-24 01:57:33.987   301   301 I .(4)[301:charger_thread]mt635x-auxadc mt-pmic: mt635x-auxadc: name:ISENSE, channel=0, adc_out=0x5b09, adc_result=3840
10-24 01:57:33.990   301   301 I .(4)[301:charger_thread]mt635x-auxadc mt-pmic: mt635x-auxadc: name:VCDT, channel=2, adc_out=0x46c, adc_result=497
10-24 01:57:33.992   301   301 I         : .(4)[301:charger_thread][fgauge_read_current] final current=4010 (ratio=1000)
10-24 01:57:33.993   301   301 I         : .(4)[301:charger_thread][CH3_DBG] bat_cur = 4010
10-24 01:57:33.994   301   301 I .(4)[301:charger_thread]mt635x-auxadc mt-pmic: mt635x-auxadc: name:BAT_TEMP, channel=3, adc_out=0x732, adc_result=809
10-24 01:57:33.996   301   301 I         : .(4)[301:charger_thread][fgauge_read_current] final current=4061 (ratio=1000)
10-24 01:57:33.997   301   301 I         : .(4)[301:charger_thread][BattVoltToTemp] 802 100000 1800 -7
10-24 01:57:33.998   301   301 I         : .(4)[301:charger_thread][force_get_tbat] 809,802,1,406,100,297 r:75 100 0
10-24 01:57:33.999   301   301 I .(4)[301:charger_thread][force_get_tbat] t: 29 precise:297
10-24 01:57:34.000   301   301 I .(4)[301:charger_thread]Vbat=3840,Ibat=4086,I=0,VChr=4702,T=29,Soc=34: 40,CT:1:1 hv:1 pd:0:0
10-24 01:57:34.001   515   515 E         : .(4)[515:kworker/4:2][NVT-ts] nvt_ts_usb_plugin_work_func 205: ++
10-24 01:57:34.002   301   301 I .(6)[301:charger_thread]mtk_charger_start_timer: alarm timer start:0, 164 325444162
10-24 01:57:34.002   301   301 I         : -(6)[301:charger_thread]alarmtimer_enqueue, 164325444162
10-24 01:57:34.002   301   301 I         : .(6)[301:charger_thread][fgauge_read_current] final current=4039 (ratio=1000)
10-24 01:57:34.002   301   301 I         : .(6)[301:charger_thread][CH3_DBG] bat_cur = 4039
10-24 01:57:34.004   301   301 I .(6)[301:charger_thread]mt635x-auxadc mt-pmic: mt635x-auxadc: name:BAT_TEMP, channel=3, adc_out=0x734, adc_result=810
10-24 01:57:34.004   301   301 I         : .(6)[301:charger_thread][fgauge_read_current] final current=4061 (ratio=1000)
10-24 01:57:34.004   301   301 I         : .(6)[301:charger_thread][BattVoltToTemp] 803 100000 1800 -7
10-24 01:57:34.004   301   301 I         : .(6)[301:charger_thread][force_get_tbat] 810,803,1,406,100,296 r:75 100 0
10-24 01:57:34.005   301   301 I .(6)[301:charger_thread][force_get_tbat] t: 29 precise:296
10-24 01:57:34.005   301   301 I         : .(6)[301:charger_thread][fg_is_battery_exist] PMIC_RGS_BATON_UNDET = 1
10-24 01:57:34.005   301   301 I chatty  : uid=1036(auditd) identical 1 line
10-24 01:57:34.005   301   301 I         : .(6)[301:charger_thread][fg_is_battery_exist] PMIC_RGS_BATON_UNDET = 1
10-24 01:57:34.005   301   301 I         : .(6)[301:charger_thread][SW_JEITA] Battery Normal Temperature between 17 and 50 !!
10-24 01:57:34.005   301   301 I .(6)[301:charger_thread][SW_JEITA]preState: 3 newState:3 tmp:29 cv:4420000
10-24 01:57:34.005   301   301 I .(6)[301:charger_thread]mt635x-auxadc mt-pmic: mt635x-auxadc: name:VCDT, channel=2, adc_out=0x46a, adc_result=496
10-24 01:57:34.005   301   301 I .(6)[301:charger_thread]tmp: 29 (jeita:1 sm:3 cv:4420000 en:1) (sm:1) en:1 c:0 s:0 ov:0 1 1
10-24 01:57:34.005   301   301 I         : .(6)[301:charger_thread]mtk_switch_charging_run [1 0], timer=20
10-24 01:57:34.006   301   301 I         : .(6)[301:charger_thread][fgauge_read_current] final current=4042 (ratio=1000)
10-24 01:57:34.006   301   301 I         : .(6)[301:charger_thread][CH3_DBG] bat_cur = 4042
10-24 01:57:34.007   301   301 I         : .(6)[301:charger_thread][fgauge_read_current] final current=4042 (ratio=1000)
10-24 01:57:34.007   301   301 I         : .(6)[301:charger_thread][BattVoltToTemp] 803 100000 1800 -7
10-24 01:57:34.007   301   301 I         : .(6)[301:charger_thread][force_get_tbat] 810,803,1,404,100,296 r:75 100 0
10-24 01:57:34.007   301   301 I .(6)[301:charger_thread][force_get_tbat] t: 29 precise:296
10-24 01:57:34.007   301   301 I .(6)[301:charger_thread]pe40_ready: 0 hv:1 thermal:-1,-1 tmp:29,39,16 pps:0 en:0 ibus:0 80
10-24 01:57:34.007   301   301 I .(6)[301:charger_thread]mtk_pe20_start_algorithm: stop, PE+20 is not connected
10-24 01:57:34.007   301   301 I .(6)[301:charger_thread]mtk_pe_start_algorithm: stop, PE+ is not connected
10-24 01:57:34.007   301   301 I .(6)[301:charger_thread]mtk_pe_start_algorithm: vchr_org = 5000, vchr_after = 4711, delta = -289
10-24 01:57:34.007   301   301 I .(6)[301:charger_thread]force: 0 thermal:-1,-1 pe4:-1,-1,0 setting:500 500 type:1 usb_unlimited:0 usbif:0 usbsm:2 aicl:-1 atm:0
10-24 01:57:34.010   301   301 E .(6)[301:charger_thread][bq2560x]: bq2560x_set_ichg: [bq2560x_set_ichg] current has set!
10-24 01:57:34.010   301   301 I         : .(6)[301:charger_thread]enable_sw_jeita,current=500000
10-24 01:57:34.012   301   301 E .(6)[301:charger_thread][bq2560x]: bq2560x_charging: enable charger successfully
10-24 01:57:34.017   301   301 E .(5)[301:charger_thread][bq2560x]: bq2560x_charging: enable charger successfully
10-24 01:57:34.021   301   301 E .(5)[301:charger_thread][bq2560x]: bq2560x_dump_regs: Reg[00] = 0x64
10-24 01:57:34.021   301   301 E .(5)[301:charger_thread][bq2560x]: bq2560x_dump_regs: Reg[01] = 0x1a
10-24 01:57:34.021   301   301 E .(5)[301:charger_thread][bq2560x]: bq2560x_dump_regs: Reg[02] = 0x88
10-24 01:57:34.022   301   301 E .(5)[301:charger_thread][bq2560x]: bq2560x_dump_regs: Reg[03] = 0x23
10-24 01:57:34.022   301   301 E .(5)[301:charger_thread][bq2560x]: bq2560x_dump_regs: Reg[04] = 0x88
10-24 01:57:34.023   301   301 E .(5)[301:charger_thread][bq2560x]: bq2560x_dump_regs: Reg[05] = 0x87
10-24 01:57:34.024   301   301 E .(5)[301:charger_thread][bq2560x]: bq2560x_dump_regs: Reg[06] = 0x66
10-24 01:57:34.026   301   301 E .(5)[301:charger_thread][bq2560x]: bq2560x_dump_regs: Reg[07] = 0x4d
10-24 01:57:34.026   301   301 E .(5)[301:charger_thread][bq2560x]: bq2560x_dump_regs: Reg[08] = 0x54
10-24 01:57:34.026   301   301 E .(5)[301:charger_thread][bq2560x]: bq2560x_dump_regs: Reg[09] = 0x00
10-24 01:57:34.028   301   301 E .(5)[301:charger_thread][bq2560x]: bq2560x_dump_regs: Reg[0a] = 0xa3
10-24 01:57:34.029   301   301 E .(5)[301:charger_thread][bq2560x]: bq2560x_dump_regs: Reg[0b] = 0x14
10-24 01:57:34.048   515   515 E         : .(4)[515:kworker/4:2][NVT-ts] nvt_ts_usb_plugin_work_func 207: usb_plugged_in = 1
10-24 01:57:34.093   515   515 E         : .(4)[515:kworker/4:2][NVT-ts] nvt_ts_usb_plugin_work_func 232: --
10-24 01:57:34.182   342   342 W HidlServiceManagement: Waited one second for android.hardware.keymaster@4.0::IKeymasterDevice/default
10-24 01:57:34.183   331   331 I hwservicemanager: Since android.hardware.keymaster@4.0::IKeymasterDevice/default is not registered, trying to start it as a lazy HAL.
10-24 01:57:34.184   342   342 I HidlServiceManagement: getService: Trying again for android.hardware.keymaster@4.0::IKeymasterDevice/default...
10-24 01:57:34.185   331   750 W libc    : Unable to set property "ctl.interface_start" to "android.hardware.keymaster@4.0::IKeymasterDevice/default": error code: 0x20
10-24 01:57:34.771     1     1 I .(4)[1:init]: starting service 'teei_daemon'...
10-24 01:57:34.776     1     1 E .(4)[1:init]libprocessgroup: CgroupMap::FindController called for [1] failed, RC file was not initialized properly
10-24 01:57:34.777   751   751 E .(6)[751:init]libprocessgroup: CgroupMap::FindController called for [751] failed, RC file was not initialized properly
10-24 01:57:34.777   751   751 E .(6)[751:init]: cpuset cgroup controller is not mounted!
10-24 01:57:34.780   751   751 F linker  : CANNOT LINK EXECUTABLE "/sbin/teei_daemon": library "libimsg_log.so" not found: needed by main executable
10-24 01:57:34.786     1     1 I .(4)[1:init]: Service 'teei_daemon' (pid 751) exited with status 1
10-24 01:57:34.787     1     1 I .(4)[1:init]: Sending signal 9 to service 'teei_daemon' (pid 751) process group...
10-24 01:57:34.789     1     1 E .(4)[1:init]libprocessgroup: CgroupMap::FindController called for [1] failed, RC file was not initialized properly
10-24 01:57:34.790     1     1 E .(4)[1:init]libprocessgroup: CgroupMap::FindController called for [1] failed, RC file was not initialized properly
10-24 01:57:34.917     0     0 I         : -(6)[0:swapper/6]tick broadcast enter counter cpu: 285, 6, 0, 0, 91, 78, 52, 42, success counter cpu: 19, 1, 0, 0, 31, 18, 7, 10, fail counter cpu: 0, 0, 0, 0, 0, 0, 0, 0, interrupt counter cpu: 57, 6, 0, 0, 53, 31, 14, 16, o: 0-3,5,7, p: , f: 6, t:  155250788854, 155804000000, 164335522008, 164335510469, 155240926470, 155356000000, 155240000000, 155356000000,
10-24 01:57:35.002     1     1 E .(4)[1:init]libprocessgroup: Failed to kill process cgroup uid 0 pid 751 in 209ms, 1 processes remain
10-24 01:57:35.004     1     1 I .(5)[1:init]: starting service 'gatekeeper-1-0'...
10-24 01:57:35.020   753   753 F linker  : CANNOT LINK EXECUTABLE "/sbin/android.hardware.keymaster@4.0-service.beanpod": library "libkeymaster4.so" not found: needed by main executable
10-24 01:57:35.033   634   634 I         : .(4)[634:kworker/u16:6][Thermal/TZ/BTS]wakeup_ta_algo out of memory
10-24 01:57:35.033   102   102 W -(7)[102:kworker/u16:2]mt635x_auxadc_read_raw: 3 callbacks suppressed
10-24 01:57:35.033   102   102 I .(7)[102:kworker/u16:2]mt635x-auxadc mt-pmic: mt635x-auxadc: name:VPROC_TEMP, channel=4, adc_out=0x5ed, adc_result=666
10-24 01:57:35.034   251   251 I .(5)[251:kworker/u16:5]mt635x-auxadc mt-pmic: mt635x-auxadc: name:VCORE_TEMP, channel=4, adc_out=0x5f6, adc_result=670
10-24 01:57:35.037   102   102 I         : .(7)[102:kworker/u16:2][fgauge_read_current] final current=3951 (ratio=1000)
10-24 01:57:35.037   102   102 I         : .(7)[102:kworker/u16:2][CH3_DBG] bat_cur = 3951
10-24 01:57:35.038   752   752 E cutils-trace: Error opening trace file: No such file or directory (2)
10-24 01:57:35.038   102   102 I .(7)[102:kworker/u16:2]mt635x-auxadc mt-pmic: mt635x-auxadc: name:BAT_TEMP, channel=3, adc_out=0x733, adc_result=809
10-24 01:57:35.038   102   102 I         : .(7)[102:kworker/u16:2][fgauge_read_current] final current=3951 (ratio=1000)
10-24 01:57:35.038   102   102 I         : .(7)[102:kworker/u16:2][BattVoltToTemp] 803 100000 1800 -6
10-24 01:57:35.038   102   102 I         : .(7)[102:kworker/u16:2][force_get_tbat] 809,803,1,395,100,296 r:75 100 0
10-24 01:57:35.038   102   102 I .(7)[102:kworker/u16:2][force_get_tbat] t: 29 precise:296
10-24 01:57:35.038   331   331 I hwservicemanager: getFrameworkHalManifest: Reading VINTF information.
10-24 01:57:35.038   331   331 W hwservicemanager: Cannot fetch /system/etc/vintf/manifest.xml: Cannot read /system/etc/vintf/manifest.xml: No such file or directory
10-24 01:57:35.038   331   331 E hwservicemanager: getFrameworkHalManifest: status from fetching VINTF information: -2
10-24 01:57:35.038   331   331 E hwservicemanager: getFrameworkHalManifest: -2 VINTF parse error: Cannot read /system/manifest.xml: No such file or directory
10-24 01:57:35.039   752   752 E HidlServiceManagement: getService: Potential race detected. The VINTF manifest is not being enforced. If a HAL server has a delay in starting and it is not in the manifest, it will not be retrieved. Please make sure all HALs on this device are in the VINTF manifest and enable PRODUCT_ENFORCE_VINTF_MANIFEST on this device (this is also enabled by PRODUCT_FULL_TREBLE). PRODUCT_ENFORCE_VINTF_MANIFEST will ensure that no race condition is possible here.
10-24 01:57:35.184   342   342 W HidlServiceManagement: Waited one second for android.hardware.keymaster@4.0::IKeymasterDevice/default
10-24 01:57:35.185   331   331 I hwservicemanager: Since android.hardware.keymaster@4.0::IKeymasterDevice/default is not registered, trying to start it as a lazy HAL.
10-24 01:57:35.186   342   342 I HidlServiceManagement: getService: Trying again for android.hardware.keymaster@4.0::IKeymasterDevice/default...
10-24 01:57:35.230   331   754 W libc    : Unable to set property "ctl.interface_start" to "android.hardware.keymaster@4.0::IKeymasterDevice/default": error code: 0x20
10-24 01:57:36.040   752   752 E android.hardware.gatekeeper@1.0-service: Could not get passthrough implementation for android.hardware.gatekeeper@1.0::IGatekeeper/default.
10-24 01:57:36.186   342   342 W HidlServiceManagement: Waited one second for android.hardware.keymaster@4.0::IKeymasterDevice/default
10-24 01:57:36.187   331   331 I hwservicemanager: Since android.hardware.keymaster@4.0::IKeymasterDevice/default is not registered, trying to start it as a lazy HAL.
10-24 01:57:36.188   342   342 I HidlServiceManagement: getService: Trying again for android.hardware.keymaster@4.0::IKeymasterDevice/default...
10-24 01:57:36.255   331   755 W libc    : Unable to set property "ctl.interface_start" to "android.hardware.keymaster@4.0::IKeymasterDevice/default": error code: 0x20
10-24 01:57:36.653     0     0 I .(0)[0:swapper/0]Power/swap DP: No enter --- SODI3: No enter --- SODI: No enter ---
10-24 01:57:36.654     0     0 I .(0)[0:swapper/0]mcdi cpu: 285, 7, 0, 0, 57, 85, 64, 67, cluster : 289, 60, pause = 325, multi core = 14, latency = 0, residency = 3, last core = 325, avail cpu = 00ff, cluster = 0003, enabled = 1, max_s_state = 5, system_idle_hint = 00000000
10-24 01:57:37.188   342   342 W HidlServiceManagement: Waited one second for android.hardware.keymaster@4.0::IKeymasterDevice/default
10-24 01:57:37.189   331   331 I hwservicemanager: Since android.hardware.keymaster@4.0::IKeymasterDevice/default is not registered, trying to start it as a lazy HAL.
10-24 01:57:37.190   342   342 I HidlServiceManagement: getService: Trying again for android.hardware.keymaster@4.0::IKeymasterDevice/default...
10-24 01:57:37.191   331   756 W libc    : Unable to set property "ctl.interface_start" to "android.hardware.keymaster@4.0::IKeymasterDevice/default": error code: 0x20
10-24 01:57:38.105   634   634 I .(5)[634:kworker/u16:6][SCP] scp_ipi_send: SCP A not ready
10-24 01:57:38.106   634   634 E         : .(5)[634:kworker/u16:6][sensorHub] scp_ipi_send fail
10-24 01:57:38.107   246   246 E         : .(1)[246:kworker/1:2][sensorHub] scp_sensorHub_req_send fail!
10-24 01:57:38.190   342   342 W HidlServiceManagement: Waited one second for android.hardware.keymaster@4.0::IKeymasterDevice/default
10-24 01:57:38.191   331   331 I hwservicemanager: Since android.hardware.keymaster@4.0::IKeymasterDevice/default is not registered, trying to start it as a lazy HAL.
10-24 01:57:38.192   342   342 I HidlServiceManagement: getService: Trying again for android.hardware.keymaster@4.0::IKeymasterDevice/default...
10-24 01:57:38.194   331   757 W libc    : Unable to set property "ctl.interface_start" to "android.hardware.keymaster@4.0::IKeymasterDevice/default": error code: 0x20
10-24 01:57:38.455   104   104 I         : .(5)[104:pmic_thread][PMIC] [PMIC_INT] Reg[0x91a]=0x1
10-24 01:57:38.684   104   104 I         : .(5)[104:pmic_thread][PMIC] [PMIC_INT] Reg[0x91a]=0x4
10-24 01:57:39.193   342   342 W HidlServiceManagement: Waited one second for android.hardware.keymaster@4.0::IKeymasterDevice/default
10-24 01:57:39.193   331   331 I hwservicemanager: Since android.hardware.keymaster@4.0::IKeymasterDevice/default is not registered, trying to start it as a lazy HAL.
